Component: ARM Compiler 5.06 update 6 (build 750) Tool: armlink [4d35ed]

==============================================================================

Section Cross References

    at32f403a_407_clock.o(i.system_clock_config) refers to at32f403a_407_crm.o(i.crm_reset) for crm_reset
    at32f403a_407_clock.o(i.system_clock_config) refers to at32f403a_407_crm.o(i.crm_clock_source_enable) for crm_clock_source_enable
    at32f403a_407_clock.o(i.system_clock_config) refers to at32f403a_407_crm.o(i.crm_hext_stable_wait) for crm_hext_stable_wait
    at32f403a_407_clock.o(i.system_clock_config) refers to at32f403a_407_crm.o(i.crm_pll_config) for crm_pll_config
    at32f403a_407_clock.o(i.system_clock_config) refers to at32f403a_407_crm.o(i.crm_hext_clock_div_set) for crm_hext_clock_div_set
    at32f403a_407_clock.o(i.system_clock_config) refers to at32f403a_407_crm.o(i.crm_flag_get) for crm_flag_get
    at32f403a_407_clock.o(i.system_clock_config) refers to at32f403a_407_crm.o(i.crm_ahb_div_set) for crm_ahb_div_set
    at32f403a_407_clock.o(i.system_clock_config) refers to at32f403a_407_crm.o(i.crm_apb2_div_set) for crm_apb2_div_set
    at32f403a_407_clock.o(i.system_clock_config) refers to at32f403a_407_crm.o(i.crm_apb1_div_set) for crm_apb1_div_set
    at32f403a_407_clock.o(i.system_clock_config) refers to at32f403a_407_crm.o(i.crm_auto_step_mode_enable) for crm_auto_step_mode_enable
    at32f403a_407_clock.o(i.system_clock_config) refers to at32f403a_407_crm.o(i.crm_sysclk_switch) for crm_sysclk_switch
    at32f403a_407_clock.o(i.system_clock_config) refers to at32f403a_407_crm.o(i.crm_sysclk_switch_status_get) for crm_sysclk_switch_status_get
    at32f403a_407_clock.o(i.system_clock_config) refers to system_at32f403a_407.o(i.system_core_clock_update) for system_core_clock_update
    main.o(i.SetupHardware) refers to at32f403a_407_misc.o(i.nvic_priority_group_config) for nvic_priority_group_config
    main.o(i.SetupHardware) refers to at32f403a_407_clock.o(i.system_clock_config) for system_clock_config
    main.o(i.SetupHardware) refers to at32f403a_407_board.o(i.dwt_delay_init) for dwt_delay_init
    main.o(i.SetupHardware) refers to at32f403a_407_board.o(i.at32_led_init) for at32_led_init
    main.o(i.SetupHardware) refers to at32f403a_407_board.o(i.at32_led_on) for at32_led_on
    main.o(i.SetupHardware) refers to at32f403a_407_board.o(i.at32_key_init) for at32_key_init
    main.o(i.SetupHardware) refers to adc.o(i.ADC_INIT) for ADC_INIT
    main.o(i.SetupHardware) refers to timer.o(i.TMR1_Init) for TMR1_Init
    main.o(i.SetupHardware) refers to at32f403a_407_board.o(i.dwt_delay_ms) for dwt_delay_ms
    main.o(i.SetupHardware) refers to esp8266.o(i.esp8266_Init) for esp8266_Init
    main.o(i.SetupHardware) refers to oled.o(i.OLED_Init) for OLED_Init
    main.o(i.main) refers to main.o(i.SetupHardware) for SetupHardware
    main.o(i.main) refers to tasks.o(i.xTaskCreate) for xTaskCreate
    main.o(i.main) refers to tasks.o(i.vTaskStartScheduler) for vTaskStartScheduler
    main.o(i.main) refers to main.o(i.start_task_function) for start_task_function
    main.o(i.sStateFault_task_function) refers to tasks.o(i.ulTaskGenericNotifyTake) for ulTaskGenericNotifyTake
    main.o(i.sStateFault_task_function) refers to at32f403a_407_board.o(i.at32_led_on) for at32_led_on
    main.o(i.sStateFault_task_function) refers to at32f403a_407_board.o(i.at32_led_off) for at32_led_off
    main.o(i.sStateFault_task_function) refers to at32f403a_407_tmr.o(i.tmr_interrupt_enable) for tmr_interrupt_enable
    main.o(i.sStateFault_task_function) refers to at32f403a_407_tmr.o(i.tmr_channel_enable) for tmr_channel_enable
    main.o(i.sStateFault_task_function) refers to segger_rtt_printf.o(i.SEGGER_RTT_printf) for SEGGER_RTT_printf
    main.o(i.sStateFault_task_function) refers to ctlloop.o(i.LoopFaultBack) for LoopFaultBack
    main.o(i.sStateFault_task_function) refers to at32f403a_407_board.o(i.Key_Scan) for Key_Scan
    main.o(i.sStateFault_task_function) refers to tasks.o(i.xTaskGenericNotify) for xTaskGenericNotify
    main.o(i.sStateFault_task_function) refers to tasks.o(i.vTaskDelay) for vTaskDelay
    main.o(i.sStateFault_task_function) refers to charge.o(.data) for gMy_Battry
    main.o(i.sStateFault_task_function) refers to ctlloop.o(.data) for loop_err
    main.o(i.sStateFault_task_function) refers to esp8266.o(.data) for Netbutton
    main.o(i.sStateFault_task_function) refers to main.o(.data) for DeviceSwitch
    main.o(i.sStateInit_task_function) refers to tasks.o(i.vTaskDelay) for vTaskDelay
    main.o(i.sStateInit_task_function) refers to at32f403a_407_board.o(i.Key_Scan) for Key_Scan
    main.o(i.sStateInit_task_function) refers to ctlloop.o(i.ExcursionCheck) for ExcursionCheck
    main.o(i.sStateInit_task_function) refers to ctlloop.o(i.LoopFaultCheck) for LoopFaultCheck
    main.o(i.sStateInit_task_function) refers to tasks.o(i.xTaskGenericNotify) for xTaskGenericNotify
[...]
    uart_tx_buf                              0x20000360   Data         256  esp8266.o(.bss)
    uart_tx_temp                             0x20000460   Data         256  esp8266.o(.bss)
    .bss                                     0x200006f6   Section     1024  oled.o(.bss)
    OLED_buffer                              0x200006f6   Data        1024  oled.o(.bss)
    .bss                                     0x20000af8   Section     1208  segger_rtt.o(.bss)
    _acUpBuffer                              0x20000ba0   Data        1024  segger_rtt.o(.bss)
    _acDownBuffer                            0x20000fa0   Data          16  segger_rtt.o(.bss)
    .bss                                     0x20000fb0   Section     1291  segger_sysview.o(.bss)
    _UpBuffer                                0x20000fb0   Data        1024  segger_sysview.o(.bss)
    _SYSVIEW_Globals                         0x200013b0   Data          40  segger_sysview.o(.bss)
    _aPacket                                 0x200013d8   Data         227  segger_sysview.o(.bss)
    .bss                                     0x200014bc   Section      160  segger_sysview_freertos.o(.bss)
    _aTasks                                  0x200014bc   Data         160  segger_sysview_freertos.o(.bss)
    .bss                                     0x2000155c   Section      200  tasks.o(.bss)
    pxReadyTasksLists                        0x2000155c   Data         100  tasks.o(.bss)
    xDelayedTaskList1                        0x200015c0   Data          20  tasks.o(.bss)
    xDelayedTaskList2                        0x200015d4   Data          20  tasks.o(.bss)
    xPendingReadyList                        0x200015e8   Data          20  tasks.o(.bss)
    xTasksWaitingTermination                 0x200015fc   Data          20  tasks.o(.bss)
    xSuspendedTaskList                       0x20001610   Data          20  tasks.o(.bss)
    .bss                                     0x20001624   Section     8192  heap_4.o(.bss)
    ucHeap                                   0x20001624   Data        8192  heap_4.o(.bss)
    .bss                                     0x20003624   Section       96  libspace.o(.bss)
    HEAP                                     0x20003688   Section     2048  startup_at32f403a_407.o(HEAP)
    Heap_Mem                                 0x20003688   Data        2048  startup_at32f403a_407.o(HEAP)
    STACK                                    0x20003e88   Section     2048  startup_at32f403a_407.o(STACK)
    Stack_Mem                                0x20003e88   Data        2048  startup_at32f403a_407.o(STACK)
    __initial_sp                             0x20004688   Data           0  startup_at32f403a_407.o(STACK)

    Global Symbols

    Symbol Name                              Value     Ov Type        Size  Object(Section)

    BuildAttributes$$THM_ISAv4$E$P$D$K$B$S$7EM$VFPi3$EXTD16$VFPS$VFMA$PE$A:L22UL41UL21$X:L11$S22US41US21$IEEE1$IW$USESV6$~STKCKD$USESV7$~SHL$OSPACE$ROPI$EBA8$UX$STANDARDLIB$REQ8$PRES8$EABIv2 0x00000000   Number         0  anon$$obj.o ABSOLUTE
    __ARM_use_no_argv                        0x00000000   Number         0  main.o ABSOLUTE
    __ARM_exceptions_init                     - Undefined Weak Reference
    __alloca_initialize                       - Undefined Weak Reference
    __arm_preinit_                            - Undefined Weak Reference
    __cpp_initialize__aeabi_                  - Undefined Weak Reference
    __cxa_finalize                            - Undefined Weak Reference
    __rt_locale                               - Undefined Weak Reference
    __sigvec_lookup                           - Undefined Weak Reference
    _atexit_init                              - Undefined Weak Reference
    _call_atexit_fns                          - Undefined Weak Reference
    _clock_init                               - Undefined Weak Reference
    _fp_trap_init                             - Undefined Weak Reference
    _fp_trap_shutdown                         - Undefined Weak Reference
    _get_lc_collate                           - Undefined Weak Reference
    _get_lc_ctype                             - Undefined Weak Reference
    _get_lc_monetary                          - Undefined Weak Reference
    _get_lc_numeric                           - Undefined Weak Reference
    _get_lc_time                              - Undefined Weak Reference
    _getenv_init                              - Undefined Weak Reference
    _handle_redirection                       - Undefined Weak Reference
    _init_alloc                               - Undefined Weak Reference
    _init_user_alloc                          - Undefined Weak Reference
    _initio                                   - Undefined Weak Reference
    _rand_init                                - Undefined Weak Reference
    _signal_finish                            - Undefined Weak Reference
    _signal_init                              - Undefined Weak Reference
    _terminate_alloc                          - Undefined Weak Reference
    _terminate_user_alloc                     - Undefined Weak Reference
    _terminateio                              - Undefined Weak Reference
    __Vectors_Size                           0x00000184   Number         0  startup_at32f403a_407.o ABSOLUTE
    __Vectors                                0x08000000   Data           4  startup_at32f403a_407.o(RESET)
    __Vectors_End                            0x08000184   Data           0  startup_at32f403a_407.o(RESET)
    __main                                   0x08000185   Thumb Code     8  __main.o(!!!main)
    __scatterload                            0x0800018d   Thumb Code     0  __scatter.o(!!!scatter)
    __scatterload_rt2                        0x0800018d   Thumb Code    44  __scatter.o(!!!scatter)
    __scatterload_rt2_thumb_only             0x0800018d   Thumb Code     0  __scatter.o(!!!scatter)
    __scatterload_null                       0x0800019b   Thumb Code     0  __scatter.o(!!!scatter)
    __decompress                             0x080001c1   Thumb Code    90  __dczerorl2.o(!!dczerorl2)
    __decompress1                            0x080001c1   Thumb Code     0  __dczerorl2.o(!!dczerorl2)
    __scatterload_zeroinit                   0x0800021d   Thumb Code    28  __scatter_zi.o(!!handler_zi)
    __rt_lib_init                            0x08000239   Thumb Code     0  libinit.o(.ARM.Collect$$libinit$$00000000)
    __rt_lib_init_fp_1                       0x0800023b   Thumb Code     0  libinit2.o(.ARM.Collect$$libinit$$00000001)
    __rt_lib_init_alloca_1                   0x0800023f   Thumb Code     0  libinit2.o(.ARM.Collect$$libinit$$0000002E)
    __rt_lib_init_argv_1                     0x0800023f   Thumb Code     0  libinit2.o(.ARM.Collect$$libinit$$0000002C)
    __rt_lib_init_atexit_1                   0x0800023f   Thumb Code     0  libinit2.o(.ARM.Collect$$libinit$$0000001B)
    __rt_lib_init_clock_1                    0x0800023f   Thumb Code     0  libinit2.o(.ARM.Collect$$libinit$$00000021)
    __rt_lib_init_cpp_1                      0x0800023f   Thumb Code     0  libinit2.o(.ARM.Collect$$libinit$$00000032)
    __rt_lib_init_exceptions_1               0x0800023f   Thumb Code     0  libinit2.o(.ARM.Collect$$libinit$$00000030)
    __rt_lib_init_fp_trap_1                  0x0800023f   Thumb Code     0  libinit2.o(.ARM.Collect$$libinit$$0000001F)
    __rt_lib_init_getenv_1                   0x0800023f   Thumb Code     0  libinit2.o(.ARM.Collect$$libinit$$00000023)
    __rt_lib_init_heap_1                     0x0800023f   Thumb Code     0  libinit2.o(.ARM.Collect$$libinit$$0000000A)
    __rt_lib_init_lc_collate_1               0x0800023f   Thumb Code     0  libinit2.o(.ARM.Collect$$libinit$$00000011)
    __rt_lib_init_lc_ctype_1                 0x0800023f   Thumb Code     0  libinit2.o(.ARM.Collect$$libinit$$00000013)
    __rt_lib_init_lc_monetary_1              0x0800023f   Thumb Code     0  libinit2.o(.ARM.Collect$$libinit$$00000015)
    __rt_lib_init_lc_numeric_1               0x0800023f   Thumb Code     0  libinit2.o(.ARM.Collect$$libinit$$00000017)
    __rt_lib_init_lc_time_1                  0x0800023f   Thumb Code     0  libinit2.o(.ARM.Collect$$libinit$$00000019)
    __rt_lib_init_preinit_1                  0x0800023f   Thumb Code     0  libinit2.o(.ARM.Collect$$libinit$$00000004)
    __rt_lib_init_rand_1                     0x0800023f   Thumb Code     0  libinit2.o(.ARM.Collect$$libinit$$0000000E)
    __rt_lib_init_return                     0x0800023f   Thumb Code     0  libinit2.o(.ARM.Collect$$libinit$$00000033)
    __rt_lib_init_signal_1                   0x0800023f   Thumb Code     0  libinit2.o(.ARM.Collect$$libinit$$0000001D)
    __rt_lib_init_stdio_1                    0x0800023f   Thumb Code     0  libinit2.o(.ARM.Collect$$libinit$$00000025)
    __rt_lib_init_user_alloc_1               0x0800023f   Thumb Code     0  libinit2.o(.ARM.Collect$$libinit$$0000000C)
    __rt_lib_shutdown                        0x08000241   Thumb Code     0  libshutdown.o(.ARM.Collect$$libshutdown$$00000000)
    __rt_lib_shutdown_cpp_1                  0x08000243   Thumb Code     0  libshutdown2.o(.ARM.Collect$$libshutdown$$00000002)
    __rt_lib_shutdown_fp_trap_1              0x08000243   Thumb Code     0  libshutdown2.o(.ARM.Collect$$libshutdown$$00000007)
    __rt_lib_shutdown_heap_1                 0x08000243   Thumb Code     0  libshutdown2.o(.ARM.Collect$$libshutdown$$0000000F)
    __rt_lib_shutdown_return                 0x08000243   Thumb Code     0  libshutdown2.o(.ARM.Collect$$libshutdown$$00000010)
    __rt_lib_shutdown_signal_1               0x08000243   Thumb Code     0  libshutdown2.o(.ARM.Collect$$libshutdown$$0000000A)
    __rt_lib_shutdown_stdio_1                0x08000243   Thumb Code     0  libshutdown2.o(.ARM.Collect$$libshutdown$$00000004)
    __rt_lib_shutdown_user_alloc_1           0x08000243   Thumb Code     0  libshutdown2.o(.ARM.Collect$$libshutdown$$0000000C)
    __rt_entry                               0x08000245   Thumb Code     0  __rtentry.o(.ARM.Collect$$rtentry$$00000000)
    __rt_entry_presh_1                       0x08000245   Thumb Code     0  __rtentry2.o(.ARM.Collect$$rtentry$$00000002)
    __rt_entry_sh                            0x08000245   Thumb Code     0  __rtentry4.o(.ARM.Collect$$rtentry$$00000004)
    __rt_entry_li                            0x0800024b   Thumb Code     0  __rtentry2.o(.ARM.Collect$$rtentry$$0000000A)
    __rt_entry_postsh_1                      0x0800024b   Thumb Code     0  __rtentry2.o(.ARM.Collect$$rtentry$$00000009)
    __rt_entry_main                          0x0800024f   Thumb Code     0  __rtentry2.o(.ARM.Collect$$rtentry$$0000000D)
    __rt_entry_postli_1                      0x0800024f   Thumb Code     0  __rtentry2.o(.ARM.Collect$$rtentry$$0000000C)
    __rt_exit                                0x08000257   Thumb Code     0  rtexit.o(.ARM.Collect$$rtexit$$00000000)
    __rt_exit_ls                             0x08000259   Thumb Code     0  rtexit2.o(.ARM.Collect$$rtexit$$00000003)
    __rt_exit_prels_1                        0x08000259   Thumb Code     0  rtexit2.o(.ARM.Collect$$rtexit$$00000002)
    __rt_exit_exit                           0x0800025d   Thumb Code     0  rtexit2.o(.ARM.Collect$$rtexit$$00000004)
    SVC_Handler                              0x08000265   Thumb Code    28  include_port.o(.emb_text)
    __asm___14_include_port_c_39a90d8d__prvStartFirstTask 0x08000285   Thumb Code    36  include_port.o(.emb_text)
    __asm___14_include_port_c_39a90d8d__prvEnableVFP 0x080002ad   Thumb Code    16  include_port.o(.emb_text)
    PendSV_Handler                           0x080002c1   Thumb Code    88  include_port.o(.emb_text)
    vPortGetIPSR                             0x0800031d   Thumb Code     6  include_port.o(.emb_text)
    Reset_Handler                            0x08000325   Thumb Code     8  startup_at32f403a_407.o(.text)
    ACC_IRQHandler                           0x0800033f   Thumb Code     0  startup_at32f403a_407.o(.text)
    ADC1_2_IRQHandler                        0x0800033f   Thumb Code     0  startup_at32f403a_407.o(.text)
    ADC3_IRQHandler                          0x0800033f   Thumb Code     0  startup_at32f403a_407.o(.text)
    CAN1_RX1_IRQHandler                      0x0800033f   Thumb Code     0  startup_at32f403a_407.o(.text)
    CAN1_SE_IRQHandler                       0x0800033f   Thumb Code     0  startup_at32f403a_407.o(.text)
    CAN2_RX0_IRQHandler                      0x0800033f   Thumb Code     0  startup_at32f403a_407.o(.text)
    CAN2_RX1_IRQHandler                      0x0800033f   Thumb Code     0  startup_at32f403a_407.o(.text)
    CAN2_SE_IRQHandler                       0x0800033f   Thumb Code     0  startup_at32f403a_407.o(.text)
    CAN2_TX_IRQHandler                       0x0800033f   Thumb Code     0  startup_at32f403a_407.o(.text)
    CRM_IRQHandler                           0x0800033f   Thumb Code     0  startup_at32f403a_407.o(.text)
    DMA1_Channel1_IRQHandler                 0x0800033f   Thumb Code     0  startup_at32f403a_407.o(.text)
    DMA1_Channel2_IRQHandler                 0x0800033f   Thumb Code     0  startup_at32f403a_407.o(.text)
    DMA1_Channel3_IRQHandler                 0x0800033f   Thumb Code     0  startup_at32f403a_407.o(.text)
    DMA1_Channel4_IRQHandler                 0x0800033f   Thumb Code     0  startup_at32f403a_407.o(.text)
    DMA1_Channel5_IRQHandler                 0x0800033f   Thumb Code     0  startup_at32f403a_407.o(.text)
    DMA1_Channel6_IRQHandler                 0x0800033f   Thumb Code     0  startup_at32f403a_407.o(.text)
    DMA1_Channel7_IRQHandler                 0x0800033f   Thumb Code     0  startup_at32f403a_407.o(.text)
    DMA2_Channel1_IRQHandler                 0x0800033f   Thumb Code     0  startup_at32f403a_407.o(.text)
    DMA2_Channel2_IRQHandler                 0x0800033f   Thumb Code     0  startup_at32f403a_407.o(.text)
    DMA2_Channel3_IRQHandler                 0x0800033f   Thumb Code     0  startup_at32f403a_407.o(.text)
    DMA2_Channel4_5_IRQHandler               0x0800033f   Thumb Code     0  startup_at32f403a_407.o(.text)
    DMA2_Channel6_7_IRQHandler               0x0800033f   Thumb Code     0  startup_at32f403a_407.o(.text)
    EMAC_IRQHandler                          0x0800033f   Thumb Code     0  startup_at32f403a_407.o(.text)
    EMAC_WKUP_IRQHandler                     0x0800033f   Thumb Code     0  startup_at32f403a_407.o(.text)
    EXINT0_IRQHandler                        0x0800033f   Thumb Code     0  startup_at32f403a_407.o(.text)
    EXINT15_10_IRQHandler                    0x0800033f   Thumb Code     0  startup_at32f403a_407.o(.text)
    EXINT1_IRQHandler                        0x0800033f   Thumb Code     0  startup_at32f403a_407.o(.text)
    EXINT2_IRQHandler                        0x0800033f   Thumb Code     0  startup_at32f403a_407.o(.text)
    EXINT3_IRQHandler                        0x0800033f   Thumb Code     0  startup_at32f403a_407.o(.text)
    EXINT4_IRQHandler                        0x0800033f   Thumb Code     0  startup_at32f403a_407.o(.text)
    EXINT9_5_IRQHandler                      0x0800033f   Thumb Code     0  startup_at32f403a_407.o(.text)
    FLASH_IRQHandler                         0x0800033f   Thumb Code     0  startup_at32f403a_407.o(.text)
    I2C1_ERR_IRQHandler                      0x0800033f   Thumb Code     0  startup_at32f403a_407.o(.text)
    I2C1_EVT_IRQHandler                      0x0800033f   Thumb Code     0  startup_at32f403a_407.o(.text)
    I2C2_ERR_IRQHandler                      0x0800033f   Thumb Code     0  startup_at32f403a_407.o(.text)
    I2C2_EVT_IRQHandler                      0x0800033f   Thumb Code     0  startup_at32f403a_407.o(.text)
    I2C3_ERR_IRQHandler                      0x0800033f   Thumb Code     0  startup_at32f403a_407.o(.text)
    I2C3_EVT_IRQHandler                      0x0800033f   Thumb Code     0  startup_at32f403a_407.o(.text)
    PVM_IRQHandler                           0x0800033f   Thumb Code     0  startup_at32f403a_407.o(.text)
    RTCAlarm_IRQHandler                      0x0800033f   Thumb Code     0  startup_at32f403a_407.o(.text)
    RTC_IRQHandler                           0x0800033f   Thumb Code     0  startup_at32f403a_407.o(.text)
    SDIO1_IRQHandler                         0x0800033f   Thumb Code     0  startup_at32f403a_407.o(.text)
    SDIO2_IRQHandler                         0x0800033f   Thumb Code     0  startup_at32f403a_407.o(.text)
    SPI1_IRQHandler                          0x0800033f   Thumb Code     0  startup_at32f403a_407.o(.text)
    SPI2_I2S2EXT_IRQHandler                  0x0800033f   Thumb Code     0  startup_at32f403a_407.o(.text)
    SPI3_I2S3EXT_IRQHandler                  0x0800033f   Thumb Code     0  startup_at32f403a_407.o(.text)
    SPI4_IRQHandler                          0x0800033f   Thumb Code     0  startup_at32f403a_407.o(.text)
    TAMPER_IRQHandler                        0x0800033f   Thumb Code     0  startup_at32f403a_407.o(.text)
    TMR1_BRK_TMR9_IRQHandler                 0x0800033f   Thumb Code     0  startup_at32f403a_407.o(.text)
    TMR1_CH_IRQHandler                       0x0800033f   Thumb Code     0  startup_at32f403a_407.o(.text)
    TMR1_TRG_HALL_TMR11_IRQHandler           0x0800033f   Thumb Code     0  startup_at32f403a_407.o(.text)
    TMR2_GLOBAL_IRQHandler                   0x0800033f   Thumb Code     0  startup_at32f403a_407.o(.text)
    TMR3_GLOBAL_IRQHandler                   0x0800033f   Thumb Code     0  startup_at32f403a_407.o(.text)
    TMR4_GLOBAL_IRQHandler                   0x0800033f   Thumb Code     0  startup_at32f403a_407.o(.text)
    TMR5_GLOBAL_IRQHandler                   0x0800033f   Thumb Code     0  startup_at32f403a_407.o(.text)
    TMR6_GLOBAL_IRQHandler                   0x0800033f   Thumb Code     0  startup_at32f403a_407.o(.text)
    TMR7_GLOBAL_IRQHandler                   0x0800033f   Thumb Code     0  startup_at32f403a_407.o(.text)
    TMR8_BRK_TMR12_IRQHandler                0x0800033f   Thumb Code     0  startup_at32f403a_407.o(.text)
    TMR8_CH_IRQHandler                       0x0800033f   Thumb Code     0  startup_at32f403a_407.o(.text)
    TMR8_OVF_TMR13_IRQHandler                0x0800033f   Thumb Code     0  startup_at32f403a_407.o(.text)
    TMR8_TRG_HALL_TMR14_IRQHandler           0x0800033f   Thumb Code     0  startup_at32f403a_407.o(.text)
    UART4_IRQHandler                         0x0800033f   Thumb Code     0  startup_at32f403a_407.o(.text)
    UART5_IRQHandler                         0x0800033f   Thumb Code     0  startup_at32f403a_407.o(.text)
    UART7_IRQHandler                         0x0800033f   Thumb Code     0  startup_at32f403a_407.o(.text)
    UART8_IRQHandler                         0x0800033f   Thumb Code     0  startup_at32f403a_407.o(.text)
    USART2_IRQHandler                        0x0800033f   Thumb Code     0  startup_at32f403a_407.o(.text)
    USART3_IRQHandler                        0x0800033f   Thumb Code     0  startup_at32f403a_407.o(.text)
    USART6_IRQHandler                        0x0800033f   Thumb Code     0  startup_at32f403a_407.o(.text)
    USBFSWakeUp_IRQHandler                   0x0800033f   Thumb Code     0  startup_at32f403a_407.o(.text)
    USBFS_H_CAN1_TX_IRQHandler               0x0800033f   Thumb Code     0  startup_at32f403a_407.o(.text)
    USBFS_L_CAN1_RX0_IRQHandler              0x0800033f   Thumb Code     0  startup_at32f403a_407.o(.text)
    USBFS_MAPH_IRQHandler                    0x0800033f   Thumb Code     0  startup_at32f403a_407.o(.text)
    USBFS_MAPL_IRQHandler                    0x0800033f   Thumb Code     0  startup_at32f403a_407.o(.text)
    WWDT_IRQHandler                          0x0800033f   Thumb Code     0  startup_at32f403a_407.o(.text)
    XMC_IRQHandler                           0x0800033f   Thumb Code     0  startup_at32f403a_407.o(.text)
    __user_initial_stackheap                 0x08000341   Thumb Code     0  startup_at32f403a_407.o(.text)
    __use_no_semihosting                     0x08000365   Thumb Code     2  use_no_semi_2.o(.text)
    putchar                                  0x08000369   Thumb Code     6  putchar.o(.text)
    strtok                                   0x08000375   Thumb Code     6  strtok.o(.text)
    strstr                                   0x08000381   Thumb Code    36  strstr.o(.text)
    memcmp                                   0x080003a5   Thumb Code    88  memcmp.o(.text)
    strlen                                   0x080003fd   Thumb Code    62  strlen.o(.text)
    strncmp                                  0x0800043b   Thumb Code   150  strncmp.o(.text)
    __aeabi_memcpy                           0x080004d1   Thumb Code     0  rt_memcpy_v6.o(.text)
    __rt_memcpy                              0x080004d1   Thumb Code   138  rt_memcpy_v6.o(.text)
    _memcpy_lastbytes                        0x08000537   Thumb Code     0  rt_memcpy_v6.o(.text)
    __aeabi_memclr                           0x0800055b   Thumb Code     0  rt_memclr.o(.text)
    __rt_memclr                              0x0800055b   Thumb Code    68  rt_memclr.o(.text)
    _memset                                  0x0800055f   Thumb Code     0  rt_memclr.o(.text)
    __aeabi_memclr4                          0x0800059f   Thumb Code     0  rt_memclr_w.o(.text)
    __aeabi_memclr8                          0x0800059f   Thumb Code     0  rt_memclr_w.o(.text)
    __rt_memclr_w                            0x0800059f   Thumb Code    78  rt_memclr_w.o(.text)
    _memset_w                                0x080005a3   Thumb Code     0  rt_memclr_w.o(.text)
    strcmp                                   0x080005ed   Thumb Code   128  strcmpv7m.o(.text)
    __use_two_region_memory                  0x0800066d   Thumb Code     2  heapauxi.o(.text)
    __rt_heap_escrow$2region                 0x0800066f   Thumb Code     2  heapauxi.o(.text)
    __rt_heap_expand$2region                 0x08000671   Thumb Code     2  heapauxi.o(.text)
    __I$use$semihosting                      0x08000673   Thumb Code     0  use_no_semi.o(.text)
    __use_no_semihosting_swi                 0x08000673   Thumb Code     2  use_no_semi.o(.text)
    __strtok_internal                        0x08000675   Thumb Code    64  strtok_int.o(.text)
    __aeabi_memcpy4                          0x080006b9   Thumb Code     0  rt_memcpy_w.o(.text)
    __aeabi_memcpy8                          0x080006b9   Thumb Code     0  rt_memcpy_w.o(.text)
    __rt_memcpy_w                            0x080006b9   Thumb Code   100  rt_memcpy_w.o(.text)
    _memcpy_lastbytes_aligned                0x08000701   Thumb Code     0  rt_memcpy_w.o(.text)
    strcspn                                  0x0800071d   Thumb Code    32  strcspn.o(.text)
    strspn                                   0x0800073d   Thumb Code    28  strspn.o(.text)
    __user_setup_stackheap                   0x08000759   Thumb Code    74  sys_stackheap_outer.o(.text)
    exit                                     0x080007a3   Thumb Code    18  exit.o(.text)
    __user_libspace                          0x080007b5   Thumb Code     8  libspace.o(.text)
    __user_perproc_libspace                  0x080007b5   Thumb Code     0  libspace.o(.text)
    __user_perthread_libspace                0x080007b5   Thumb Code     0  libspace.o(.text)
    ADCSample                                0x080007bd   Thumb Code   266  ctlloop.o(i.ADCSample)
    ADC_INIT                                 0x080008e5   Thumb Code   342  adc.o(i.ADC_INIT)
    Buck_LoopControl_charger                 0x08000a55   Thumb Code   376  ctlloop.o(i.Buck_LoopControl_charger)
    Buck_LoopControl_supply                  0x08000bf9   Thumb Code   198  ctlloop.o(i.Buck_LoopControl_supply)
    BusFault_Handler                         0x08000ce5   Thumb Code     4  at32f403a_407_int.o(i.BusFault_Handler)
    ChargeStateCalc                          0x08000ce9   Thumb Code   524  charge.o(i.ChargeStateCalc)
    DebugMon_Handler                         0x08000f0d   Thumb Code     2  at32f403a_407_int.o(i.DebugMon_Handler)
    Esp8266_send_data                        0x08000f11   Thumb Code    56  esp8266.o(i.Esp8266_send_data)
    ExcursionCheck                           0x08000f55   Thumb Code   174  ctlloop.o(i.ExcursionCheck)
    GUI_DrawLine                             0x08001025   Thumb Code   176  oled.o(i.GUI_DrawLine)
    GUI_ShowChar                             0x080010d5   Thumb Code   142  oled.o(i.GUI_ShowChar)
    GUI_ShowString                           0x08001169   Thumb Code    58  oled.o(i.GUI_ShowString)
    HardFault_Handler                        0x080011a3   Thumb Code     4  at32f403a_407_int.o(i.HardFault_Handler)
    Key_Scan                                 0x080011a9   Thumb Code    82  at32f403a_407_board.o(i.Key_Scan)
    LoopFaultBack                            0x08001205   Thumb Code    82  ctlloop.o(i.LoopFaultBack)
    LoopFaultCheck                           0x08001265   Thumb Code   146  ctlloop.o(i.LoopFaultCheck)
    MemManage_Handler                        0x08001309   Thumb Code     4  at32f403a_407_int.o(i.MemManage_Handler)
    NMI_Handler                              0x0800130d   Thumb Code     2  at32f403a_407_int.o(i.NMI_Handler)
    OLED_Display                             0x08001311   Thumb Code    70  oled.o(i.OLED_Display)
    OLED_Init                                0x0800135d   Thumb Code   222  oled.o(i.OLED_Init)
    OLED_Init_GPIO                           0x0800143d   Thumb Code    66  oled.o(i.OLED_Init_GPIO)
    OLED_Reset                               0x08001489   Thumb Code    42  oled.o(i.OLED_Reset)
    OLED_Set_Pixel                           0x080014b9   Thumb Code   122  oled.o(i.OLED_Set_Pixel)
    OLED_WR_Byte                             0x08001539   Thumb Code    54  oled.o(i.OLED_WR_Byte)
    SEGGER_RTT_ReadNoLock                    0x08001575   Thumb Code   166  segger_rtt.o(i.SEGGER_RTT_ReadNoLock)
    SEGGER_RTT_Write                         0x08001621   Thumb Code    70  segger_rtt.o(i.SEGGER_RTT_Write)
    SEGGER_RTT_WriteNoLock                   0x0800166d   Thumb Code   126  segger_rtt.o(i.SEGGER_RTT_WriteNoLock)
    SEGGER_RTT_WriteSkipNoLock               0x080016f1   Thumb Code   154  segger_rtt.o(i.SEGGER_RTT_WriteSkipNoLock)
    SEGGER_RTT_printf                        0x08001791   Thumb Code    34  segger_rtt_printf.o(i.SEGGER_RTT_printf)
    SEGGER_RTT_vprintf                       0x080017b5   Thumb Code   676  segger_rtt_printf.o(i.SEGGER_RTT_vprintf)
    SEGGER_SYSVIEW_GetSysDesc                0x08001a5d   Thumb Code   180  segger_sysview.o(i.SEGGER_SYSVIEW_GetSysDesc)
    SEGGER_SYSVIEW_OnIdle                    0x08001b19   Thumb Code    48  segger_sysview.o(i.SEGGER_SYSVIEW_OnIdle)
    SEGGER_SYSVIEW_OnTaskCreate              0x08001b4d   Thumb Code    90  segger_sysview.o(i.SEGGER_SYSVIEW_OnTaskCreate)
    SEGGER_SYSVIEW_OnTaskStartExec           0x08001bb1   Thumb Code    90  segger_sysview.o(i.SEGGER_SYSVIEW_OnTaskStartExec)
    SEGGER_SYSVIEW_OnTaskStartReady          0x08001c15   Thumb Code    90  segger_sysview.o(i.SEGGER_SYSVIEW_OnTaskStartReady)
    SEGGER_SYSVIEW_RecordSystime             0x08001c79   Thumb Code    52  segger_sysview.o(i.SEGGER_SYSVIEW_RecordSystime)
    SEGGER_SYSVIEW_RecordU32                 0x08001cb5   Thumb Code    88  segger_sysview.o(i.SEGGER_SYSVIEW_RecordU32)
    SEGGER_SYSVIEW_RecordU32x2               0x08001d11   Thumb Code   118  segger_sysview.o(i.SEGGER_SYSVIEW_RecordU32x2)
    SEGGER_SYSVIEW_RecordU32x4               0x08001d8d   Thumb Code   180  segger_sysview.o(i.SEGGER_SYSVIEW_RecordU32x4)
    SEGGER_SYSVIEW_RecordVoid                0x08001e45   Thumb Code    50  segger_sysview.o(i.SEGGER_SYSVIEW_RecordVoid)
    SEGGER_SYSVIEW_SendModule                0x08001e7d   Thumb Code   172  segger_sysview.o(i.SEGGER_SYSVIEW_SendModule)
    SEGGER_SYSVIEW_SendModuleDescription     0x08001f31   Thumb Code    30  segger_sysview.o(i.SEGGER_SYSVIEW_SendModuleDescription)
    SEGGER_SYSVIEW_SendNumModules            0x08001f55   Thumb Code    80  segger_sysview.o(i.SEGGER_SYSVIEW_SendNumModules)
    SEGGER_SYSVIEW_SendTaskInfo              0x08001fad   Thumb Code   260  segger_sysview.o(i.SEGGER_SYSVIEW_SendTaskInfo)
    SEGGER_SYSVIEW_SendTaskList              0x080020b9   Thumb Code    26  segger_sysview.o(i.SEGGER_SYSVIEW_SendTaskList)
    SEGGER_SYSVIEW_ShrinkId                  0x080020d9   Thumb Code    10  segger_sysview.o(i.SEGGER_SYSVIEW_ShrinkId)
    SEGGER_SYSVIEW_Start                     0x080020e9   Thumb Code   240  segger_sysview.o(i.SEGGER_SYSVIEW_Start)
    SEGGER_SYSVIEW_Stop                      0x080021e5   Thumb Code    60  segger_sysview.o(i.SEGGER_SYSVIEW_Stop)
    SEGGER_SYSVIEW_Warn                      0x08002229   Thumb Code   122  segger_sysview.o(i.SEGGER_SYSVIEW_Warn)
    SPI1_Init                                0x080022a9   Thumb Code   230  spi.o(i.SPI1_Init)
    SPI1_WriteByte                           0x080023a5   Thumb Code    42  spi.o(i.SPI1_WriteByte)
    SYSVIEW_AddTask                          0x080023d5   Thumb Code   150  segger_sysview_freertos.o(i.SYSVIEW_AddTask)
    SYSVIEW_DeleteTask                       0x08002481   Thumb Code   262  segger_sysview_freertos.o(i.SYSVIEW_DeleteTask)
    SYSVIEW_SendTaskInfo                     0x08002591   Thumb Code    50  segger_sysview_freertos.o(i.SYSVIEW_SendTaskInfo)
    SetupHardware                            0x080025c3   Thumb Code    66  main.o(i.SetupHardware)
    SysTick_Handler                          0x08002605   Thumb Code    46  include_port.o(i.SysTick_Handler)
    SystemInit                               0x08002639   Thumb Code   100  system_at32f403a_407.o(i.SystemInit)
    TMR1_Init                                0x080026a9   Thumb Code   304  timer.o(i.TMR1_Init)
    TMR1_OVF_TMR10_IRQHandler                0x080027ed   Thumb Code    40  timer.o(i.TMR1_OVF_TMR10_IRQHandler)
    USART1_IRQHandler                        0x0800281d   Thumb Code    86  esp8266.o(i.USART1_IRQHandler)
    UsageFault_Handler                       0x08002881   Thumb Code     4  at32f403a_407_int.o(i.UsageFault_Handler)
    _sys_exit                                0x08002f3f   Thumb Code     4  at32f403a_407_board.o(i._sys_exit)
    adc_base_config                          0x08002f43   Thumb Code    44  at32f403a_407_adc.o(i.adc_base_config)
    adc_base_default_para_init               0x08002f6f   Thumb Code    14  at32f403a_407_adc.o(i.adc_base_default_para_init)
    adc_calibration_init                     0x08002f7d   Thumb Code    12  at32f403a_407_adc.o(i.adc_calibration_init)
    adc_calibration_init_status_get          0x08002f89   Thumb Code    18  at32f403a_407_adc.o(i.adc_calibration_init_status_get)
    adc_calibration_start                    0x08002f9b   Thumb Code    12  at32f403a_407_adc.o(i.adc_calibration_start)
    adc_calibration_status_get               0x08002fa7   Thumb Code    18  at32f403a_407_adc.o(i.adc_calibration_status_get)
    adc_combine_mode_select                  0x08002fb9   Thumb Code    14  at32f403a_407_adc.o(i.adc_combine_mode_select)
    adc_dma_mode_enable                      0x08002fcd   Thumb Code    10  at32f403a_407_adc.o(i.adc_dma_mode_enable)
    adc_enable                               0x08002fd7   Thumb Code    10  at32f403a_407_adc.o(i.adc_enable)
    adc_ordinary_channel_set                 0x08002fe1   Thumb Code   168  at32f403a_407_adc.o(i.adc_ordinary_channel_set)
    adc_ordinary_conversion_trigger_set      0x08003089   Thumb Code    52  at32f403a_407_adc.o(i.adc_ordinary_conversion_trigger_set)
    at32_key_init                            0x080030bd   Thumb Code    44  at32f403a_407_board.o(i.at32_key_init)
    at32_led_init                            0x080030f1   Thumb Code    66  at32f403a_407_board.o(i.at32_led_init)
    at32_led_off                             0x0800313d   Thumb Code    30  at32f403a_407_board.o(i.at32_led_off)
    at32_led_on                              0x08003161   Thumb Code    30  at32f403a_407_board.o(i.at32_led_on)
    crm_adc_clock_div_set                    0x08003185   Thumb Code    28  at32f403a_407_crm.o(i.crm_adc_clock_div_set)
    crm_ahb_div_set                          0x080031a5   Thumb Code    14  at32f403a_407_crm.o(i.crm_ahb_div_set)
    crm_apb1_div_set                         0x080031b9   Thumb Code    14  at32f403a_407_crm.o(i.crm_apb1_div_set)
    crm_apb2_div_set                         0x080031cd   Thumb Code    14  at32f403a_407_crm.o(i.crm_apb2_div_set)
    crm_auto_step_mode_enable                0x080031e1   Thumb Code    34  at32f403a_407_crm.o(i.crm_auto_step_mode_enable)
    crm_clock_source_enable                  0x08003209   Thumb Code    90  at32f403a_407_crm.o(i.crm_clock_source_enable)
    crm_clocks_freq_get                      0x08003269   Thumb Code   268  at32f403a_407_crm.o(i.crm_clocks_freq_get)
    crm_flag_get                             0x08003395   Thumb Code    42  at32f403a_407_crm.o(i.crm_flag_get)
    crm_hext_clock_div_set                   0x080033c5   Thumb Code    14  at32f403a_407_crm.o(i.crm_hext_clock_div_set)
    crm_hext_stable_wait                     0x080033d9   Thumb Code    46  at32f403a_407_crm.o(i.crm_hext_stable_wait)
    crm_periph_clock_enable                  0x08003409   Thumb Code    62  at32f403a_407_crm.o(i.crm_periph_clock_enable)
    crm_pll_config                           0x0800344d   Thumb Code   118  at32f403a_407_crm.o(i.crm_pll_config)
    crm_reset                                0x080034c9   Thumb Code    80  at32f403a_407_crm.o(i.crm_reset)
    crm_sysclk_switch                        0x08003521   Thumb Code    54  at32f403a_407_crm.o(i.crm_sysclk_switch)
    crm_sysclk_switch_status_get             0x0800355d   Thumb Code    10  at32f403a_407_crm.o(i.crm_sysclk_switch_status_get)
    dma_channel_enable                       0x0800356d   Thumb Code    10  at32f403a_407_dma.o(i.dma_channel_enable)
    dma_data_number_set                      0x08003577   Thumb Code     4  at32f403a_407_dma.o(i.dma_data_number_set)
    dma_default_para_init                    0x0800357b   Thumb Code    24  at32f403a_407_dma.o(i.dma_default_para_init)
    dma_init                                 0x08003593   Thumb Code    92  at32f403a_407_dma.o(i.dma_init)
    dma_reset                                0x080035f1   Thumb Code   102  at32f403a_407_dma.o(i.dma_reset)
    dwt_delay_init                           0x08003661   Thumb Code    48  at32f403a_407_board.o(i.dwt_delay_init)
    dwt_delay_ms                             0x0800369d   Thumb Code    80  at32f403a_407_board.o(i.dwt_delay_ms)
    dwt_delay_sec                            0x080036f9   Thumb Code    26  at32f403a_407_board.o(i.dwt_delay_sec)
    esp8266_Init                             0x08003715   Thumb Code   360  esp8266.o(i.esp8266_Init)
    esp8266_pub_data                         0x08003941   Thumb Code    42  esp8266.o(i.esp8266_pub_data)
    esp8266_sub_getparms                     0x08003981   Thumb Code   428  esp8266.o(i.esp8266_sub_getparms)
    f_abs                                    0x08003c01   Thumb Code    26  ctlloop.o(i.f_abs)
    f_min                                    0x08003c1b   Thumb Code    26  ctlloop.o(i.f_min)
    flTstr_FirpTwo                           0x08003c35   Thumb Code    98  esp8266.o(i.flTstr_FirpTwo)
    fputc                                    0x08003c9d   Thumb Code    46  at32f403a_407_board.o(i.fputc)
    gpio_default_para_init                   0x08003cd1   Thumb Code    22  at32f403a_407_gpio.o(i.gpio_default_para_init)
    gpio_init                                0x08003ce7   Thumb Code   168  at32f403a_407_gpio.o(i.gpio_init)
    gpio_input_data_bit_read                 0x08003d8f   Thumb Code    18  at32f403a_407_gpio.o(i.gpio_input_data_bit_read)
    gpio_pin_remap_config                    0x08003da1   Thumb Code    70  at32f403a_407_gpio.o(i.gpio_pin_remap_config)
    increPid_cal                             0x08003ded   Thumb Code   186  ctlloop.o(i.increPid_cal)
    increPid_init                            0x08003ead   Thumb Code   234  ctlloop.o(i.increPid_init)
    low_filter_calc                          0x08003fd1   Thumb Code    52  filter.o(i.low_filter_calc)
    low_filter_init                          0x08004005   Thumb Code   126  filter.o(i.low_filter_init)
    main                                     0x0800408d   Thumb Code    34  main.o(i.main)
    mpptmode_PVctr                           0x080040c1   Thumb Code   316  mppt.o(i.mpptmode_PVctr)
    nvic_irq_enable                          0x08004221   Thumb Code   190  at32f403a_407_misc.o(i.nvic_irq_enable)
    nvic_priority_group_config               0x080042e9   Thumb Code    32  at32f403a_407_misc.o(i.nvic_priority_group_config)
    pvPortMalloc                             0x08004a41   Thumb Code   338  heap_4.o(i.pvPortMalloc)
    pxPortInitialiseStack                    0x08004bad   Thumb Code    38  include_port.o(i.pxPortInitialiseStack)
    sStateFault_task_function                0x08004bd9   Thumb Code   188  main.o(i.sStateFault_task_function)
    sStateInit_task_function                 0x08004cd1   Thumb Code   270  main.o(i.sStateInit_task_function)
    sStateRun_task_function                  0x08004e01   Thumb Code   250  main.o(i.sStateRun_task_function)
    show_task_function                       0x08004f1d   Thumb Code   710  main.o(i.show_task_function)
    spi_crc_polynomial_set                   0x08005359   Thumb Code    10  at32f403a_407_spi.o(i.spi_crc_polynomial_set)
    spi_default_para_init                    0x08005363   Thumb Code    22  at32f403a_407_spi.o(i.spi_default_para_init)
    spi_enable                               0x08005379   Thumb Code    10  at32f403a_407_spi.o(i.spi_enable)
    spi_init                                 0x08005383   Thumb Code   292  at32f403a_407_spi.o(i.spi_init)
    start_task_function                      0x080054a9   Thumb Code   102  main.o(i.start_task_function)
    strTof_FirpTwo                           0x0800555d   Thumb Code   130  esp8266.o(i.strTof_FirpTwo)
    system_clock_config                      0x080055f1   Thumb Code   112  at32f403a_407_clock.o(i.system_clock_config)
    system_core_clock_update                 0x08005661   Thumb Code   222  system_at32f403a_407.o(i.system_core_clock_update)
    tiny_sprintf                             0x08005759   Thumb Code    24  printf-stdarg.o(i.tiny_sprintf)
    tmr_base_init                            0x08005771   Thumb Code    16  at32f403a_407_tmr.o(i.tmr_base_init)
    tmr_channel_enable                       0x08005781   Thumb Code    96  at32f403a_407_tmr.o(i.tmr_channel_enable)
    tmr_channel_value_set                    0x080057e1   Thumb Code    40  at32f403a_407_tmr.o(i.tmr_channel_value_set)
    tmr_cnt_dir_set                          0x08005809   Thumb Code    10  at32f403a_407_tmr.o(i.tmr_cnt_dir_set)
    tmr_counter_enable                       0x08005813   Thumb Code    10  at32f403a_407_tmr.o(i.tmr_counter_enable)
    tmr_flag_clear                           0x0800581d   Thumb Code     6  at32f403a_407_tmr.o(i.tmr_flag_clear)
    tmr_flag_get                             0x08005823   Thumb Code    18  at32f403a_407_tmr.o(i.tmr_flag_get)
    tmr_interrupt_enable                     0x08005835   Thumb Code    22  at32f403a_407_tmr.o(i.tmr_interrupt_enable)
    tmr_output_channel_config                0x0800584b   Thumb Code   416  at32f403a_407_tmr.o(i.tmr_output_channel_config)
    tmr_output_default_para_init             0x080059eb   Thumb Code    18  at32f403a_407_tmr.o(i.tmr_output_default_para_init)
    tmr_output_enable                        0x080059fd   Thumb Code    10  at32f403a_407_tmr.o(i.tmr_output_enable)
    ulTaskGenericNotifyTake                  0x08005a09   Thumb Code   170  tasks.o(i.ulTaskGenericNotifyTake)
    usart1_init                              0x08005abd   Thumb Code   268  esp8266.o(i.usart1_init)
    usart_data_receive                       0x08005be1   Thumb Code     8  at32f403a_407_usart.o(i.usart_data_receive)
    usart_data_transmit                      0x08005be9   Thumb Code     8  at32f403a_407_usart.o(i.usart_data_transmit)
    usart_dma_transmitter_enable             0x08005bf1   Thumb Code    10  at32f403a_407_usart.o(i.usart_dma_transmitter_enable)
    usart_enable                             0x08005bfb   Thumb Code    10  at32f403a_407_usart.o(i.usart_enable)
    usart_flag_get                           0x08005c05   Thumb Code    16  at32f403a_407_usart.o(i.usart_flag_get)
    usart_hardware_flow_control_set          0x08005c15   Thumb Code   102  at32f403a_407_usart.o(i.usart_hardware_flow_control_set)
    usart_init                               0x08005c7d   Thumb Code   114  at32f403a_407_usart.o(i.usart_init)
    usart_interrupt_enable                   0x08005cfd   Thumb Code    54  at32f403a_407_usart.o(i.usart_interrupt_enable)
    usart_parity_selection_config            0x08005d33   Thumb Code    76  at32f403a_407_usart.o(i.usart_parity_selection_config)
    usart_receiver_enable                    0x08005d7f   Thumb Code    10  at32f403a_407_usart.o(i.usart_receiver_enable)
    usart_transmitter_enable                 0x08005d89   Thumb Code    10  at32f403a_407_usart.o(i.usart_transmitter_enable)
    uxListRemove                             0x08005d93   Thumb Code    40  list.o(i.uxListRemove)
    vListInitialise                          0x08005dbb   Thumb Code    26  list.o(i.vListInitialise)
    vListInitialiseItem                      0x08005dd5   Thumb Code     6  list.o(i.vListInitialiseItem)
    vListInsert                              0x08005ddb   Thumb Code    52  list.o(i.vListInsert)
    vListInsertEnd                           0x08005e0f   Thumb Code    24  list.o(i.vListInsertEnd)
    vPortEnterCritical                       0x08005e29   Thumb Code    76  include_port.o(i.vPortEnterCritical)
    vPortExitCritical                        0x08005e7d   Thumb Code    56  include_port.o(i.vPortExitCritical)
    vPortFree                                0x08005eb9   Thumb Code   150  heap_4.o(i.vPortFree)
    vPortSetupTimerInterrupt                 0x08005f5d   Thumb Code    36  include_port.o(i.vPortSetupTimerInterrupt)
    vTaskDelay                               0x08005f85   Thumb Code    90  tasks.o(i.vTaskDelay)
    vTaskDelete                              0x08005fe9   Thumb Code   246  tasks.o(i.vTaskDelete)
    vTaskStartScheduler                      0x08006109   Thumb Code   142  tasks.o(i.vTaskStartScheduler)
    vTaskSuspendAll                          0x080061bd   Thumb Code    12  tasks.o(i.vTaskSuspendAll)
    vTaskSwitchContext                       0x080061cd   Thumb Code   148  tasks.o(i.vTaskSwitchContext)
    xPortStartScheduler                      0x0800627d   Thumb Code   330  include_port.o(i.xPortStartScheduler)
    xTaskCreate                              0x080063e5   Thumb Code    96  tasks.o(i.xTaskCreate)
    xTaskGenericNotify                       0x08006445   Thumb Code   390  tasks.o(i.xTaskGenericNotify)
    xTaskIncrementTick                       0x080065e1   Thumb Code   290  tasks.o(i.xTaskIncrementTick)
    xTaskResumeAll                           0x08006731   Thumb Code   230  tasks.o(i.xTaskResumeAll)
    __aeabi_d2f                              0x0800683d   Thumb Code     0  d2f.o(x$fpl$d2f)
    _d2f                                     0x0800683d   Thumb Code    98  d2f.o(x$fpl$d2f)
    __aeabi_dadd                             0x080068a1   Thumb Code     0  daddsub_clz.o(x$fpl$dadd)
    _dadd                                    0x080068a1   Thumb Code   332  daddsub_clz.o(x$fpl$dadd)
    __aeabi_i2d                              0x080069f1   Thumb Code     0  dflt_clz.o(x$fpl$dflt)
    _dflt                                    0x080069f1   Thumb Code    46  dflt_clz.o(x$fpl$dflt)
    __aeabi_dmul                             0x08006a21   Thumb Code     0  dmul.o(x$fpl$dmul)
    _dmul                                    0x08006a21   Thumb Code   332  dmul.o(x$fpl$dmul)
    __fpl_dnaninf                            0x08006b75   Thumb Code   156  dnaninf.o(x$fpl$dnaninf)
    __fpl_dretinf                            0x08006c11   Thumb Code    12  dretinf.o(x$fpl$dretinf)
    __aeabi_dsub                             0x08006c1d   Thumb Code     0  daddsub_clz.o(x$fpl$dsub)
    _dsub                                    0x08006c1d   Thumb Code   464  daddsub_clz.o(x$fpl$dsub)
    _fp_init                                 0x08006df1   Thumb Code    10  fpinit.o(x$fpl$fpinit)
    __fplib_config_fpu_vfp                   0x08006df9   Thumb Code     0  fpinit.o(x$fpl$fpinit)
    __fplib_config_pureend_doubles           0x08006df9   Thumb Code     0  fpinit.o(x$fpl$fpinit)
    __fpl_fretinf                            0x08006dfb   Thumb Code    10  fretinf.o(x$fpl$fretinf)
    F6x8                                     0x08006e04   Data         760  oled.o(.constdata)
    __I$use$fp                               0x08006e04   Number         0  usenofp.o(x$fpl$usenofp)
    Region$$Table$$Base                      0x08007448   Number         0  anon$$obj.o(Region$$Table)
    Region$$Table$$Limit                     0x08007468   Number         0  anon$$obj.o(Region$$Table)
    sStateInit_handler                       0x20000004   Data           4  main.o(.data)
    sStateFault_handler                      0x20000008   Data           4  main.o(.data)
    sStateRun_handler                        0x2000000c   Data           4  main.o(.data)
    DeviceSwitch                             0x20000010   Data           1  main.o(.data)
    chargerMode                              0x20000011   Data           1  main.o(.data)
    mppt_enable                              0x20000012   Data           1  main.o(.data)
    target                                   0x20000014   Data           4  main.o(.data)
    __stdout                                 0x20000038   Data           4  at32f403a_407_board.o(.data)
    adc1_ordinary_valuetab                   0x2000003e   Data           8  adc.o(.data)
    dac_eff                                  0x20000048   Data          32  ctlloop.o(.data)
    pwm                                      0x20000068   Data           4  ctlloop.o(.data)
    loop_err                                 0x2000006c   Data           1  ctlloop.o(.data)
    Supply_CV_flag                           0x2000006d   Data           1  ctlloop.o(.data)
    gMy_Battry                               0x20000098   Data          56  charge.o(.data)
    gLowFilterVI                             0x200000d8   Data          96  filter.o(.data)
    gLowFilterMpptPv                         0x20000138   Data          72  filter.o(.data)
    pv_Pin                                   0x20000180   Data           4  mppt.o(.data)
    WIFI                                     0x20000194   Data           4  esp8266.o(.data)
    WIFIASSWORD                              0x20000198   Data           4  esp8266.o(.data)
    ClintID                                  0x2000019c   Data           4  esp8266.o(.data)
    username                                 0x200001a0   Data           4  esp8266.o(.data)
    passwd                                   0x200001a4   Data           4  esp8266.o(.data)
    Url                                      0x200001a8   Data           4  esp8266.o(.data)
    subtopic                                 0x200001ac   Data           4  esp8266.o(.data)
    mqtt_rx_parms_pos                        0x200001b0   Data           4  esp8266.o(.data)
    g_identifier                             0x200001b4   Data           4  esp8266.o(.data)
    g_iden_parm                              0x200001b8   Data           4  esp8266.o(.data)
    mqtt_tx_pub_pre                          0x200001bc   Data           4  esp8266.o(.data)
    mqtt_tx_pub_end                          0x200001c0   Data           4  esp8266.o(.data)
    Netbutton                                0x200001c5   Data           1  esp8266.o(.data)
    SEGGER_SYSVIEW_TickCnt                   0x200001c8   Data           4  segger_sysview.o(.data)
    SEGGER_SYSVIEW_InterruptId               0x200001cc   Data           4  segger_sysview.o(.data)
    system_core_clock                        0x200001e8   Data           4  system_at32f403a_407.o(.data)
    pxCurrentTCB                             0x200001f0   Data           4  tasks.o(.data)
    uxTopUsedPriority                        0x20000228   Data           4  tasks.o(.data)
    datTostr                                 0x20000258   Data          24  main.o(.bss)
    SADC                                     0x20000270   Data          32  ctlloop.o(.bss)
    pid_ctrol                                0x20000290   Data         208  ctlloop.o(.bss)
    uart_tx_parm                             0x20000560   Data         150  esp8266.o(.bss)
    uart_rx_buf                              0x200005f6   Data         256  esp8266.o(.bss)
    _SEGGER_RTT                              0x20000af8   Data         168  segger_rtt.o(.bss)
    __libspace_start                         0x20003624   Data          96  libspace.o(.bss)
    __temporary_stack_top$libspace           0x20003684   Data           0  libspace.o(.bss)



==============================================================================

Memory Map of the image

  Image Entry point : 0x08000185

  Load Region LR_IROM1 (Base: 0x08000000, Size: 0x000076c0, Max: 0x00100000, ABSOLUTE, COMPRESSED[0x00007504])

    Execution Region ER_IROM1 (Exec base: 0x08000000, Load base: 0x08000000, Size: 0x00007468, Max: 0x00100000, ABSOLUTE)

    Exec Addr    Load Addr    Size         Type   Attr      Idx    E Section Name        Object

    0x08000000   0x08000000   0x00000184   Data   RO         5392    RESET               startup_at32f403a_407.o
    0x08000184   0x08000184   0x00000008   Code   RO         6257  * !!!main             c_w.l(__main.o)
    0x0800018c   0x0800018c   0x00000034   Code   RO         6443    !!!scatter          c_w.l(__scatter.o)
    0x080001c0   0x080001c0   0x0000005a   Code   RO         6441    !!dczerorl2         c_w.l(__dczerorl2.o)
    0x0800021a   0x0800021a   0x00000002   PAD
    0x0800021c   0x0800021c   0x0000001c   Code   RO         6445    !!handler_zi        c_w.l(__scatter_zi.o)
    0x08000238   0x08000238   0x00000002   Code   RO         6317    .ARM.Collect$$libinit$$00000000  c_w.l(libinit.o)
    0x0800023a   0x0800023a   0x00000004   Code   RO         6323    .ARM.Collect$$libinit$$00000001  c_w.l(libinit2.o)
    0x0800023e   0x0800023e   0x00000000   Code   RO         6326    .ARM.Collect$$libinit$$00000004  c_w.l(libinit2.o)
    0x0800023e   0x0800023e   0x00000000   Code   RO         6329    .ARM.Collect$$libinit$$0000000A  c_w.l(libinit2.o)
    0x0800023e   0x0800023e   0x00000000   Code   RO         6331    .ARM.Collect$$libinit$$0000000C  c_w.l(libinit2.o)
    0x0800023e   0x0800023e   0x00000000   Code   RO         6333    .ARM.Collect$$libinit$$0000000E  c_w.l(libinit2.o)
    0x0800023e   0x0800023e   0x00000000   Code   RO         6336    .ARM.Collect$$libinit$$00000011  c_w.l(libinit2.o)
    0x0800023e   0x0800023e   0x00000000   Code   RO         6338    .ARM.Collect$$libinit$$00000013  c_w.l(libinit2.o)
    0x0800023e   0x0800023e   0x00000000   Code   RO         6340    .ARM.Collect$$libinit$$00000015  c_w.l(libinit2.o)
    0x0800023e   0x0800023e   0x00000000   Code   RO         6342    .ARM.Collect$$libinit$$00000017  c_w.l(libinit2.o)
    0x0800023e   0x0800023e   0x00000000   Code   RO         6344    .ARM.Collect$$libinit$$00000019  c_w.l(libinit2.o)
    0x0800023e   0x0800023e   0x00000000   Code   RO         6346    .ARM.Collect$$libinit$$0000001B  c_w.l(libinit2.o)
    0x0800023e   0x0800023e   0x00000000   Code   RO         6348    .ARM.Collect$$libinit$$0000001D  c_w.l(libinit2.o)
    0x0800023e   0x0800023e   0x00000000   Code   RO         6350    .ARM.Collect$$libinit$$0000001F  c_w.l(libinit2.o)
    0x0800023e   0x0800023e   0x00000000   Code   RO         6352    .ARM.Collect$$libinit$$00000021  c_w.l(libinit2.o)
    0x0800023e   0x0800023e   0x00000000   Code   RO         6354    .ARM.Collect$$libinit$$00000023  c_w.l(libinit2.o)
    0x0800023e   0x0800023e   0x00000000   Code   RO         6356    .ARM.Collect$$libinit$$00000025  c_w.l(libinit2.o)
    0x0800023e   0x0800023e   0x00000000   Code   RO         6360    .ARM.Collect$$libinit$$0000002C  c_w.l(libinit2.o)
    0x0800023e   0x0800023e   0x00000000   Code   RO         6362    .ARM.Collect$$libinit$$0000002E  c_w.l(libinit2.o)
    0x0800023e   0x0800023e   0x00000000   Code   RO         6364    .ARM.Collect$$libinit$$00000030  c_w.l(libinit2.o)
    0x0800023e   0x0800023e   0x00000000   Code   RO         6366    .ARM.Collect$$libinit$$00000032  c_w.l(libinit2.o)
    0x0800023e   0x0800023e   0x00000002   Code   RO         6367    .ARM.Collect$$libinit$$00000033  c_w.l(libinit2.o)
    0x08000240   0x08000240   0x00000002   Code   RO         6385    .ARM.Collect$$libshutdown$$00000000  c_w.l(libshutdown.o)
    0x08000242   0x08000242   0x00000000   Code   RO         6395    .ARM.Collect$$libshutdown$$00000002  c_w.l(libshutdown2.o)
    0x08000242   0x08000242   0x00000000   Code   RO         6397    .ARM.Collect$$libshutdown$$00000004  c_w.l(libshutdown2.o)
    0x08000242   0x08000242   0x00000000   Code   RO         6400    .ARM.Collect$$libshutdown$$00000007  c_w.l(libshutdown2.o)
    0x08000242   0x08000242   0x00000000   Code   RO         6403    .ARM.Collect$$libshutdown$$0000000A  c_w.l(libshutdown2.o)
    0x08000242   0x08000242   0x00000000   Code   RO         6405    .ARM.Collect$$libshutdown$$0000000C  c_w.l(libshutdown2.o)
    0x08000242   0x08000242   0x00000000   Code   RO         6408    .ARM.Collect$$libshutdown$$0000000F  c_w.l(libshutdown2.o)
    0x08000242   0x08000242   0x00000002   Code   RO         6409    .ARM.Collect$$libshutdown$$00000010  c_w.l(libshutdown2.o)
    0x08000244   0x08000244   0x00000000   Code   RO         6277    .ARM.Collect$$rtentry$$00000000  c_w.l(__rtentry.o)
    0x08000244   0x08000244   0x00000000   Code   RO         6290    .ARM.Collect$$rtentry$$00000002  c_w.l(__rtentry2.o)
    0x08000244   0x08000244   0x00000006   Code   RO         6302    .ARM.Collect$$rtentry$$00000004  c_w.l(__rtentry4.o)
    0x0800024a   0x0800024a   0x00000000   Code   RO         6292    .ARM.Collect$$rtentry$$00000009  c_w.l(__rtentry2.o)
    0x0800024a   0x0800024a   0x00000004   Code   RO         6293    .ARM.Collect$$rtentry$$0000000A  c_w.l(__rtentry2.o)
    0x0800024e   0x0800024e   0x00000000   Code   RO         6295    .ARM.Collect$$rtentry$$0000000C  c_w.l(__rtentry2.o)
    0x0800024e   0x0800024e   0x00000008   Code   RO         6296    .ARM.Collect$$rtentry$$0000000D  c_w.l(__rtentry2.o)
    0x08000256   0x08000256   0x00000002   Code   RO         6321    .ARM.Collect$$rtexit$$00000000  c_w.l(rtexit.o)
    0x08000258   0x08000258   0x00000000   Code   RO         6369    .ARM.Collect$$rtexit$$00000002  c_w.l(rtexit2.o)
    0x08000258   0x08000258   0x00000004   Code   RO         6370    .ARM.Collect$$rtexit$$00000003  c_w.l(rtexit2.o)
    0x0800025c   0x0800025c   0x00000006   Code   RO         6371    .ARM.Collect$$rtexit$$00000004  c_w.l(rtexit2.o)
    0x08000262   0x08000262   0x00000002   PAD
    0x08000264   0x08000264   0x000000be   Code   RO          364    .emb_text           include_port.o
    0x08000322   0x08000322   0x00000002   PAD
    0x08000324   0x08000324   0x00000040   Code   RO         5393    .text               startup_at32f403a_407.o
    0x08000364   0x08000364   0x00000002   Code   RO         6230    .text               c_w.l(use_no_semi_2.o)
    0x08000366   0x08000366   0x00000002   PAD
    0x08000368   0x08000368   0x0000000c   Code   RO         6232    .text               c_w.l(putchar.o)
    0x08000374   0x08000374   0x0000000c   Code   RO         6234    .text               c_w.l(strtok.o)
    0x08000380   0x08000380   0x00000024   Code   RO         6237    .text               c_w.l(strstr.o)
    0x080003a4   0x080003a4   0x00000058   Code   RO         6239    .text               c_w.l(memcmp.o)
    0x080003fc   0x080003fc   0x0000003e   Code   RO         6241    .text               c_w.l(strlen.o)
    0x0800043a   0x0800043a   0x00000096   Code   RO         6243    .text               c_w.l(strncmp.o)
    0x080004d0   0x080004d0   0x0000008a   Code   RO         6245    .text               c_w.l(rt_memcpy_v6.o)
    0x0800055a   0x0800055a   0x00000044   Code   RO         6249    .text               c_w.l(rt_memclr.o)
    0x0800059e   0x0800059e   0x0000004e   Code   RO         6251    .text               c_w.l(rt_memclr_w.o)
    0x080005ec   0x080005ec   0x00000080   Code   RO         6253    .text               c_w.l(strcmpv7m.o)
    0x0800066c   0x0800066c   0x00000006   Code   RO         6255    .text               c_w.l(heapauxi.o)
    0x08000672   0x08000672   0x00000002   Code   RO         6275    .text               c_w.l(use_no_semi.o)
    0x08000674   0x08000674   0x00000044   Code   RO         6278    .text               c_w.l(strtok_int.o)
    0x080006b8   0x080006b8   0x00000064   Code   RO         6280    .text               c_w.l(rt_memcpy_w.o)
    0x0800071c   0x0800071c   0x00000020   Code   RO         6304    .text               c_w.l(strcspn.o)
    0x0800073c   0x0800073c   0x0000001c   Code   RO         6306    .text               c_w.l(strspn.o)
    0x08000758   0x08000758   0x0000004a   Code   RO         6308    .text               c_w.l(sys_stackheap_outer.o)
    0x080007a2   0x080007a2   0x00000012   Code   RO         6310    .text               c_w.l(exit.o)
    0x080007b4   0x080007b4   0x00000008   Code   RO         6318    .text               c_w.l(libspace.o)
    0x080007bc   0x080007bc   0x00000128   Code   RO          770    i.ADCSample         ctlloop.o
    0x080008e4   0x080008e4   0x00000170   Code   RO          704    i.ADC_INIT          adc.o
    0x08000a54   0x08000a54   0x000001a4   Code   RO          771    i.Buck_LoopControl_charger  ctlloop.o
    0x08000bf8   0x08000bf8   0x000000ec   Code   RO          772    i.Buck_LoopControl_supply  ctlloop.o
    0x08000ce4   0x08000ce4   0x00000004   Code   RO          142    i.BusFault_Handler  at32f403a_407_int.o
    0x08000ce8   0x08000ce8   0x00000224   Code   RO          862    i.ChargeStateCalc   charge.o
    0x08000f0c   0x08000f0c   0x00000002   Code   RO          143    i.DebugMon_Handler  at32f403a_407_int.o
    0x08000f0e   0x08000f0e   0x00000002   PAD
    0x08000f10   0x08000f10   0x00000044   Code   RO          942    i.Esp8266_send_data  esp8266.o
    0x08000f54   0x08000f54   0x000000d0   Code   RO          773    i.ExcursionCheck    ctlloop.o
    0x08001024   0x08001024   0x000000b0   Code   RO         1014    i.GUI_DrawLine      oled.o
    0x080010d4   0x080010d4   0x00000094   Code   RO         1015    i.GUI_ShowChar      oled.o
    0x08001168   0x08001168   0x0000003a   Code   RO         1016    i.GUI_ShowString    oled.o
    0x080011a2   0x080011a2   0x00000004   Code   RO          144    i.HardFault_Handler  at32f403a_407_int.o
    0x080011a6   0x080011a6   0x00000002   PAD
    0x080011a8   0x080011a8   0x0000005c   Code   RO          457    i.Key_Scan          at32f403a_407_board.o
    0x08001204   0x08001204   0x00000060   Code   RO          774    i.LoopFaultBack     ctlloop.o
    0x08001264   0x08001264   0x000000a4   Code   RO          775    i.LoopFaultCheck    ctlloop.o
    0x08001308   0x08001308   0x00000004   Code   RO          145    i.MemManage_Handler  at32f403a_407_int.o
    0x0800130c   0x0800130c   0x00000002   Code   RO          146    i.NMI_Handler       at32f403a_407_int.o
    0x0800130e   0x0800130e   0x00000002   PAD
    0x08001310   0x08001310   0x0000004c   Code   RO         1017    i.OLED_Display      oled.o
    0x0800135c   0x0800135c   0x000000de   Code   RO         1019    i.OLED_Init         oled.o
    0x0800143a   0x0800143a   0x00000002   PAD
    0x0800143c   0x0800143c   0x0000004c   Code   RO         1020    i.OLED_Init_GPIO    oled.o
    0x08001488   0x08001488   0x00000030   Code   RO         1021    i.OLED_Reset        oled.o
    0x080014b8   0x080014b8   0x00000080   Code   RO         1022    i.OLED_Set_Pixel    oled.o
    0x08001538   0x08001538   0x0000003c   Code   RO         1024    i.OLED_WR_Byte      oled.o
    0x08001574   0x08001574   0x000000ac   Code   RO         1114    i.SEGGER_RTT_ReadNoLock  segger_rtt.o
    0x08001620   0x08001620   0x0000004c   Code   RO         1124    i.SEGGER_RTT_Write  segger_rtt.o
    0x0800166c   0x0800166c   0x00000084   Code   RO         1127    i.SEGGER_RTT_WriteNoLock  segger_rtt.o
    0x080016f0   0x080016f0   0x000000a0   Code   RO         1128    i.SEGGER_RTT_WriteSkipNoLock  segger_rtt.o
    0x08001790   0x08001790   0x00000022   Code   RO         1333    i.SEGGER_RTT_printf  segger_rtt_printf.o
    0x080017b2   0x080017b2   0x00000002   PAD
    0x080017b4   0x080017b4   0x000002a8   Code   RO         1334    i.SEGGER_RTT_vprintf  segger_rtt_printf.o
    0x08001a5c   0x08001a5c   0x000000bc   Code   RO         1381    i.SEGGER_SYSVIEW_GetSysDesc  segger_sysview.o
    0x08001b18   0x08001b18   0x00000034   Code   RO         1393    i.SEGGER_SYSVIEW_OnIdle  segger_sysview.o
    0x08001b4c   0x08001b4c   0x00000064   Code   RO         1394    i.SEGGER_SYSVIEW_OnTaskCreate  segger_sysview.o
    0x08001bb0   0x08001bb0   0x00000064   Code   RO         1395    i.SEGGER_SYSVIEW_OnTaskStartExec  segger_sysview.o
    0x08001c14   0x08001c14   0x00000064   Code   RO         1396    i.SEGGER_SYSVIEW_OnTaskStartReady  segger_sysview.o
    0x08001c78   0x08001c78   0x0000003c   Code   RO         1414    i.SEGGER_SYSVIEW_RecordSystime  segger_sysview.o
    0x08001cb4   0x08001cb4   0x0000005c   Code   RO         1415    i.SEGGER_SYSVIEW_RecordU32  segger_sysview.o
    0x08001d10   0x08001d10   0x0000007c   Code   RO         1417    i.SEGGER_SYSVIEW_RecordU32x2  segger_sysview.o
    0x08001d8c   0x08001d8c   0x000000b8   Code   RO         1419    i.SEGGER_SYSVIEW_RecordU32x4  segger_sysview.o
    0x08001e44   0x08001e44   0x00000038   Code   RO         1425    i.SEGGER_SYSVIEW_RecordVoid  segger_sysview.o
    0x08001e7c   0x08001e7c   0x000000b4   Code   RO         1427    i.SEGGER_SYSVIEW_SendModule  segger_sysview.o
    0x08001f30   0x08001f30   0x00000024   Code   RO         1428    i.SEGGER_SYSVIEW_SendModuleDescription  segger_sysview.o
    0x08001f54   0x08001f54   0x00000058   Code   RO         1429    i.SEGGER_SYSVIEW_SendNumModules  segger_sysview.o
    0x08001fac   0x08001fac   0x0000010c   Code   RO         1432    i.SEGGER_SYSVIEW_SendTaskInfo  segger_sysview.o
    0x080020b8   0x080020b8   0x00000020   Code   RO         1433    i.SEGGER_SYSVIEW_SendTaskList  segger_sysview.o
    0x080020d8   0x080020d8   0x00000010   Code   RO         1435    i.SEGGER_SYSVIEW_ShrinkId  segger_sysview.o
    0x080020e8   0x080020e8   0x000000fc   Code   RO         1436    i.SEGGER_SYSVIEW_Start  segger_sysview.o
    0x080021e4   0x080021e4   0x00000044   Code   RO         1437    i.SEGGER_SYSVIEW_Stop  segger_sysview.o
    0x08002228   0x08002228   0x00000080   Code   RO         1446    i.SEGGER_SYSVIEW_Warn  segger_sysview.o
    0x080022a8   0x080022a8   0x000000fc   Code   RO          669    i.SPI1_Init         spi.o
    0x080023a4   0x080023a4   0x00000030   Code   RO          670    i.SPI1_WriteByte    spi.o
    0x080023d4   0x080023d4   0x000000ac   Code   RO         1914    i.SYSVIEW_AddTask   segger_sysview_freertos.o
    0x08002480   0x08002480   0x00000110   Code   RO         1915    i.SYSVIEW_DeleteTask  segger_sysview_freertos.o
    0x08002590   0x08002590   0x00000032   Code   RO         1916    i.SYSVIEW_SendTaskInfo  segger_sysview_freertos.o
    0x080025c2   0x080025c2   0x00000042   Code   RO          199    i.SetupHardware     main.o
    0x08002604   0x08002604   0x00000034   Code   RO          365    i.SysTick_Handler   include_port.o
    0x08002638   0x08002638   0x00000070   Code   RO         5356    i.SystemInit        system_at32f403a_407.o
    0x080026a8   0x080026a8   0x00000144   Code   RO          638    i.TMR1_Init         timer.o
    0x080027ec   0x080027ec   0x00000030   Code   RO          639    i.TMR1_OVF_TMR10_IRQHandler  timer.o
    0x0800281c   0x0800281c   0x00000064   Code   RO          943    i.USART1_IRQHandler  esp8266.o
    0x08002880   0x08002880   0x00000004   Code   RO          147    i.UsageFault_Handler  at32f403a_407_int.o
    0x08002884   0x08002884   0x00000070   Code   RO         1131    i._DoInit           segger_rtt.o
    0x080028f4   0x080028f4   0x0000002c   Code   RO         1450    i._EncodeStr        segger_sysview.o
    0x08002920   0x08002920   0x0000001c   Code   RO         1132    i._GetAvailWriteSpace  segger_rtt.o
    0x0800293c   0x0800293c   0x000000a8   Code   RO         1451    i._HandleIncomingPacket  segger_sysview.o
    0x080029e4   0x080029e4   0x00000006   Code   RO         1452    i._PreparePacket    segger_sysview.o
    0x080029ea   0x080029ea   0x000000ec   Code   RO         1335    i._PrintInt         segger_rtt_printf.o
    0x08002ad6   0x08002ad6   0x00000002   PAD
    0x08002ad8   0x08002ad8   0x000000ec   Code   RO         1336    i._PrintUnsigned    segger_rtt_printf.o
    0x08002bc4   0x08002bc4   0x000001e0   Code   RO         1455    i._SendPacket       segger_sysview.o
    0x08002da4   0x08002da4   0x00000044   Code   RO         1337    i._StoreChar        segger_rtt_printf.o
    0x08002de8   0x08002de8   0x00000088   Code   RO         1457    i._TrySendOverflowPacket  segger_sysview.o
    0x08002e70   0x08002e70   0x00000076   Code   RO         1134    i._WriteBlocking    segger_rtt.o
    0x08002ee6   0x08002ee6   0x00000058   Code   RO         1135    i._WriteNoCheck     segger_rtt.o
    0x08002f3e   0x08002f3e   0x00000004   Code   RO          458    i._sys_exit         at32f403a_407_board.o
    0x08002f42   0x08002f42   0x0000002c   Code   RO         2068    i.adc_base_config   at32f403a_407_adc.o
    0x08002f6e   0x08002f6e   0x0000000e   Code   RO         2069    i.adc_base_default_para_init  at32f403a_407_adc.o
    0x08002f7c   0x08002f7c   0x0000000c   Code   RO         2070    i.adc_calibration_init  at32f403a_407_adc.o
    0x08002f88   0x08002f88   0x00000012   Code   RO         2071    i.adc_calibration_init_status_get  at32f403a_407_adc.o
    0x08002f9a   0x08002f9a   0x0000000c   Code   RO         2072    i.adc_calibration_start  at32f403a_407_adc.o
    0x08002fa6   0x08002fa6   0x00000012   Code   RO         2073    i.adc_calibration_status_get  at32f403a_407_adc.o
    0x08002fb8   0x08002fb8   0x00000014   Code   RO         2074    i.adc_combine_mode_select  at32f403a_407_adc.o
    0x08002fcc   0x08002fcc   0x0000000a   Code   RO         2076    i.adc_dma_mode_enable  at32f403a_407_adc.o
    0x08002fd6   0x08002fd6   0x0000000a   Code   RO         2077    i.adc_enable        at32f403a_407_adc.o
    0x08002fe0   0x08002fe0   0x000000a8   Code   RO         2082    i.adc_ordinary_channel_set  at32f403a_407_adc.o
    0x08003088   0x08003088   0x00000034   Code   RO         2084    i.adc_ordinary_conversion_trigger_set  at32f403a_407_adc.o
    0x080030bc   0x080030bc   0x00000034   Code   RO          460    i.at32_key_init     at32f403a_407_board.o
    0x080030f0   0x080030f0   0x0000004c   Code   RO          461    i.at32_led_init     at32f403a_407_board.o
    0x0800313c   0x0800313c   0x00000024   Code   RO          462    i.at32_led_off      at32f403a_407_board.o
    0x08003160   0x08003160   0x00000024   Code   RO          463    i.at32_led_on       at32f403a_407_board.o
    0x08003184   0x08003184   0x00000020   Code   RO         2644    i.crm_adc_clock_div_set  at32f403a_407_crm.o
    0x080031a4   0x080031a4   0x00000014   Code   RO         2645    i.crm_ahb_div_set   at32f403a_407_crm.o
    0x080031b8   0x080031b8   0x00000014   Code   RO         2646    i.crm_apb1_div_set  at32f403a_407_crm.o
    0x080031cc   0x080031cc   0x00000014   Code   RO         2647    i.crm_apb2_div_set  at32f403a_407_crm.o
    0x080031e0   0x080031e0   0x00000028   Code   RO         2648    i.crm_auto_step_mode_enable  at32f403a_407_crm.o
    0x08003208   0x08003208   0x00000060   Code   RO         2654    i.crm_clock_source_enable  at32f403a_407_crm.o
    0x08003268   0x08003268   0x0000012c   Code   RO         2655    i.crm_clocks_freq_get  at32f403a_407_crm.o
    0x08003394   0x08003394   0x00000030   Code   RO         2657    i.crm_flag_get      at32f403a_407_crm.o
    0x080033c4   0x080033c4   0x00000014   Code   RO         2659    i.crm_hext_clock_div_set  at32f403a_407_crm.o
    0x080033d8   0x080033d8   0x0000002e   Code   RO         2660    i.crm_hext_stable_wait  at32f403a_407_crm.o
    0x08003406   0x08003406   0x00000002   PAD
    0x08003408   0x08003408   0x00000044   Code   RO         2668    i.crm_periph_clock_enable  at32f403a_407_crm.o
    0x0800344c   0x0800344c   0x0000007c   Code   RO         2671    i.crm_pll_config    at32f403a_407_crm.o
    0x080034c8   0x080034c8   0x00000058   Code   RO         2672    i.crm_reset         at32f403a_407_crm.o
    0x08003520   0x08003520   0x0000003c   Code   RO         2675    i.crm_sysclk_switch  at32f403a_407_crm.o
    0x0800355c   0x0800355c   0x00000010   Code   RO         2676    i.crm_sysclk_switch_status_get  at32f403a_407_crm.o
    0x0800356c   0x0800356c   0x0000000a   Code   RO         3011    i.dma_channel_enable  at32f403a_407_dma.o
    0x08003576   0x08003576   0x00000004   Code   RO         3013    i.dma_data_number_set  at32f403a_407_dma.o
    0x0800357a   0x0800357a   0x00000018   Code   RO         3014    i.dma_default_para_init  at32f403a_407_dma.o
    0x08003592   0x08003592   0x0000005c   Code   RO         3018    i.dma_init          at32f403a_407_dma.o
    0x080035ee   0x080035ee   0x00000002   PAD
    0x080035f0   0x080035f0   0x00000070   Code   RO         3021    i.dma_reset         at32f403a_407_dma.o
    0x08003660   0x08003660   0x0000003c   Code   RO          465    i.dwt_delay_init    at32f403a_407_board.o
    0x0800369c   0x0800369c   0x0000005c   Code   RO          466    i.dwt_delay_ms      at32f403a_407_board.o
    0x080036f8   0x080036f8   0x0000001a   Code   RO          467    i.dwt_delay_sec     at32f403a_407_board.o
    0x08003712   0x08003712   0x00000002   PAD
    0x08003714   0x08003714   0x0000022c   Code   RO          944    i.esp8266_Init      esp8266.o
    0x08003940   0x08003940   0x00000040   Code   RO          945    i.esp8266_pub_data  esp8266.o
    0x08003980   0x08003980   0x00000280   Code   RO          946    i.esp8266_sub_getparms  esp8266.o
    0x08003c00   0x08003c00   0x0000001a   Code   RO          777    i.f_abs             ctlloop.o
    0x08003c1a   0x08003c1a   0x0000001a   Code   RO          778    i.f_min             ctlloop.o
    0x08003c34   0x08003c34   0x00000068   Code   RO          947    i.flTstr_FirpTwo    esp8266.o
    0x08003c9c   0x08003c9c   0x00000034   Code   RO          469    i.fputc             at32f403a_407_board.o
    0x08003cd0   0x08003cd0   0x00000016   Code   RO         3489    i.gpio_default_para_init  at32f403a_407_gpio.o
    0x08003ce6   0x08003ce6   0x000000a8   Code   RO         3493    i.gpio_init         at32f403a_407_gpio.o
    0x08003d8e   0x08003d8e   0x00000012   Code   RO         3494    i.gpio_input_data_bit_read  at32f403a_407_gpio.o
    0x08003da0   0x08003da0   0x0000004c   Code   RO         3499    i.gpio_pin_remap_config  at32f403a_407_gpio.o
    0x08003dec   0x08003dec   0x000000c0   Code   RO          779    i.increPid_cal      ctlloop.o
    0x08003eac   0x08003eac   0x00000124   Code   RO          780    i.increPid_init     ctlloop.o
    0x08003fd0   0x08003fd0   0x00000034   Code   RO          887    i.low_filter_calc   filter.o
    0x08004004   0x08004004   0x00000088   Code   RO          888    i.low_filter_init   filter.o
    0x0800408c   0x0800408c   0x00000034   Code   RO          200    i.main              main.o
    0x080040c0   0x080040c0   0x00000160   Code   RO          911    i.mpptmode_PVctr    mppt.o
    0x08004220   0x08004220   0x000000c8   Code   RO         3817    i.nvic_irq_enable   at32f403a_407_misc.o
    0x080042e8   0x080042e8   0x00000028   Code   RO         3819    i.nvic_priority_group_config  at32f403a_407_misc.o
    0x08004310   0x08004310   0x00000178   Code   RO         6184    i.print             printf-stdarg.o
    0x08004488   0x08004488   0x0000001c   Code   RO         6185    i.printchar         printf-stdarg.o
    0x080044a4   0x080044a4   0x000000ba   Code   RO         6186    i.printi            printf-stdarg.o
    0x0800455e   0x0800455e   0x00000080   Code   RO         6187    i.prints            printf-stdarg.o
    0x080045de   0x080045de   0x00000002   PAD
    0x080045e0   0x080045e0   0x00000098   Code   RO         5812    i.prvAddCurrentTaskToDelayedList  tasks.o
    0x08004678   0x08004678   0x000000d8   Code   RO         5813    i.prvAddNewTaskToReadyList  tasks.o
    0x08004750   0x08004750   0x00000048   Code   RO         5814    i.prvCheckTasksWaitingTermination  tasks.o
    0x08004798   0x08004798   0x00000012   Code   RO         5815    i.prvDeleteTCB      tasks.o
    0x080047aa   0x080047aa   0x00000002   PAD
    0x080047ac   0x080047ac   0x0000007c   Code   RO         6117    i.prvHeapInit       heap_4.o
    0x08004828   0x08004828   0x00000028   Code   RO         5816    i.prvIdleTask       tasks.o
    0x08004850   0x08004850   0x000000ae   Code   RO         5817    i.prvInitialiseNewTask  tasks.o
    0x080048fe   0x080048fe   0x00000002   PAD
    0x08004900   0x08004900   0x00000068   Code   RO         5818    i.prvInitialiseTaskLists  tasks.o
    0x08004968   0x08004968   0x00000068   Code   RO         6118    i.prvInsertBlockIntoFreeList  heap_4.o
    0x080049d0   0x080049d0   0x00000030   Code   RO         5819    i.prvResetNextTaskUnblockTime  tasks.o
    0x08004a00   0x08004a00   0x00000040   Code   RO          366    i.prvTaskExitError  include_port.o
    0x08004a40   0x08004a40   0x0000016c   Code   RO         6119    i.pvPortMalloc      heap_4.o
    0x08004bac   0x08004bac   0x0000002c   Code   RO          367    i.pxPortInitialiseStack  include_port.o
    0x08004bd8   0x08004bd8   0x000000f8   Code   RO          201    i.sStateFault_task_function  main.o
    0x08004cd0   0x08004cd0   0x00000130   Code   RO          202    i.sStateInit_task_function  main.o
    0x08004e00   0x08004e00   0x0000011c   Code   RO          203    i.sStateRun_task_function  main.o
    0x08004f1c   0x08004f1c   0x0000043c   Code   RO          204    i.show_task_function  main.o
    0x08005358   0x08005358   0x0000000a   Code   RO         4246    i.spi_crc_polynomial_set  at32f403a_407_spi.o
    0x08005362   0x08005362   0x00000016   Code   RO         4248    i.spi_default_para_init  at32f403a_407_spi.o
    0x08005378   0x08005378   0x0000000a   Code   RO         4249    i.spi_enable        at32f403a_407_spi.o
    0x08005382   0x08005382   0x00000124   Code   RO         4262    i.spi_init          at32f403a_407_spi.o
    0x080054a6   0x080054a6   0x00000002   PAD
    0x080054a8   0x080054a8   0x000000b4   Code   RO          205    i.start_task_function  main.o
    0x0800555c   0x0800555c   0x00000094   Code   RO          948    i.strTof_FirpTwo    esp8266.o
    0x080055f0   0x080055f0   0x00000070   Code   RO            4    i.system_clock_config  at32f403a_407_clock.o
    0x08005660   0x08005660   0x000000f8   Code   RO         5357    i.system_core_clock_update  system_at32f403a_407.o
    0x08005758   0x08005758   0x00000018   Code   RO         6190    i.tiny_sprintf      printf-stdarg.o
    0x08005770   0x08005770   0x00000010   Code   RO         4403    i.tmr_base_init     at32f403a_407_tmr.o
    0x08005780   0x08005780   0x00000060   Code   RO         4409    i.tmr_channel_enable  at32f403a_407_tmr.o
    0x080057e0   0x080057e0   0x00000028   Code   RO         4411    i.tmr_channel_value_set  at32f403a_407_tmr.o
    0x08005808   0x08005808   0x0000000a   Code   RO         4413    i.tmr_cnt_dir_set   at32f403a_407_tmr.o
    0x08005812   0x08005812   0x0000000a   Code   RO         4414    i.tmr_counter_enable  at32f403a_407_tmr.o
    0x0800581c   0x0800581c   0x00000006   Code   RO         4426    i.tmr_flag_clear    at32f403a_407_tmr.o
    0x08005822   0x08005822   0x00000012   Code   RO         4427    i.tmr_flag_get      at32f403a_407_tmr.o
    0x08005834   0x08005834   0x00000016   Code   RO         4435    i.tmr_interrupt_enable  at32f403a_407_tmr.o
    0x0800584a   0x0800584a   0x000001a0   Code   RO         4439    i.tmr_output_channel_config  at32f403a_407_tmr.o
    0x080059ea   0x080059ea   0x00000012   Code   RO         4444    i.tmr_output_default_para_init  at32f403a_407_tmr.o
    0x080059fc   0x080059fc   0x0000000a   Code   RO         4445    i.tmr_output_enable  at32f403a_407_tmr.o
    0x08005a06   0x08005a06   0x00000002   PAD
    0x08005a08   0x08005a08   0x000000b4   Code   RO         5821    i.ulTaskGenericNotifyTake  tasks.o
    0x08005abc   0x08005abc   0x00000124   Code   RO          949    i.usart1_init       esp8266.o
    0x08005be0   0x08005be0   0x00000008   Code   RO         4760    i.usart_data_receive  at32f403a_407_usart.o
    0x08005be8   0x08005be8   0x00000008   Code   RO         4761    i.usart_data_transmit  at32f403a_407_usart.o
    0x08005bf0   0x08005bf0   0x0000000a   Code   RO         4763    i.usart_dma_transmitter_enable  at32f403a_407_usart.o
    0x08005bfa   0x08005bfa   0x0000000a   Code   RO         4764    i.usart_enable      at32f403a_407_usart.o
    0x08005c04   0x08005c04   0x00000010   Code   RO         4766    i.usart_flag_get    at32f403a_407_usart.o
    0x08005c14   0x08005c14   0x00000066   Code   RO         4767    i.usart_hardware_flow_control_set  at32f403a_407_usart.o
    0x08005c7a   0x08005c7a   0x00000002   PAD
    0x08005c7c   0x08005c7c   0x00000080   Code   RO         4768    i.usart_init        at32f403a_407_usart.o
    0x08005cfc   0x08005cfc   0x00000036   Code   RO         4769    i.usart_interrupt_enable  at32f403a_407_usart.o
    0x08005d32   0x08005d32   0x0000004c   Code   RO         4775    i.usart_parity_selection_config  at32f403a_407_usart.o
    0x08005d7e   0x08005d7e   0x0000000a   Code   RO         4776    i.usart_receiver_enable  at32f403a_407_usart.o
    0x08005d88   0x08005d88   0x0000000a   Code   RO         4783    i.usart_transmitter_enable  at32f403a_407_usart.o
    0x08005d92   0x08005d92   0x00000028   Code   RO         5499    i.uxListRemove      list.o
    0x08005dba   0x08005dba   0x0000001a   Code   RO         5500    i.vListInitialise   list.o
    0x08005dd4   0x08005dd4   0x00000006   Code   RO         5501    i.vListInitialiseItem  list.o
    0x08005dda   0x08005dda   0x00000034   Code   RO         5502    i.vListInsert       list.o
    0x08005e0e   0x08005e0e   0x00000018   Code   RO         5503    i.vListInsertEnd    list.o
    0x08005e26   0x08005e26   0x00000002   PAD
    0x08005e28   0x08005e28   0x00000054   Code   RO          369    i.vPortEnterCritical  include_port.o
    0x08005e7c   0x08005e7c   0x0000003c   Code   RO          370    i.vPortExitCritical  include_port.o
    0x08005eb8   0x08005eb8   0x000000a4   Code   RO         6120    i.vPortFree         heap_4.o
    0x08005f5c   0x08005f5c   0x00000028   Code   RO          371    i.vPortSetupTimerInterrupt  include_port.o
    0x08005f84   0x08005f84   0x00000064   Code   RO         5827    i.vTaskDelay        tasks.o
    0x08005fe8   0x08005fe8   0x00000120   Code   RO         5828    i.vTaskDelete       tasks.o
    0x08006108   0x08006108   0x000000b4   Code   RO         5839    i.vTaskStartScheduler  tasks.o
    0x080061bc   0x080061bc   0x00000010   Code   RO         5841    i.vTaskSuspendAll   tasks.o
    0x080061cc   0x080061cc   0x000000b0   Code   RO         5842    i.vTaskSwitchContext  tasks.o
    0x0800627c   0x0800627c   0x00000168   Code   RO          373    i.xPortStartScheduler  include_port.o
    0x080063e4   0x080063e4   0x00000060   Code   RO         5845    i.xTaskCreate       tasks.o
    0x08006444   0x08006444   0x0000019c   Code   RO         5847    i.xTaskGenericNotify  tasks.o
    0x080065e0   0x080065e0   0x00000150   Code   RO         5855    i.xTaskIncrementTick  tasks.o
    0x08006730   0x08006730   0x0000010c   Code   RO         5857    i.xTaskResumeAll    tasks.o
    0x0800683c   0x0800683c   0x00000062   Code   RO         6259    x$fpl$d2f           fz_wm.l(d2f.o)
    0x0800689e   0x0800689e   0x00000002   PAD
    0x080068a0   0x080068a0   0x00000150   Code   RO         6261    x$fpl$dadd          fz_wm.l(daddsub_clz.o)
    0x080069f0   0x080069f0   0x0000002e   Code   RO         6268    x$fpl$dflt          fz_wm.l(dflt_clz.o)
    0x08006a1e   0x08006a1e   0x00000002   PAD
    0x08006a20   0x08006a20   0x00000154   Code   RO         6273    x$fpl$dmul          fz_wm.l(dmul.o)
    0x08006b74   0x08006b74   0x0000009c   Code   RO         6282    x$fpl$dnaninf       fz_wm.l(dnaninf.o)
    0x08006c10   0x08006c10   0x0000000c   Code   RO         6284    x$fpl$dretinf       fz_wm.l(dretinf.o)
    0x08006c1c   0x08006c1c   0x000001d4   Code   RO         6263    x$fpl$dsub          fz_wm.l(daddsub_clz.o)
    0x08006df0   0x08006df0   0x0000000a   Code   RO         6377    x$fpl$fpinit        fz_wm.l(fpinit.o)
    0x08006dfa   0x08006dfa   0x0000000a   Code   RO         6286    x$fpl$fretinf       fz_wm.l(fretinf.o)
    0x08006e04   0x08006e04   0x00000000   Code   RO         6288    x$fpl$usenofp       fz_wm.l(usenofp.o)
    0x08006e04   0x08006e04   0x000002f8   Data   RO         1026    .constdata          oled.o
    0x080070fc   0x080070fc   0x00000021   Data   RO         1137    .constdata          segger_rtt.o
    0x0800711d   0x0800711d   0x00000010   Data   RO         1338    .constdata          segger_rtt_printf.o
    0x0800712d   0x0800712d   0x0000001a   Data   RO         1461    .constdata          segger_sysview.o
    0x08007147   0x08007147   0x00000028   Data   RO         2680    .constdata          at32f403a_407_crm.o
    0x0800716f   0x0800716f   0x00000010   Data   RO         5358    .constdata          system_at32f403a_407.o
    0x0800717f   0x0800717f   0x00000001   PAD
    0x08007180   0x08007180   0x000000af   Data   RO          208    .conststring        main.o
    0x0800722f   0x0800722f   0x00000001   PAD
    0x08007230   0x08007230   0x000001c6   Data   RO          951    .conststring        esp8266.o
    0x080073f6   0x080073f6   0x00000002   PAD
    0x080073f8   0x080073f8   0x00000050   Data   RO         1922    .conststring        segger_sysview_freertos.o
    0x08007448   0x08007448   0x00000020   Data   RO         6439    Region$$Table       anon$$obj.o


    Execution Region RW_IRAM1 (Exec base: 0x20000000, Load base: 0x08007468, Size: 0x00004688, Max: 0x00038000, ABSOLUTE, COMPRESSED[0x0000009c])

    Exec Addr    Load Addr    Size         Type   Attr      Idx    E Section Name        Object

    0x20000000   COMPRESSED   0x0000001a   Data   RW          209    .data               main.o
    0x2000001a   COMPRESSED   0x00000002   PAD
    0x2000001c   COMPRESSED   0x00000010   Data   RW          374    .data               include_port.o
    0x2000002c   COMPRESSED   0x00000011   Data   RW          471    .data               at32f403a_407_board.o
    0x2000003d   COMPRESSED   0x00000001   PAD
    0x2000003e   COMPRESSED   0x00000008   Data   RW          705    .data               adc.o
    0x20000046   COMPRESSED   0x00000002   PAD
    0x20000048   COMPRESSED   0x0000004f   Data   RW          782    .data               ctlloop.o
    0x20000097   COMPRESSED   0x00000001   PAD
    0x20000098   COMPRESSED   0x0000003e   Data   RW          863    .data               charge.o
    0x200000d6   COMPRESSED   0x00000002   PAD
    0x200000d8   COMPRESSED   0x000000a8   Data   RW          889    .data               filter.o
    0x20000180   COMPRESSED   0x00000011   Data   RW          912    .data               mppt.o
    0x20000191   COMPRESSED   0x00000003   PAD
    0x20000194   COMPRESSED   0x00000032   Data   RW          952    .data               esp8266.o
    0x200001c6   COMPRESSED   0x00000002   PAD
    0x200001c8   COMPRESSED   0x00000015   Data   RW         1462    .data               segger_sysview.o
    0x200001dd   COMPRESSED   0x00000003   PAD
    0x200001e0   COMPRESSED   0x00000008   Data   RW         1923    .data               segger_sysview_freertos.o
    0x200001e8   COMPRESSED   0x00000004   Data   RW         5359    .data               system_at32f403a_407.o
    0x200001ec   COMPRESSED   0x00000044   Data   RW         5860    .data               tasks.o
    0x20000230   COMPRESSED   0x00000024   Data   RW         6126    .data               heap_4.o
    0x20000254   COMPRESSED   0x00000004   Data   RW         6235    .data               c_w.l(strtok.o)
    0x20000258        -       0x00000018   Zero   RW          207    .bss                main.o
    0x20000270        -       0x000000f0   Zero   RW          781    .bss                ctlloop.o
    0x20000360        -       0x00000396   Zero   RW          950    .bss                esp8266.o
    0x200006f6        -       0x00000400   Zero   RW         1025    .bss                oled.o
    0x20000af6   COMPRESSED   0x00000002   PAD
    0x20000af8        -       0x000004b8   Zero   RW         1136    .bss                segger_rtt.o
    0x20000fb0        -       0x0000050b   Zero   RW         1460    .bss                segger_sysview.o
    0x200014bb   COMPRESSED   0x00000001   PAD
    0x200014bc        -       0x000000a0   Zero   RW         1920    .bss                segger_sysview_freertos.o
    0x2000155c        -       0x000000c8   Zero   RW         5859    .bss                tasks.o
    0x20001624        -       0x00002000   Zero   RW         6125    .bss                heap_4.o
    0x20003624        -       0x00000060   Zero   RW         6319    .bss                c_w.l(libspace.o)
    0x20003684   COMPRESSED   0x00000004   PAD
    0x20003688        -       0x00000800   Zero   RW         5391    HEAP                startup_at32f403a_407.o
    0x20003e88        -       0x00000800   Zero   RW         5390    STACK               startup_at32f403a_407.o


==============================================================================

Image component sizes


      Code (inc. data)   RO Data    RW Data    ZI Data      Debug   Object Name

       368         26          0          8          0       1492   adc.o
       378          6          0          0          0       7935   at32f403a_407_adc.o
       526         70          0         17          0       8918   at32f403a_407_board.o
       112          0          0          0          0      71542   at32f403a_407_clock.o
       998        116         40          0          0      10617   at32f403a_407_crm.o
       242         10          0          0          0       3714   at32f403a_407_dma.o
       284          6          0          0          0       3652   at32f403a_407_gpio.o
        20          0          0          0          0       3125   at32f403a_407_int.o
       240         18          0          0          0      32254   at32f403a_407_misc.o
       334          0          0          0          0       3125   at32f403a_407_spi.o
       662          8          0          0          0       8270   at32f403a_407_tmr.o
       432         14          0          0          0       8241   at32f403a_407_usart.o
       548         30          0         62          0       1853   charge.o
      1956        242          0         79        240       9853   ctlloop.o
      1972        504        454         50        918       7685   esp8266.o
         0          0          0          0          0       6332   event_groups.o
       188         10          0        168          0       1952   filter.o
       756         74          0         36       8192       7795   heap_4.o
       894         78          0         16          0      11676   include_port.o
       148          0          0          0          0       3886   list.o
      2218        598        175         26         24      29543   main.o
       352         36          0         17          0       1114   mppt.o
       992         40        760          0       1024       7423   oled.o
       742          8          0          0          0       4775   printf-stdarg.o
       886         54         33          0       1208      12439   segger_rtt.o
      1254         10         16          0          0       6277   segger_rtt_printf.o
      2958        166         26         21       1291      31409   segger_sysview.o
       494         32         80          8        160       3918   segger_sysview_freertos.o
       300         28          0          0          0       1349   spi.o
        64         26        388          0       4096        984   startup_at32f403a_407.o
       360         38         16          4          0       2440   system_at32f403a_407.o
      2876        364          0         68        200      25980   tasks.o
       372         28          0          0          0       1484   timer.o

    ----------------------------------------------------------------------
     24960       2640       2024        596      17356     343052   Object Totals
         0          0         32          0          0          0   (incl. Generated)
        34          0          4         16          3          0   (incl. Padding)

    ----------------------------------------------------------------------

      Code (inc. data)   RO Data    RW Data    ZI Data      Debug   Library Member Name

        90          0          0          0          0          0   __dczerorl2.o
         8          0          0          0          0         68   __main.o
         0          0          0          0          0          0   __rtentry.o
        12          0          0          0          0          0   __rtentry2.o
         6          0          0          0          0          0   __rtentry4.o
        52          8          0          0          0          0   __scatter.o
        28          0          0          0          0          0   __scatter_zi.o
        18          0          0          0          0         80   exit.o
         6          0          0          0          0        152   heapauxi.o
         2          0          0          0          0          0   libinit.o
         6          0          0          0          0          0   libinit2.o
         2          0          0          0          0          0   libshutdown.o
         2          0          0          0          0          0   libshutdown2.o
         8          4          0          0         96         68   libspace.o
        88          0          0          0          0         76   memcmp.o
        12          6          0          0          0         68   putchar.o
        68          0          0          0          0         68   rt_memclr.o
        78          0          0          0          0         80   rt_memclr_w.o
       138          0          0          0          0         68   rt_memcpy_v6.o
       100          0          0          0          0         80   rt_memcpy_w.o
         2          0          0          0          0          0   rtexit.o
        10          0          0          0          0          0   rtexit2.o
       128          0          0          0          0         68   strcmpv7m.o
        32          0          0          0          0         80   strcspn.o
        62          0          0          0          0         76   strlen.o
       150          0          0          0          0         80   strncmp.o
        28          0          0          0          0         80   strspn.o
        36          0          0          0          0         80   strstr.o
        12          6          0          4          0         68   strtok.o
        68          4          0          0          0         84   strtok_int.o
        74          0          0          0          0         80   sys_stackheap_outer.o
         2          0          0          0          0         68   use_no_semi.o
         2          0          0          0          0         68   use_no_semi_2.o
        98          4          0          0          0        140   d2f.o
       804         16          0          0          0        368   daddsub_clz.o
        46          0          0          0          0        116   dflt_clz.o
       340         12          0          0          0        152   dmul.o
       156          4          0          0          0        140   dnaninf.o
        12          0          0          0          0        116   dretinf.o
        10          0          0          0          0        116   fpinit.o
        10          0          0          0          0        116   fretinf.o
         0          0          0          0          0          0   usenofp.o

    ----------------------------------------------------------------------
      2816         64          0          4        100       2904   Library Totals
        10          0          0          0          4          0   (incl. Padding)

    ----------------------------------------------------------------------

      Code (inc. data)   RO Data    RW Data    ZI Data      Debug   Library Name

      1330         28          0          4         96       1640   c_w.l
      1476         36          0          0          0       1264   fz_wm.l

    ----------------------------------------------------------------------
      2816         64          0          4        100       2904   Library Totals

    ----------------------------------------------------------------------

==============================================================================


      Code (inc. data)   RO Data    RW Data    ZI Data      Debug   

     27776       2704       2024        600      17456     325172   Grand Totals
     27776       2704       2024        156      17456     325172   ELF Image Totals (compressed)
     27776       2704       2024        156          0          0   ROM Totals

==============================================================================

    Total RO  Size (Code + RO Data)                29800 (  29.10kB)
    Total RW  Size (RW Data + ZI Data)             18056 (  17.63kB)
    Total ROM Size (Code + RO Data + RW Data)      29956 (  29.25kB)

==============================================================================

