Component: ARM Compiler 5.06 update 6 (build 750) Tool: armlink [4d35ed]

==============================================================================

Section Cross References

    at32f403a_407_clock.o(i.system_clock_config) refers to at32f403a_407_crm.o(i.crm_reset) for crm_reset
    at32f403a_407_clock.o(i.system_clock_config) refers to at32f403a_407_crm.o(i.crm_clock_source_enable) for crm_clock_source_enable
    at32f403a_407_clock.o(i.system_clock_config) refers to at32f403a_407_crm.o(i.crm_hext_stable_wait) for crm_hext_stable_wait
    at32f403a_407_clock.o(i.system_clock_config) refers to at32f403a_407_crm.o(i.crm_pll_config) for crm_pll_config
    at32f403a_407_clock.o(i.system_clock_config) refers to at32f403a_407_crm.o(i.crm_hext_clock_div_set) for crm_hext_clock_div_set
    at32f403a_407_clock.o(i.system_clock_config) refers to at32f403a_407_crm.o(i.crm_flag_get) for crm_flag_get
    at32f403a_407_clock.o(i.system_clock_config) refers to at32f403a_407_crm.o(i.crm_ahb_div_set) for crm_ahb_div_set
    at32f403a_407_clock.o(i.system_clock_config) refers to at32f403a_407_crm.o(i.crm_apb2_div_set) for crm_apb2_div_set
    at32f403a_407_clock.o(i.system_clock_config) refers to at32f403a_407_crm.o(i.crm_apb1_div_set) for crm_apb1_div_set
    at32f403a_407_clock.o(i.system_clock_config) refers to at32f403a_407_crm.o(i.crm_auto_step_mode_enable) for crm_auto_step_mode_enable
    at32f403a_407_clock.o(i.system_clock_config) refers to at32f403a_407_crm.o(i.crm_sysclk_switch) for crm_sysclk_switch
    at32f403a_407_clock.o(i.system_clock_config) refers to at32f403a_407_crm.o(i.crm_sysclk_switch_status_get) for crm_sysclk_switch_status_get
    at32f403a_407_clock.o(i.system_clock_config) refers to system_at32f403a_407.o(i.system_core_clock_update) for system_core_clock_update
    main.o(i.SetupHardware) refers to at32f403a_407_misc.o(i.nvic_priority_group_config) for nvic_priority_group_config
    main.o(i.SetupHardware) refers to at32f403a_407_clock.o(i.system_clock_config) for system_clock_config
    main.o(i.SetupHardware) refers to at32f403a_407_board.o(i.dwt_delay_init) for dwt_delay_init
    main.o(i.SetupHardware) refers to at32f403a_407_board.o(i.at32_led_init) for at32_led_init
    main.o(i.SetupHardware) refers to at32f403a_407_board.o(i.at32_led_on) for at32_led_on
    main.o(i.SetupHardware) refers to at32f403a_407_board.o(i.at32_key_init) for at32_key_init
    main.o(i.SetupHardware) refers to adc.o(i.ADC_INIT) for ADC_INIT
    main.o(i.SetupHardware) refers to timer.o(i.TMR1_Init) for TMR1_Init
    main.o(i.SetupHardware) refers to at32f403a_407_board.o(i.dwt_delay_ms) for dwt_delay_ms
    main.o(i.SetupHardware) refers to esp8266.o(i.esp8266_Init) for esp8266_Init
    main.o(i.SetupHardware) refers to oled.o(i.OLED_Init) for OLED_Init
    main.o(i.main) refers to main.o(i.SetupHardware) for SetupHardware
    main.o(i.main) refers to tasks.o(i.xTaskCreate) for xTaskCreate
    main.o(i.main) refers to tasks.o(i.vTaskStartScheduler) for vTaskStartScheduler
    main.o(i.main) refers to main.o(i.start_task_function) for start_task_function
    main.o(i.sStateFault_task_function) refers to tasks.o(i.ulTaskGenericNotifyTake) for ulTaskGenericNotifyTake
    main.o(i.sStateFault_task_function) refers to at32f403a_407_board.o(i.at32_led_on) for at32_led_on
    main.o(i.sStateFault_task_function) refers to at32f403a_407_board.o(i.at32_led_off) for at32_led_off
    main.o(i.sStateFault_task_function) refers to at32f403a_407_tmr.o(i.tmr_interrupt_enable) for tmr_interrupt_enable
    main.o(i.sStateFault_task_function) refers to at32f403a_407_tmr.o(i.tmr_channel_enable) for tmr_channel_enable
    main.o(i.sStateFault_task_function) refers to segger_rtt_printf.o(i.SEGGER_RTT_printf) for SEGGER_RTT_printf
    main.o(i.sStateFault_task_function) refers to ctlloop.o(i.LoopFaultBack) for LoopFaultBack
    main.o(i.sStateFault_task_function) refers to at32f403a_407_board.o(i.Key_Scan) for Key_Scan
    main.o(i.sStateFault_task_function) refers to tasks.o(i.xTaskGenericNotify) for xTaskGenericNotify
    main.o(i.sStateFault_task_function) refers to tasks.o(i.vTaskDelay) for vTaskDelay
    main.o(i.sStateFault_task_function) refers to charge.o(.data) for gMy_Battry
    main.o(i.sStateFault_task_function) refers to ctlloop.o(.data) for loop_err
    main.o(i.sStateFault_task_function) refers to esp8266.o(.data) for Netbutton
    main.o(i.sStateFault_task_function) refers to main.o(.data) for DeviceSwitch
    main.o(i.sStateInit_task_function) refers to tasks.o(i.vTaskDelay) for vTaskDelay
    main.o(i.sStateInit_task_function) refers to at32f403a_407_board.o(i.Key_Scan) for Key_Scan
    main.o(i.sStateInit_task_function) refers to ctlloop.o(i.ExcursionCheck) for ExcursionCheck
    main.o(i.sStateInit_task_function) refers to ctlloop.o(i.LoopFaultCheck) for LoopFaultCheck
    main.o(i.sStateInit_task_function) refers to tasks.o(i.xTaskGenericNotify) for xTaskGenericNotify
[...]
    _aV2C                                    0x080060d2   Data          16  segger_rtt_printf.o(.constdata)
    .constdata                               0x080060e2   Section       40  at32f403a_407_crm.o(.constdata)
    sclk_ahb_div_table                       0x080060e2   Data          16  at32f403a_407_crm.o(.constdata)
    ahb_apb1_div_table                       0x080060f2   Data           8  at32f403a_407_crm.o(.constdata)
    ahb_apb2_div_table                       0x080060fa   Data           8  at32f403a_407_crm.o(.constdata)
    adc_div_table                            0x08006102   Data           8  at32f403a_407_crm.o(.constdata)
    .constdata                               0x0800610a   Section       16  system_at32f403a_407.o(.constdata)
    sys_ahb_div_table                        0x0800610a   Data          16  system_at32f403a_407.o(.constdata)
    .conststring                             0x0800611c   Section      253  main.o(.conststring)
    .conststring                             0x0800621c   Section      454  esp8266.o(.conststring)
    .data                                    0x20000000   Section       26  main.o(.data)
    systemcoreclock                          0x20000000   Data           4  main.o(.data)
    i                                        0x20000018   Data           2  main.o(.data)
    .data                                    0x2000001c   Section       16  include_port.o(.data)
    systemcoreclock                          0x2000001c   Data           4  include_port.o(.data)
    uxCriticalNesting                        0x20000020   Data           4  include_port.o(.data)
    ucMaxSysCallPriority                     0x20000024   Data           1  include_port.o(.data)
    ulMaxPRIGROUPValue                       0x20000028   Data           4  include_port.o(.data)
    .data                                    0x2000002c   Section       17  at32f403a_407_board.o(.data)
    systemcoreclock                          0x2000002c   Data           4  at32f403a_407_board.o(.data)
    dwt_fac_us                               0x20000030   Data           4  at32f403a_407_board.o(.data)
    dwt_fac_ms                               0x20000034   Data           4  at32f403a_407_board.o(.data)
    cnt                                      0x2000003c   Data           1  at32f403a_407_board.o(.data)
    .data                                    0x2000003e   Section        8  adc.o(.data)
    .data                                    0x20000048   Section       79  ctlloop.o(.data)
    excu_count                               0x2000006e   Data           2  ctlloop.o(.data)
    excu_FaultCnt                            0x20000070   Data           2  ctlloop.o(.data)
    IinSum                                   0x20000074   Data           4  ctlloop.o(.data)
    IoutSum                                  0x20000078   Data           4  ctlloop.o(.data)
    IinErr                                   0x2000007c   Data           4  ctlloop.o(.data)
    IoutErr                                  0x20000080   Data           4  ctlloop.o(.data)
    VinAvgSum                                0x20000084   Data           4  ctlloop.o(.data)
    IinAvgSum                                0x20000088   Data           4  ctlloop.o(.data)
    VoutAvgSum                               0x2000008c   Data           4  ctlloop.o(.data)
    IoutAvgSum                               0x20000090   Data           4  ctlloop.o(.data)
    v_loop_ctrcnt                            0x20000094   Data           1  ctlloop.o(.data)
    fault_cnt                                0x20000095   Data           1  ctlloop.o(.data)
    back_cnt                                 0x20000096   Data           1  ctlloop.o(.data)
    .data                                    0x20000098   Section       62  charge.o(.data)
    swiStaTime                               0x200000d0   Data           2  charge.o(.data)
    precharge_time                           0x200000d2   Data           2  charge.o(.data)
    charge_time                              0x200000d4   Data           2  charge.o(.data)
    .data                                    0x200000d8   Section      168  filter.o(.data)
    .data                                    0x20000180   Section       17  mppt.o(.data)
    pv_Plast                                 0x20000184   Data           4  mppt.o(.data)
    mppt_up_dn_flag                          0x20000188   Data           1  mppt.o(.data)
    pv_ref                                   0x2000018c   Data           4  mppt.o(.data)
    mppt_run_count                           0x20000190   Data           1  mppt.o(.data)
    .data                                    0x20000194   Section       50  esp8266.o(.data)
    usart_rx_counter                         0x200001c4   Data           1  esp8266.o(.data)
    .data                                    0x200001c8   Section        4  system_at32f403a_407.o(.data)
    .data                                    0x200001cc   Section       68  tasks.o(.data)
    systemcoreclock                          0x200001cc   Data           4  tasks.o(.data)
    pxDelayedTaskList                        0x200001d4   Data           4  tasks.o(.data)
    pxOverflowDelayedTaskList                0x200001d8   Data           4  tasks.o(.data)
    uxDeletedTasksWaitingCleanUp             0x200001dc   Data           4  tasks.o(.data)
    uxCurrentNumberOfTasks                   0x200001e0   Data           4  tasks.o(.data)
    xTickCount                               0x200001e4   Data           4  tasks.o(.data)
    uxTopReadyPriority                       0x200001e8   Data           4  tasks.o(.data)
    xSchedulerRunning                        0x200001ec   Data           4  tasks.o(.data)
    xPendedTicks                             0x200001f0   Data           4  tasks.o(.data)
    xYieldPending                            0x200001f4   Data           4  tasks.o(.data)
    xNumOfOverflows                          0x200001f8   Data           4  tasks.o(.data)
    uxTaskNumber                             0x200001fc   Data           4  tasks.o(.data)
    xNextTaskUnblockTime                     0x20000200   Data           4  tasks.o(.data)
    xIdleTaskHandle                          0x20000204   Data           4  tasks.o(.data)
    uxSchedulerSuspended                     0x2000020c   Data           4  tasks.o(.data)
    .data                                    0x20000210   Section       36  heap_4.o(.data)
    systemcoreclock                          0x20000210   Data           4  heap_4.o(.data)
    xStart                                   0x20000214   Data           8  heap_4.o(.data)
    pxEnd                                    0x2000021c   Data           4  heap_4.o(.data)
    xFreeBytesRemaining                      0x20000220   Data           4  heap_4.o(.data)
    xMinimumEverFreeBytesRemaining           0x20000224   Data           4  heap_4.o(.data)
    xNumberOfSuccessfulAllocations           0x20000228   Data           4  heap_4.o(.data)
    xNumberOfSuccessfulFrees                 0x2000022c   Data           4  heap_4.o(.data)
    xBlockAllocatedBit                       0x20000230   Data           4  heap_4.o(.data)
    .data                                    0x20000234   Section        4  strtok.o(.data)
    _strtok_saves1                           0x20000234   Data           4  strtok.o(.data)
    .bss                                     0x20000238   Section       24  main.o(.bss)
    .bss                                     0x20000250   Section      240  ctlloop.o(.bss)
    .bss                                     0x20000340   Section      918  esp8266.o(.bss)
    uart_tx_buf                              0x20000340   Data         256  esp8266.o(.bss)
    uart_tx_temp                             0x20000440   Data         256  esp8266.o(.bss)
    .bss                                     0x200006d6   Section     1024  oled.o(.bss)
    OLED_buffer                              0x200006d6   Data        1024  oled.o(.bss)
    .bss                                     0x20000ad8   Section     1208  segger_rtt.o(.bss)
    _acUpBuffer                              0x20000b80   Data        1024  segger_rtt.o(.bss)
    _acDownBuffer                            0x20000f80   Data          16  segger_rtt.o(.bss)
    .bss                                     0x20000f90   Section      200  tasks.o(.bss)
    pxReadyTasksLists                        0x20000f90   Data         100  tasks.o(.bss)
    xDelayedTaskList1                        0x20000ff4   Data          20  tasks.o(.bss)
    xDelayedTaskList2                        0x20001008   Data          20  tasks.o(.bss)
    xPendingReadyList                        0x2000101c   Data          20  tasks.o(.bss)
    xTasksWaitingTermination                 0x20001030   Data          20  tasks.o(.bss)
    xSuspendedTaskList                       0x20001044   Data          20  tasks.o(.bss)
    .bss                                     0x20001058   Section     8192  heap_4.o(.bss)
    ucHeap                                   0x20001058   Data        8192  heap_4.o(.bss)
    .bss                                     0x20003058   Section       96  libspace.o(.bss)
    HEAP                                     0x200030b8   Section     2048  startup_at32f403a_407.o(HEAP)
    Heap_Mem                                 0x200030b8   Data        2048  startup_at32f403a_407.o(HEAP)
    STACK                                    0x200038b8   Section     2048  startup_at32f403a_407.o(STACK)
    Stack_Mem                                0x200038b8   Data        2048  startup_at32f403a_407.o(STACK)
    __initial_sp                             0x200040b8   Data           0  startup_at32f403a_407.o(STACK)

    Global Symbols

    Symbol Name                              Value     Ov Type        Size  Object(Section)

    BuildAttributes$$THM_ISAv4$E$P$D$K$B$S$7EM$VFPi3$EXTD16$VFPS$VFMA$PE$A:L22UL41UL21$X:L11$S22US41US21$IEEE1$IW$USESV6$~STKCKD$USESV7$~SHL$OSPACE$ROPI$EBA8$UX$STANDARDLIB$REQ8$PRES8$EABIv2 0x00000000   Number         0  anon$$obj.o ABSOLUTE
    __ARM_use_no_argv                        0x00000000   Number         0  main.o ABSOLUTE
    __ARM_exceptions_init                     - Undefined Weak Reference
    __alloca_initialize                       - Undefined Weak Reference
    __arm_preinit_                            - Undefined Weak Reference
    __cpp_initialize__aeabi_                  - Undefined Weak Reference
    __cxa_finalize                            - Undefined Weak Reference
    __rt_locale                               - Undefined Weak Reference
    __sigvec_lookup                           - Undefined Weak Reference
    _atexit_init                              - Undefined Weak Reference
    _call_atexit_fns                          - Undefined Weak Reference
    _clock_init                               - Undefined Weak Reference
    _fp_trap_init                             - Undefined Weak Reference
    _fp_trap_shutdown                         - Undefined Weak Reference
    _get_lc_collate                           - Undefined Weak Reference
    _get_lc_ctype                             - Undefined Weak Reference
    _get_lc_monetary                          - Undefined Weak Reference
    _get_lc_numeric                           - Undefined Weak Reference
    _get_lc_time                              - Undefined Weak Reference
    _getenv_init                              - Undefined Weak Reference
    _handle_redirection                       - Undefined Weak Reference
    _init_alloc                               - Undefined Weak Reference
    _init_user_alloc                          - Undefined Weak Reference
    _initio                                   - Undefined Weak Reference
    _rand_init                                - Undefined Weak Reference
    _signal_finish                            - Undefined Weak Reference
    _signal_init                              - Undefined Weak Reference
    _terminate_alloc                          - Undefined Weak Reference
    _terminate_user_alloc                     - Undefined Weak Reference
    _terminateio                              - Undefined Weak Reference
    __Vectors_Size                           0x00000184   Number         0  startup_at32f403a_407.o ABSOLUTE
    __Vectors                                0x08000000   Data           4  startup_at32f403a_407.o(RESET)
    __Vectors_End                            0x08000184   Data           0  startup_at32f403a_407.o(RESET)
    __main                                   0x08000185   Thumb Code     8  __main.o(!!!main)
    __scatterload                            0x0800018d   Thumb Code     0  __scatter.o(!!!scatter)
    __scatterload_rt2                        0x0800018d   Thumb Code    44  __scatter.o(!!!scatter)
    __scatterload_rt2_thumb_only             0x0800018d   Thumb Code     0  __scatter.o(!!!scatter)
    __scatterload_null                       0x0800019b   Thumb Code     0  __scatter.o(!!!scatter)
    __decompress                             0x080001c1   Thumb Code    90  __dczerorl2.o(!!dczerorl2)
    __decompress1                            0x080001c1   Thumb Code     0  __dczerorl2.o(!!dczerorl2)
    __scatterload_zeroinit                   0x0800021d   Thumb Code    28  __scatter_zi.o(!!handler_zi)
    __rt_lib_init                            0x08000239   Thumb Code     0  libinit.o(.ARM.Collect$$libinit$$00000000)
    __rt_lib_init_fp_1                       0x0800023b   Thumb Code     0  libinit2.o(.ARM.Collect$$libinit$$00000001)
    __rt_lib_init_alloca_1                   0x0800023f   Thumb Code     0  libinit2.o(.ARM.Collect$$libinit$$0000002E)
    __rt_lib_init_argv_1                     0x0800023f   Thumb Code     0  libinit2.o(.ARM.Collect$$libinit$$0000002C)
    __rt_lib_init_atexit_1                   0x0800023f   Thumb Code     0  libinit2.o(.ARM.Collect$$libinit$$0000001B)
    __rt_lib_init_clock_1                    0x0800023f   Thumb Code     0  libinit2.o(.ARM.Collect$$libinit$$00000021)
    __rt_lib_init_cpp_1                      0x0800023f   Thumb Code     0  libinit2.o(.ARM.Collect$$libinit$$00000032)
    __rt_lib_init_exceptions_1               0x0800023f   Thumb Code     0  libinit2.o(.ARM.Collect$$libinit$$00000030)
    __rt_lib_init_fp_trap_1                  0x0800023f   Thumb Code     0  libinit2.o(.ARM.Collect$$libinit$$0000001F)
    __rt_lib_init_getenv_1                   0x0800023f   Thumb Code     0  libinit2.o(.ARM.Collect$$libinit$$00000023)
    __rt_lib_init_heap_1                     0x0800023f   Thumb Code     0  libinit2.o(.ARM.Collect$$libinit$$0000000A)
    __rt_lib_init_lc_collate_1               0x0800023f   Thumb Code     0  libinit2.o(.ARM.Collect$$libinit$$00000011)
    __rt_lib_init_lc_ctype_1                 0x0800023f   Thumb Code     0  libinit2.o(.ARM.Collect$$libinit$$00000013)
    __rt_lib_init_lc_monetary_1              0x0800023f   Thumb Code     0  libinit2.o(.ARM.Collect$$libinit$$00000015)
    __rt_lib_init_lc_numeric_1               0x0800023f   Thumb Code     0  libinit2.o(.ARM.Collect$$libinit$$00000017)
    __rt_lib_init_lc_time_1                  0x0800023f   Thumb Code     0  libinit2.o(.ARM.Collect$$libinit$$00000019)
    __rt_lib_init_preinit_1                  0x0800023f   Thumb Code     0  libinit2.o(.ARM.Collect$$libinit$$00000004)
    __rt_lib_init_rand_1                     0x0800023f   Thumb Code     0  libinit2.o(.ARM.Collect$$libinit$$0000000E)
    __rt_lib_init_return                     0x0800023f   Thumb Code     0  libinit2.o(.ARM.Collect$$libinit$$00000033)
    __rt_lib_init_signal_1                   0x0800023f   Thumb Code     0  libinit2.o(.ARM.Collect$$libinit$$0000001D)
    __rt_lib_init_stdio_1                    0x0800023f   Thumb Code     0  libinit2.o(.ARM.Collect$$libinit$$00000025)
    __rt_lib_init_user_alloc_1               0x0800023f   Thumb Code     0  libinit2.o(.ARM.Collect$$libinit$$0000000C)
    __rt_lib_shutdown                        0x08000241   Thumb Code     0  libshutdown.o(.ARM.Collect$$libshutdown$$00000000)
    __rt_lib_shutdown_cpp_1                  0x08000243   Thumb Code     0  libshutdown2.o(.ARM.Collect$$libshutdown$$00000002)
    __rt_lib_shutdown_fp_trap_1              0x08000243   Thumb Code     0  libshutdown2.o(.ARM.Collect$$libshutdown$$00000007)
    __rt_lib_shutdown_heap_1                 0x08000243   Thumb Code     0  libshutdown2.o(.ARM.Collect$$libshutdown$$0000000F)
    __rt_lib_shutdown_return                 0x08000243   Thumb Code     0  libshutdown2.o(.ARM.Collect$$libshutdown$$00000010)
    __rt_lib_shutdown_signal_1               0x08000243   Thumb Code     0  libshutdown2.o(.ARM.Collect$$libshutdown$$0000000A)
    __rt_lib_shutdown_stdio_1                0x08000243   Thumb Code     0  libshutdown2.o(.ARM.Collect$$libshutdown$$00000004)
    __rt_lib_shutdown_user_alloc_1           0x08000243   Thumb Code     0  libshutdown2.o(.ARM.Collect$$libshutdown$$0000000C)
    __rt_entry                               0x08000245   Thumb Code     0  __rtentry.o(.ARM.Collect$$rtentry$$00000000)
    __rt_entry_presh_1                       0x08000245   Thumb Code     0  __rtentry2.o(.ARM.Collect$$rtentry$$00000002)
    __rt_entry_sh                            0x08000245   Thumb Code     0  __rtentry4.o(.ARM.Collect$$rtentry$$00000004)
    __rt_entry_li                            0x0800024b   Thumb Code     0  __rtentry2.o(.ARM.Collect$$rtentry$$0000000A)
    __rt_entry_postsh_1                      0x0800024b   Thumb Code     0  __rtentry2.o(.ARM.Collect$$rtentry$$00000009)
    __rt_entry_main                          0x0800024f   Thumb Code     0  __rtentry2.o(.ARM.Collect$$rtentry$$0000000D)
    __rt_entry_postli_1                      0x0800024f   Thumb Code     0  __rtentry2.o(.ARM.Collect$$rtentry$$0000000C)
    __rt_exit                                0x08000257   Thumb Code     0  rtexit.o(.ARM.Collect$$rtexit$$00000000)
    __rt_exit_ls                             0x08000259   Thumb Code     0  rtexit2.o(.ARM.Collect$$rtexit$$00000003)
    __rt_exit_prels_1                        0x08000259   Thumb Code     0  rtexit2.o(.ARM.Collect$$rtexit$$00000002)
    __rt_exit_exit                           0x0800025d   Thumb Code     0  rtexit2.o(.ARM.Collect$$rtexit$$00000004)
    SVC_Handler                              0x08000265   Thumb Code    28  include_port.o(.emb_text)
    __asm___14_include_port_c_39a90d8d__prvStartFirstTask 0x08000285   Thumb Code    36  include_port.o(.emb_text)
    __asm___14_include_port_c_39a90d8d__prvEnableVFP 0x080002ad   Thumb Code    16  include_port.o(.emb_text)
    PendSV_Handler                           0x080002c1   Thumb Code    88  include_port.o(.emb_text)
    vPortGetIPSR                             0x0800031d   Thumb Code     6  include_port.o(.emb_text)
    Reset_Handler                            0x08000325   Thumb Code     8  startup_at32f403a_407.o(.text)
    ACC_IRQHandler                           0x0800033f   Thumb Code     0  startup_at32f403a_407.o(.text)
    ADC1_2_IRQHandler                        0x0800033f   Thumb Code     0  startup_at32f403a_407.o(.text)
    ADC3_IRQHandler                          0x0800033f   Thumb Code     0  startup_at32f403a_407.o(.text)
    CAN1_RX1_IRQHandler                      0x0800033f   Thumb Code     0  startup_at32f403a_407.o(.text)
    CAN1_SE_IRQHandler                       0x0800033f   Thumb Code     0  startup_at32f403a_407.o(.text)
    CAN2_RX0_IRQHandler                      0x0800033f   Thumb Code     0  startup_at32f403a_407.o(.text)
    CAN2_RX1_IRQHandler                      0x0800033f   Thumb Code     0  startup_at32f403a_407.o(.text)
    CAN2_SE_IRQHandler                       0x0800033f   Thumb Code     0  startup_at32f403a_407.o(.text)
    CAN2_TX_IRQHandler                       0x0800033f   Thumb Code     0  startup_at32f403a_407.o(.text)
    CRM_IRQHandler                           0x0800033f   Thumb Code     0  startup_at32f403a_407.o(.text)
    DMA1_Channel1_IRQHandler                 0x0800033f   Thumb Code     0  startup_at32f403a_407.o(.text)
    DMA1_Channel2_IRQHandler                 0x0800033f   Thumb Code     0  startup_at32f403a_407.o(.text)
    DMA1_Channel3_IRQHandler                 0x0800033f   Thumb Code     0  startup_at32f403a_407.o(.text)
    DMA1_Channel4_IRQHandler                 0x0800033f   Thumb Code     0  startup_at32f403a_407.o(.text)
    DMA1_Channel5_IRQHandler                 0x0800033f   Thumb Code     0  startup_at32f403a_407.o(.text)
    DMA1_Channel6_IRQHandler                 0x0800033f   Thumb Code     0  startup_at32f403a_407.o(.text)
    DMA1_Channel7_IRQHandler                 0x0800033f   Thumb Code     0  startup_at32f403a_407.o(.text)
    DMA2_Channel1_IRQHandler                 0x0800033f   Thumb Code     0  startup_at32f403a_407.o(.text)
    DMA2_Channel2_IRQHandler                 0x0800033f   Thumb Code     0  startup_at32f403a_407.o(.text)
    DMA2_Channel3_IRQHandler                 0x0800033f   Thumb Code     0  startup_at32f403a_407.o(.text)
    DMA2_Channel4_5_IRQHandler               0x0800033f   Thumb Code     0  startup_at32f403a_407.o(.text)
    DMA2_Channel6_7_IRQHandler               0x0800033f   Thumb Code     0  startup_at32f403a_407.o(.text)
    EMAC_IRQHandler                          0x0800033f   Thumb Code     0  startup_at32f403a_407.o(.text)
    EMAC_WKUP_IRQHandler                     0x0800033f   Thumb Code     0  startup_at32f403a_407.o(.text)
    EXINT0_IRQHandler                        0x0800033f   Thumb Code     0  startup_at32f403a_407.o(.text)
    EXINT15_10_IRQHandler                    0x0800033f   Thumb Code     0  startup_at32f403a_407.o(.text)
    EXINT1_IRQHandler                        0x0800033f   Thumb Code     0  startup_at32f403a_407.o(.text)
    EXINT2_IRQHandler                        0x0800033f   Thumb Code     0  startup_at32f403a_407.o(.text)
    EXINT3_IRQHandler                        0x0800033f   Thumb Code     0  startup_at32f403a_407.o(.text)
    EXINT4_IRQHandler                        0x0800033f   Thumb Code     0  startup_at32f403a_407.o(.text)
    EXINT9_5_IRQHandler                      0x0800033f   Thumb Code     0  startup_at32f403a_407.o(.text)
    FLASH_IRQHandler                         0x0800033f   Thumb Code     0  startup_at32f403a_407.o(.text)
    I2C1_ERR_IRQHandler                      0x0800033f   Thumb Code     0  startup_at32f403a_407.o(.text)
    I2C1_EVT_IRQHandler                      0x0800033f   Thumb Code     0  startup_at32f403a_407.o(.text)
    I2C2_ERR_IRQHandler                      0x0800033f   Thumb Code     0  startup_at32f403a_407.o(.text)
    I2C2_EVT_IRQHandler                      0x0800033f   Thumb Code     0  startup_at32f403a_407.o(.text)
    I2C3_ERR_IRQHandler                      0x0800033f   Thumb Code     0  startup_at32f403a_407.o(.text)
    I2C3_EVT_IRQHandler                      0x0800033f   Thumb Code     0  startup_at32f403a_407.o(.text)
    PVM_IRQHandler                           0x0800033f   Thumb Code     0  startup_at32f403a_407.o(.text)
    RTCAlarm_IRQHandler                      0x0800033f   Thumb Code     0  startup_at32f403a_407.o(.text)
    RTC_IRQHandler                           0x0800033f   Thumb Code     0  startup_at32f403a_407.o(.text)
    SDIO1_IRQHandler                         0x0800033f   Thumb Code     0  startup_at32f403a_407.o(.text)
    SDIO2_IRQHandler                         0x0800033f   Thumb Code     0  startup_at32f403a_407.o(.text)
    SPI1_IRQHandler                          0x0800033f   Thumb Code     0  startup_at32f403a_407.o(.text)
    SPI2_I2S2EXT_IRQHandler                  0x0800033f   Thumb Code     0  startup_at32f403a_407.o(.text)
    SPI3_I2S3EXT_IRQHandler                  0x0800033f   Thumb Code     0  startup_at32f403a_407.o(.text)
    SPI4_IRQHandler                          0x0800033f   Thumb Code     0  startup_at32f403a_407.o(.text)
    TAMPER_IRQHandler                        0x0800033f   Thumb Code     0  startup_at32f403a_407.o(.text)
    TMR1_BRK_TMR9_IRQHandler                 0x0800033f   Thumb Code     0  startup_at32f403a_407.o(.text)
    TMR1_CH_IRQHandler                       0x0800033f   Thumb Code     0  startup_at32f403a_407.o(.text)
    TMR1_TRG_HALL_TMR11_IRQHandler           0x0800033f   Thumb Code     0  startup_at32f403a_407.o(.text)
    TMR2_GLOBAL_IRQHandler                   0x0800033f   Thumb Code     0  startup_at32f403a_407.o(.text)
    TMR3_GLOBAL_IRQHandler                   0x0800033f   Thumb Code     0  startup_at32f403a_407.o(.text)
    TMR4_GLOBAL_IRQHandler                   0x0800033f   Thumb Code     0  startup_at32f403a_407.o(.text)
    TMR5_GLOBAL_IRQHandler                   0x0800033f   Thumb Code     0  startup_at32f403a_407.o(.text)
    TMR6_GLOBAL_IRQHandler                   0x0800033f   Thumb Code     0  startup_at32f403a_407.o(.text)
    TMR7_GLOBAL_IRQHandler                   0x0800033f   Thumb Code     0  startup_at32f403a_407.o(.text)
    TMR8_BRK_TMR12_IRQHandler                0x0800033f   Thumb Code     0  startup_at32f403a_407.o(.text)
    TMR8_CH_IRQHandler                       0x0800033f   Thumb Code     0  startup_at32f403a_407.o(.text)
    TMR8_OVF_TMR13_IRQHandler                0x0800033f   Thumb Code     0  startup_at32f403a_407.o(.text)
    TMR8_TRG_HALL_TMR14_IRQHandler           0x0800033f   Thumb Code     0  startup_at32f403a_407.o(.text)
    UART4_IRQHandler                         0x0800033f   Thumb Code     0  startup_at32f403a_407.o(.text)
    UART5_IRQHandler                         0x0800033f   Thumb Code     0  startup_at32f403a_407.o(.text)
    UART7_IRQHandler                         0x0800033f   Thumb Code     0  startup_at32f403a_407.o(.text)
    UART8_IRQHandler                         0x0800033f   Thumb Code     0  startup_at32f403a_407.o(.text)
    USART2_IRQHandler                        0x0800033f   Thumb Code     0  startup_at32f403a_407.o(.text)
    USART3_IRQHandler                        0x0800033f   Thumb Code     0  startup_at32f403a_407.o(.text)
    USART6_IRQHandler                        0x0800033f   Thumb Code     0  startup_at32f403a_407.o(.text)
    USBFSWakeUp_IRQHandler                   0x0800033f   Thumb Code     0  startup_at32f403a_407.o(.text)
    USBFS_H_CAN1_TX_IRQHandler               0x0800033f   Thumb Code     0  startup_at32f403a_407.o(.text)
    USBFS_L_CAN1_RX0_IRQHandler              0x0800033f   Thumb Code     0  startup_at32f403a_407.o(.text)
    USBFS_MAPH_IRQHandler                    0x0800033f   Thumb Code     0  startup_at32f403a_407.o(.text)
    USBFS_MAPL_IRQHandler                    0x0800033f   Thumb Code     0  startup_at32f403a_407.o(.text)
    WWDT_IRQHandler                          0x0800033f   Thumb Code     0  startup_at32f403a_407.o(.text)
    XMC_IRQHandler                           0x0800033f   Thumb Code     0  startup_at32f403a_407.o(.text)
    __user_initial_stackheap                 0x08000341   Thumb Code     0  startup_at32f403a_407.o(.text)
    __use_no_semihosting                     0x08000365   Thumb Code     2  use_no_semi_2.o(.text)
    putchar                                  0x08000369   Thumb Code     6  putchar.o(.text)
    strtok                                   0x08000375   Thumb Code     6  strtok.o(.text)
    strstr                                   0x08000381   Thumb Code    36  strstr.o(.text)
    strcpy                                   0x080003a5   Thumb Code    72  strcpy.o(.text)
    strlen                                   0x080003ed   Thumb Code    62  strlen.o(.text)
    strncmp                                  0x0800042b   Thumb Code   150  strncmp.o(.text)
    __aeabi_memcpy                           0x080004c1   Thumb Code     0  rt_memcpy_v6.o(.text)
    __rt_memcpy                              0x080004c1   Thumb Code   138  rt_memcpy_v6.o(.text)
    _memcpy_lastbytes                        0x08000527   Thumb Code     0  rt_memcpy_v6.o(.text)
    __aeabi_memclr                           0x0800054b   Thumb Code     0  rt_memclr.o(.text)
    __rt_memclr                              0x0800054b   Thumb Code    68  rt_memclr.o(.text)
    _memset                                  0x0800054f   Thumb Code     0  rt_memclr.o(.text)
    __aeabi_memclr4                          0x0800058f   Thumb Code     0  rt_memclr_w.o(.text)
    __aeabi_memclr8                          0x0800058f   Thumb Code     0  rt_memclr_w.o(.text)
    __rt_memclr_w                            0x0800058f   Thumb Code    78  rt_memclr_w.o(.text)
    _memset_w                                0x08000593   Thumb Code     0  rt_memclr_w.o(.text)
    strcmp                                   0x080005dd   Thumb Code   128  strcmpv7m.o(.text)
    __use_two_region_memory                  0x0800065d   Thumb Code     2  heapauxi.o(.text)
    __rt_heap_escrow$2region                 0x0800065f   Thumb Code     2  heapauxi.o(.text)
    __rt_heap_expand$2region                 0x08000661   Thumb Code     2  heapauxi.o(.text)
    __I$use$semihosting                      0x08000663   Thumb Code     0  use_no_semi.o(.text)
    __use_no_semihosting_swi                 0x08000663   Thumb Code     2  use_no_semi.o(.text)
    __strtok_internal                        0x08000665   Thumb Code    64  strtok_int.o(.text)
    __aeabi_memcpy4                          0x080006a9   Thumb Code     0  rt_memcpy_w.o(.text)
    __aeabi_memcpy8                          0x080006a9   Thumb Code     0  rt_memcpy_w.o(.text)
    __rt_memcpy_w                            0x080006a9   Thumb Code   100  rt_memcpy_w.o(.text)
    _memcpy_lastbytes_aligned                0x080006f1   Thumb Code     0  rt_memcpy_w.o(.text)
    strcspn                                  0x0800070d   Thumb Code    32  strcspn.o(.text)
    strspn                                   0x0800072d   Thumb Code    28  strspn.o(.text)
    __user_setup_stackheap                   0x08000749   Thumb Code    74  sys_stackheap_outer.o(.text)
    exit                                     0x08000793   Thumb Code    18  exit.o(.text)
    __user_libspace                          0x080007a5   Thumb Code     8  libspace.o(.text)
    __user_perproc_libspace                  0x080007a5   Thumb Code     0  libspace.o(.text)
    __user_perthread_libspace                0x080007a5   Thumb Code     0  libspace.o(.text)
    ADCSample                                0x080007ad   Thumb Code   266  ctlloop.o(i.ADCSample)
    ADC_INIT                                 0x080008d5   Thumb Code   342  adc.o(i.ADC_INIT)
    Buck_LoopControl                         0x08000a45   Thumb Code   348  ctlloop.o(i.Buck_LoopControl)
    BusFault_Handler                         0x08000bc9   Thumb Code     4  at32f403a_407_int.o(i.BusFault_Handler)
    ChargeStateCalc                          0x08000bcd   Thumb Code   524  charge.o(i.ChargeStateCalc)
    DebugMon_Handler                         0x08000df1   Thumb Code     2  at32f403a_407_int.o(i.DebugMon_Handler)
    Esp8266_send_data                        0x08000df5   Thumb Code    56  esp8266.o(i.Esp8266_send_data)
    ExcursionCheck                           0x08000e39   Thumb Code   174  ctlloop.o(i.ExcursionCheck)
    GUI_DrawLine                             0x08000f09   Thumb Code   176  oled.o(i.GUI_DrawLine)
    GUI_ShowChar                             0x08000fb9   Thumb Code   142  oled.o(i.GUI_ShowChar)
    GUI_ShowString                           0x0800104d   Thumb Code    58  oled.o(i.GUI_ShowString)
    HardFault_Handler                        0x08001087   Thumb Code     4  at32f403a_407_int.o(i.HardFault_Handler)
    Key_Scan                                 0x0800108d   Thumb Code    82  at32f403a_407_board.o(i.Key_Scan)
    LoopFaultBack                            0x080010e9   Thumb Code    82  ctlloop.o(i.LoopFaultBack)
    LoopFaultCheck                           0x08001149   Thumb Code   146  ctlloop.o(i.LoopFaultCheck)
    MemManage_Handler                        0x080011ed   Thumb Code     4  at32f403a_407_int.o(i.MemManage_Handler)
    NMI_Handler                              0x080011f1   Thumb Code     2  at32f403a_407_int.o(i.NMI_Handler)
    OLED_Display                             0x080011f5   Thumb Code    70  oled.o(i.OLED_Display)
    OLED_Init                                0x08001241   Thumb Code   222  oled.o(i.OLED_Init)
    OLED_Init_GPIO                           0x08001321   Thumb Code    66  oled.o(i.OLED_Init_GPIO)
    OLED_Reset                               0x0800136d   Thumb Code    42  oled.o(i.OLED_Reset)
    OLED_Set_Pixel                           0x0800139d   Thumb Code   122  oled.o(i.OLED_Set_Pixel)
    OLED_WR_Byte                             0x0800141d   Thumb Code    54  oled.o(i.OLED_WR_Byte)
    SEGGER_RTT_Write                         0x08001459   Thumb Code    68  segger_rtt.o(i.SEGGER_RTT_Write)
    SEGGER_RTT_WriteNoLock                   0x080014a1   Thumb Code   126  segger_rtt.o(i.SEGGER_RTT_WriteNoLock)
    SEGGER_RTT_printf                        0x08001525   Thumb Code    34  segger_rtt_printf.o(i.SEGGER_RTT_printf)
    SEGGER_RTT_vprintf                       0x08001549   Thumb Code   676  segger_rtt_printf.o(i.SEGGER_RTT_vprintf)
    SPI1_Init                                0x080017f1   Thumb Code   230  spi.o(i.SPI1_Init)
    SPI1_WriteByte                           0x080018ed   Thumb Code    42  spi.o(i.SPI1_WriteByte)
    SetupHardware                            0x0800191d   Thumb Code    66  main.o(i.SetupHardware)
    SysTick_Handler                          0x08001961   Thumb Code    46  include_port.o(i.SysTick_Handler)
    SystemInit                               0x08001995   Thumb Code   100  system_at32f403a_407.o(i.SystemInit)
    TMR1_Init                                0x08001a05   Thumb Code   304  timer.o(i.TMR1_Init)
    TMR1_OVF_TMR10_IRQHandler                0x08001b49   Thumb Code    28  timer.o(i.TMR1_OVF_TMR10_IRQHandler)
    USART1_IRQHandler                        0x08001b69   Thumb Code    86  esp8266.o(i.USART1_IRQHandler)
    UsageFault_Handler                       0x08001bcd   Thumb Code     4  at32f403a_407_int.o(i.UsageFault_Handler)
    _sys_exit                                0x08001f47   Thumb Code     4  at32f403a_407_board.o(i._sys_exit)
    adc_base_config                          0x08001f4b   Thumb Code    44  at32f403a_407_adc.o(i.adc_base_config)
    adc_base_default_para_init               0x08001f77   Thumb Code    14  at32f403a_407_adc.o(i.adc_base_default_para_init)
    adc_calibration_init                     0x08001f85   Thumb Code    12  at32f403a_407_adc.o(i.adc_calibration_init)
    adc_calibration_init_status_get          0x08001f91   Thumb Code    18  at32f403a_407_adc.o(i.adc_calibration_init_status_get)
    adc_calibration_start                    0x08001fa3   Thumb Code    12  at32f403a_407_adc.o(i.adc_calibration_start)
    adc_calibration_status_get               0x08001faf   Thumb Code    18  at32f403a_407_adc.o(i.adc_calibration_status_get)
    adc_combine_mode_select                  0x08001fc1   Thumb Code    14  at32f403a_407_adc.o(i.adc_combine_mode_select)
    adc_dma_mode_enable                      0x08001fd5   Thumb Code    10  at32f403a_407_adc.o(i.adc_dma_mode_enable)
    adc_enable                               0x08001fdf   Thumb Code    10  at32f403a_407_adc.o(i.adc_enable)
    adc_ordinary_channel_set                 0x08001fe9   Thumb Code   168  at32f403a_407_adc.o(i.adc_ordinary_channel_set)
    adc_ordinary_conversion_trigger_set      0x08002091   Thumb Code    52  at32f403a_407_adc.o(i.adc_ordinary_conversion_trigger_set)
    at32_key_init                            0x080020c5   Thumb Code    44  at32f403a_407_board.o(i.at32_key_init)
    at32_led_init                            0x080020f9   Thumb Code    66  at32f403a_407_board.o(i.at32_led_init)
    at32_led_off                             0x08002145   Thumb Code    30  at32f403a_407_board.o(i.at32_led_off)
    at32_led_on                              0x08002169   Thumb Code    30  at32f403a_407_board.o(i.at32_led_on)
    crm_adc_clock_div_set                    0x0800218d   Thumb Code    28  at32f403a_407_crm.o(i.crm_adc_clock_div_set)
    crm_ahb_div_set                          0x080021ad   Thumb Code    14  at32f403a_407_crm.o(i.crm_ahb_div_set)
    crm_apb1_div_set                         0x080021c1   Thumb Code    14  at32f403a_407_crm.o(i.crm_apb1_div_set)
    crm_apb2_div_set                         0x080021d5   Thumb Code    14  at32f403a_407_crm.o(i.crm_apb2_div_set)
    crm_auto_step_mode_enable                0x080021e9   Thumb Code    34  at32f403a_407_crm.o(i.crm_auto_step_mode_enable)
    crm_clock_source_enable                  0x08002211   Thumb Code    90  at32f403a_407_crm.o(i.crm_clock_source_enable)
    crm_clocks_freq_get                      0x08002271   Thumb Code   268  at32f403a_407_crm.o(i.crm_clocks_freq_get)
    crm_flag_get                             0x0800239d   Thumb Code    42  at32f403a_407_crm.o(i.crm_flag_get)
    crm_hext_clock_div_set                   0x080023cd   Thumb Code    14  at32f403a_407_crm.o(i.crm_hext_clock_div_set)
    crm_hext_stable_wait                     0x080023e1   Thumb Code    46  at32f403a_407_crm.o(i.crm_hext_stable_wait)
    crm_periph_clock_enable                  0x08002411   Thumb Code    62  at32f403a_407_crm.o(i.crm_periph_clock_enable)
    crm_pll_config                           0x08002455   Thumb Code   118  at32f403a_407_crm.o(i.crm_pll_config)
    crm_reset                                0x080024d1   Thumb Code    80  at32f403a_407_crm.o(i.crm_reset)
    crm_sysclk_switch                        0x08002529   Thumb Code    54  at32f403a_407_crm.o(i.crm_sysclk_switch)
    crm_sysclk_switch_status_get             0x08002565   Thumb Code    10  at32f403a_407_crm.o(i.crm_sysclk_switch_status_get)
    dma_channel_enable                       0x08002575   Thumb Code    10  at32f403a_407_dma.o(i.dma_channel_enable)
    dma_data_number_set                      0x0800257f   Thumb Code     4  at32f403a_407_dma.o(i.dma_data_number_set)
    dma_default_para_init                    0x08002583   Thumb Code    24  at32f403a_407_dma.o(i.dma_default_para_init)
    dma_init                                 0x0800259b   Thumb Code    92  at32f403a_407_dma.o(i.dma_init)
    dma_reset                                0x080025f9   Thumb Code   102  at32f403a_407_dma.o(i.dma_reset)
    dwt_delay_init                           0x08002669   Thumb Code    48  at32f403a_407_board.o(i.dwt_delay_init)
    dwt_delay_ms                             0x080026a5   Thumb Code    80  at32f403a_407_board.o(i.dwt_delay_ms)
    dwt_delay_sec                            0x08002701   Thumb Code    26  at32f403a_407_board.o(i.dwt_delay_sec)
    esp8266_Init                             0x0800271d   Thumb Code   360  esp8266.o(i.esp8266_Init)
    esp8266_pub_data                         0x08002949   Thumb Code    42  esp8266.o(i.esp8266_pub_data)
    esp8266_sub_getparms                     0x08002989   Thumb Code   410  esp8266.o(i.esp8266_sub_getparms)
    f_abs                                    0x08002bf5   Thumb Code    26  ctlloop.o(i.f_abs)
    f_min                                    0x08002c0f   Thumb Code    26  ctlloop.o(i.f_min)
    flTstr_FirpTwo                           0x08002c29   Thumb Code    98  esp8266.o(i.flTstr_FirpTwo)
    fputc                                    0x08002c91   Thumb Code    46  at32f403a_407_board.o(i.fputc)
    gpio_default_para_init                   0x08002cc5   Thumb Code    22  at32f403a_407_gpio.o(i.gpio_default_para_init)
    gpio_init                                0x08002cdb   Thumb Code   168  at32f403a_407_gpio.o(i.gpio_init)
    gpio_input_data_bit_read                 0x08002d83   Thumb Code    18  at32f403a_407_gpio.o(i.gpio_input_data_bit_read)
    gpio_pin_remap_config                    0x08002d95   Thumb Code    70  at32f403a_407_gpio.o(i.gpio_pin_remap_config)
    increPid_cal                             0x08002de1   Thumb Code   186  ctlloop.o(i.increPid_cal)
    increPid_init                            0x08002ea1   Thumb Code   196  ctlloop.o(i.increPid_init)
    low_filter_calc                          0x08002f99   Thumb Code    52  filter.o(i.low_filter_calc)
    low_filter_init                          0x08002fcd   Thumb Code   126  filter.o(i.low_filter_init)
    main                                     0x08003055   Thumb Code    34  main.o(i.main)
    mpptmode_PVctr                           0x08003089   Thumb Code   316  mppt.o(i.mpptmode_PVctr)
    nvic_irq_enable                          0x080031e9   Thumb Code   190  at32f403a_407_misc.o(i.nvic_irq_enable)
    nvic_priority_group_config               0x080032b1   Thumb Code    32  at32f403a_407_misc.o(i.nvic_priority_group_config)
    pvPortMalloc                             0x080039e5   Thumb Code   338  heap_4.o(i.pvPortMalloc)
    pxPortInitialiseStack                    0x08003b51   Thumb Code    38  include_port.o(i.pxPortInitialiseStack)
    sStateFault_task_function                0x08003b7d   Thumb Code   188  main.o(i.sStateFault_task_function)
    sStateInit_task_function                 0x08003c75   Thumb Code   270  main.o(i.sStateInit_task_function)
    sStateRun_task_function                  0x08003da5   Thumb Code   286  main.o(i.sStateRun_task_function)
    show_task_function                       0x08003eed   Thumb Code   732  main.o(i.show_task_function)
    spi_crc_polynomial_set                   0x08004301   Thumb Code    10  at32f403a_407_spi.o(i.spi_crc_polynomial_set)
    spi_default_para_init                    0x0800430b   Thumb Code    22  at32f403a_407_spi.o(i.spi_default_para_init)
    spi_enable                               0x08004321   Thumb Code    10  at32f403a_407_spi.o(i.spi_enable)
    spi_init                                 0x0800432b   Thumb Code   292  at32f403a_407_spi.o(i.spi_init)
    start_task_function                      0x08004451   Thumb Code   102  main.o(i.start_task_function)
    strTof_FirpTwo                           0x08004505   Thumb Code   130  esp8266.o(i.strTof_FirpTwo)
    system_clock_config                      0x08004599   Thumb Code   112  at32f403a_407_clock.o(i.system_clock_config)
    system_core_clock_update                 0x08004609   Thumb Code   222  system_at32f403a_407.o(i.system_core_clock_update)
    tiny_sprintf                             0x08004701   Thumb Code    24  printf-stdarg.o(i.tiny_sprintf)
    tmr_base_init                            0x08004719   Thumb Code    16  at32f403a_407_tmr.o(i.tmr_base_init)
    tmr_channel_enable                       0x08004729   Thumb Code    96  at32f403a_407_tmr.o(i.tmr_channel_enable)
    tmr_channel_value_set                    0x08004789   Thumb Code    40  at32f403a_407_tmr.o(i.tmr_channel_value_set)
    tmr_cnt_dir_set                          0x080047b1   Thumb Code    10  at32f403a_407_tmr.o(i.tmr_cnt_dir_set)
    tmr_counter_enable                       0x080047bb   Thumb Code    10  at32f403a_407_tmr.o(i.tmr_counter_enable)
    tmr_flag_clear                           0x080047c5   Thumb Code     6  at32f403a_407_tmr.o(i.tmr_flag_clear)
    tmr_flag_get                             0x080047cb   Thumb Code    18  at32f403a_407_tmr.o(i.tmr_flag_get)
    tmr_interrupt_enable                     0x080047dd   Thumb Code    22  at32f403a_407_tmr.o(i.tmr_interrupt_enable)
    tmr_output_channel_config                0x080047f3   Thumb Code   416  at32f403a_407_tmr.o(i.tmr_output_channel_config)
    tmr_output_default_para_init             0x08004993   Thumb Code    18  at32f403a_407_tmr.o(i.tmr_output_default_para_init)
    tmr_output_enable                        0x080049a5   Thumb Code    10  at32f403a_407_tmr.o(i.tmr_output_enable)
    ulTaskGenericNotifyTake                  0x080049b1   Thumb Code   160  tasks.o(i.ulTaskGenericNotifyTake)
    usart1_init                              0x08004a59   Thumb Code   268  esp8266.o(i.usart1_init)
    usart_data_receive                       0x08004b7d   Thumb Code     8  at32f403a_407_usart.o(i.usart_data_receive)
    usart_data_transmit                      0x08004b85   Thumb Code     8  at32f403a_407_usart.o(i.usart_data_transmit)
    usart_dma_transmitter_enable             0x08004b8d   Thumb Code    10  at32f403a_407_usart.o(i.usart_dma_transmitter_enable)
    usart_enable                             0x08004b97   Thumb Code    10  at32f403a_407_usart.o(i.usart_enable)
    usart_flag_get                           0x08004ba1   Thumb Code    16  at32f403a_407_usart.o(i.usart_flag_get)
    usart_hardware_flow_control_set          0x08004bb1   Thumb Code   102  at32f403a_407_usart.o(i.usart_hardware_flow_control_set)
    usart_init                               0x08004c19   Thumb Code   114  at32f403a_407_usart.o(i.usart_init)
    usart_interrupt_enable                   0x08004c99   Thumb Code    54  at32f403a_407_usart.o(i.usart_interrupt_enable)
    usart_parity_selection_config            0x08004ccf   Thumb Code    76  at32f403a_407_usart.o(i.usart_parity_selection_config)
    usart_receiver_enable                    0x08004d1b   Thumb Code    10  at32f403a_407_usart.o(i.usart_receiver_enable)
    usart_transmitter_enable                 0x08004d25   Thumb Code    10  at32f403a_407_usart.o(i.usart_transmitter_enable)
    uxListRemove                             0x08004d2f   Thumb Code    40  list.o(i.uxListRemove)
    vListInitialise                          0x08004d57   Thumb Code    26  list.o(i.vListInitialise)
    vListInitialiseItem                      0x08004d71   Thumb Code     6  list.o(i.vListInitialiseItem)
    vListInsert                              0x08004d77   Thumb Code    52  list.o(i.vListInsert)
    vListInsertEnd                           0x08004dab   Thumb Code    24  list.o(i.vListInsertEnd)
    vPortEnterCritical                       0x08004dc5   Thumb Code    76  include_port.o(i.vPortEnterCritical)
    vPortExitCritical                        0x08004e19   Thumb Code    56  include_port.o(i.vPortExitCritical)
    vPortFree                                0x08004e55   Thumb Code   150  heap_4.o(i.vPortFree)
    vPortSetupTimerInterrupt                 0x08004ef9   Thumb Code    36  include_port.o(i.vPortSetupTimerInterrupt)
    vTaskDelay                               0x08004f21   Thumb Code    82  tasks.o(i.vTaskDelay)
    vTaskDelete                              0x08004f7d   Thumb Code   202  tasks.o(i.vTaskDelete)
    vTaskStartScheduler                      0x08005071   Thumb Code   112  tasks.o(i.vTaskStartScheduler)
    vTaskSuspendAll                          0x08005101   Thumb Code    12  tasks.o(i.vTaskSuspendAll)
    vTaskSwitchContext                       0x08005111   Thumb Code   118  tasks.o(i.vTaskSwitchContext)
    xPortStartScheduler                      0x0800519d   Thumb Code   330  include_port.o(i.xPortStartScheduler)
    xTaskCreate                              0x08005305   Thumb Code    96  tasks.o(i.xTaskCreate)
    xTaskGenericNotify                       0x08005365   Thumb Code   362  tasks.o(i.xTaskGenericNotify)
    xTaskIncrementTick                       0x080054e5   Thumb Code   282  tasks.o(i.xTaskIncrementTick)
    xTaskResumeAll                           0x0800562d   Thumb Code   224  tasks.o(i.xTaskResumeAll)
    __aeabi_d2f                              0x08005731   Thumb Code     0  d2f.o(x$fpl$d2f)
    _d2f                                     0x08005731   Thumb Code    98  d2f.o(x$fpl$d2f)
    __aeabi_dadd                             0x08005795   Thumb Code     0  daddsub_clz.o(x$fpl$dadd)
    _dadd                                    0x08005795   Thumb Code   332  daddsub_clz.o(x$fpl$dadd)
    __aeabi_i2d                              0x080058e5   Thumb Code     0  dflt_clz.o(x$fpl$dflt)
    _dflt                                    0x080058e5   Thumb Code    46  dflt_clz.o(x$fpl$dflt)
    __aeabi_dmul                             0x08005915   Thumb Code     0  dmul.o(x$fpl$dmul)
    _dmul                                    0x08005915   Thumb Code   332  dmul.o(x$fpl$dmul)
    __fpl_dnaninf                            0x08005a69   Thumb Code   156  dnaninf.o(x$fpl$dnaninf)
    __fpl_dretinf                            0x08005b05   Thumb Code    12  dretinf.o(x$fpl$dretinf)
    __aeabi_dsub                             0x08005b11   Thumb Code     0  daddsub_clz.o(x$fpl$dsub)
    _dsub                                    0x08005b11   Thumb Code   464  daddsub_clz.o(x$fpl$dsub)
    __aeabi_f2d                              0x08005ce5   Thumb Code     0  f2d.o(x$fpl$f2d)
    _f2d                                     0x08005ce5   Thumb Code    86  f2d.o(x$fpl$f2d)
    __fpl_fnaninf                            0x08005d3b   Thumb Code   140  fnaninf.o(x$fpl$fnaninf)
    _fp_init                                 0x08005dc7   Thumb Code    10  fpinit.o(x$fpl$fpinit)
    __fplib_config_fpu_vfp                   0x08005dcf   Thumb Code     0  fpinit.o(x$fpl$fpinit)
    __fplib_config_pureend_doubles           0x08005dcf   Thumb Code     0  fpinit.o(x$fpl$fpinit)
    __fpl_fretinf                            0x08005dd1   Thumb Code    10  fretinf.o(x$fpl$fretinf)
    F6x8                                     0x08005dda   Data         760  oled.o(.constdata)
    __I$use$fp                               0x08005dda   Number         0  usenofp.o(x$fpl$usenofp)
    Region$$Table$$Base                      0x080063e4   Number         0  anon$$obj.o(Region$$Table)
    Region$$Table$$Limit                     0x08006404   Number         0  anon$$obj.o(Region$$Table)
    sStateInit_handler                       0x20000004   Data           4  main.o(.data)
    sStateFault_handler                      0x20000008   Data           4  main.o(.data)
    sStateRun_handler                        0x2000000c   Data           4  main.o(.data)
    DeviceSwitch                             0x20000010   Data           1  main.o(.data)
    chargerMode                              0x20000011   Data           1  main.o(.data)
    mppt_enable                              0x20000012   Data           1  main.o(.data)
    target                                   0x20000014   Data           4  main.o(.data)
    __stdout                                 0x20000038   Data           4  at32f403a_407_board.o(.data)
    adc1_ordinary_valuetab                   0x2000003e   Data           8  adc.o(.data)
    dac_eff                                  0x20000048   Data          32  ctlloop.o(.data)
    pwm                                      0x20000068   Data           4  ctlloop.o(.data)
    loop_err                                 0x2000006c   Data           1  ctlloop.o(.data)
    CV_flag                                  0x2000006d   Data           1  ctlloop.o(.data)
    gMy_Battry                               0x20000098   Data          56  charge.o(.data)
    gLowFilterVI                             0x200000d8   Data          96  filter.o(.data)
    gLowFilterMpptPv                         0x20000138   Data          72  filter.o(.data)
    pv_Pin                                   0x20000180   Data           4  mppt.o(.data)
    WIFI                                     0x20000194   Data           4  esp8266.o(.data)
    WIFIASSWORD                              0x20000198   Data           4  esp8266.o(.data)
    ClintID                                  0x2000019c   Data           4  esp8266.o(.data)
    username                                 0x200001a0   Data           4  esp8266.o(.data)
    passwd                                   0x200001a4   Data           4  esp8266.o(.data)
    Url                                      0x200001a8   Data           4  esp8266.o(.data)
    subtopic                                 0x200001ac   Data           4  esp8266.o(.data)
    mqtt_rx_parms_pos                        0x200001b0   Data           4  esp8266.o(.data)
    g_identifier                             0x200001b4   Data           4  esp8266.o(.data)
    g_iden_parm                              0x200001b8   Data           4  esp8266.o(.data)
    mqtt_tx_pub_pre                          0x200001bc   Data           4  esp8266.o(.data)
    mqtt_tx_pub_end                          0x200001c0   Data           4  esp8266.o(.data)
    Netbutton                                0x200001c5   Data           1  esp8266.o(.data)
    system_core_clock                        0x200001c8   Data           4  system_at32f403a_407.o(.data)
    pxCurrentTCB                             0x200001d0   Data           4  tasks.o(.data)
    uxTopUsedPriority                        0x20000208   Data           4  tasks.o(.data)
    datTostr                                 0x20000238   Data          24  main.o(.bss)
    SADC                                     0x20000250   Data          32  ctlloop.o(.bss)
    pid_ctrol                                0x20000270   Data         208  ctlloop.o(.bss)
    uart_tx_parm                             0x20000540   Data         150  esp8266.o(.bss)
    uart_rx_buf                              0x200005d6   Data         256  esp8266.o(.bss)
    _SEGGER_RTT                              0x20000ad8   Data         168  segger_rtt.o(.bss)
    __libspace_start                         0x20003058   Data          96  libspace.o(.bss)
    __temporary_stack_top$libspace           0x200030b8   Data           0  libspace.o(.bss)



==============================================================================

Memory Map of the image

  Image Entry point : 0x08000185

  Load Region LR_IROM1 (Base: 0x08000000, Size: 0x0000663c, Max: 0x00100000, ABSOLUTE, COMPRESSED[0x0000649c])

    Execution Region ER_IROM1 (Exec base: 0x08000000, Load base: 0x08000000, Size: 0x00006404, Max: 0x00100000, ABSOLUTE)

    Exec Addr    Load Addr    Size         Type   Attr      Idx    E Section Name        Object

    0x08000000   0x08000000   0x00000184   Data   RO         4773    RESET               startup_at32f403a_407.o
    0x08000184   0x08000184   0x00000008   Code   RO         5638  * !!!main             c_w.l(__main.o)
    0x0800018c   0x0800018c   0x00000034   Code   RO         5828    !!!scatter          c_w.l(__scatter.o)
    0x080001c0   0x080001c0   0x0000005a   Code   RO         5826    !!dczerorl2         c_w.l(__dczerorl2.o)
    0x0800021a   0x0800021a   0x00000002   PAD
    0x0800021c   0x0800021c   0x0000001c   Code   RO         5830    !!handler_zi        c_w.l(__scatter_zi.o)
    0x08000238   0x08000238   0x00000002   Code   RO         5702    .ARM.Collect$$libinit$$00000000  c_w.l(libinit.o)
    0x0800023a   0x0800023a   0x00000004   Code   RO         5708    .ARM.Collect$$libinit$$00000001  c_w.l(libinit2.o)
    0x0800023e   0x0800023e   0x00000000   Code   RO         5711    .ARM.Collect$$libinit$$00000004  c_w.l(libinit2.o)
    0x0800023e   0x0800023e   0x00000000   Code   RO         5714    .ARM.Collect$$libinit$$0000000A  c_w.l(libinit2.o)
    0x0800023e   0x0800023e   0x00000000   Code   RO         5716    .ARM.Collect$$libinit$$0000000C  c_w.l(libinit2.o)
    0x0800023e   0x0800023e   0x00000000   Code   RO         5718    .ARM.Collect$$libinit$$0000000E  c_w.l(libinit2.o)
    0x0800023e   0x0800023e   0x00000000   Code   RO         5721    .ARM.Collect$$libinit$$00000011  c_w.l(libinit2.o)
    0x0800023e   0x0800023e   0x00000000   Code   RO         5723    .ARM.Collect$$libinit$$00000013  c_w.l(libinit2.o)
    0x0800023e   0x0800023e   0x00000000   Code   RO         5725    .ARM.Collect$$libinit$$00000015  c_w.l(libinit2.o)
    0x0800023e   0x0800023e   0x00000000   Code   RO         5727    .ARM.Collect$$libinit$$00000017  c_w.l(libinit2.o)
    0x0800023e   0x0800023e   0x00000000   Code   RO         5729    .ARM.Collect$$libinit$$00000019  c_w.l(libinit2.o)
    0x0800023e   0x0800023e   0x00000000   Code   RO         5731    .ARM.Collect$$libinit$$0000001B  c_w.l(libinit2.o)
    0x0800023e   0x0800023e   0x00000000   Code   RO         5733    .ARM.Collect$$libinit$$0000001D  c_w.l(libinit2.o)
    0x0800023e   0x0800023e   0x00000000   Code   RO         5735    .ARM.Collect$$libinit$$0000001F  c_w.l(libinit2.o)
    0x0800023e   0x0800023e   0x00000000   Code   RO         5737    .ARM.Collect$$libinit$$00000021  c_w.l(libinit2.o)
    0x0800023e   0x0800023e   0x00000000   Code   RO         5739    .ARM.Collect$$libinit$$00000023  c_w.l(libinit2.o)
    0x0800023e   0x0800023e   0x00000000   Code   RO         5741    .ARM.Collect$$libinit$$00000025  c_w.l(libinit2.o)
    0x0800023e   0x0800023e   0x00000000   Code   RO         5745    .ARM.Collect$$libinit$$0000002C  c_w.l(libinit2.o)
    0x0800023e   0x0800023e   0x00000000   Code   RO         5747    .ARM.Collect$$libinit$$0000002E  c_w.l(libinit2.o)
    0x0800023e   0x0800023e   0x00000000   Code   RO         5749    .ARM.Collect$$libinit$$00000030  c_w.l(libinit2.o)
    0x0800023e   0x0800023e   0x00000000   Code   RO         5751    .ARM.Collect$$libinit$$00000032  c_w.l(libinit2.o)
    0x0800023e   0x0800023e   0x00000002   Code   RO         5752    .ARM.Collect$$libinit$$00000033  c_w.l(libinit2.o)
    0x08000240   0x08000240   0x00000002   Code   RO         5770    .ARM.Collect$$libshutdown$$00000000  c_w.l(libshutdown.o)
    0x08000242   0x08000242   0x00000000   Code   RO         5780    .ARM.Collect$$libshutdown$$00000002  c_w.l(libshutdown2.o)
    0x08000242   0x08000242   0x00000000   Code   RO         5782    .ARM.Collect$$libshutdown$$00000004  c_w.l(libshutdown2.o)
    0x08000242   0x08000242   0x00000000   Code   RO         5785    .ARM.Collect$$libshutdown$$00000007  c_w.l(libshutdown2.o)
    0x08000242   0x08000242   0x00000000   Code   RO         5788    .ARM.Collect$$libshutdown$$0000000A  c_w.l(libshutdown2.o)
    0x08000242   0x08000242   0x00000000   Code   RO         5790    .ARM.Collect$$libshutdown$$0000000C  c_w.l(libshutdown2.o)
    0x08000242   0x08000242   0x00000000   Code   RO         5793    .ARM.Collect$$libshutdown$$0000000F  c_w.l(libshutdown2.o)
    0x08000242   0x08000242   0x00000002   Code   RO         5794    .ARM.Collect$$libshutdown$$00000010  c_w.l(libshutdown2.o)
    0x08000244   0x08000244   0x00000000   Code   RO         5660    .ARM.Collect$$rtentry$$00000000  c_w.l(__rtentry.o)
    0x08000244   0x08000244   0x00000000   Code   RO         5675    .ARM.Collect$$rtentry$$00000002  c_w.l(__rtentry2.o)
    0x08000244   0x08000244   0x00000006   Code   RO         5687    .ARM.Collect$$rtentry$$00000004  c_w.l(__rtentry4.o)
    0x0800024a   0x0800024a   0x00000000   Code   RO         5677    .ARM.Collect$$rtentry$$00000009  c_w.l(__rtentry2.o)
    0x0800024a   0x0800024a   0x00000004   Code   RO         5678    .ARM.Collect$$rtentry$$0000000A  c_w.l(__rtentry2.o)
    0x0800024e   0x0800024e   0x00000000   Code   RO         5680    .ARM.Collect$$rtentry$$0000000C  c_w.l(__rtentry2.o)
    0x0800024e   0x0800024e   0x00000008   Code   RO         5681    .ARM.Collect$$rtentry$$0000000D  c_w.l(__rtentry2.o)
    0x08000256   0x08000256   0x00000002   Code   RO         5706    .ARM.Collect$$rtexit$$00000000  c_w.l(rtexit.o)
    0x08000258   0x08000258   0x00000000   Code   RO         5754    .ARM.Collect$$rtexit$$00000002  c_w.l(rtexit2.o)
    0x08000258   0x08000258   0x00000004   Code   RO         5755    .ARM.Collect$$rtexit$$00000003  c_w.l(rtexit2.o)
    0x0800025c   0x0800025c   0x00000006   Code   RO         5756    .ARM.Collect$$rtexit$$00000004  c_w.l(rtexit2.o)
    0x08000262   0x08000262   0x00000002   PAD
    0x08000264   0x08000264   0x000000be   Code   RO          345    .emb_text           include_port.o
    0x08000322   0x08000322   0x00000002   PAD
    0x08000324   0x08000324   0x00000040   Code   RO         4774    .text               startup_at32f403a_407.o
    0x08000364   0x08000364   0x00000002   Code   RO         5611    .text               c_w.l(use_no_semi_2.o)
    0x08000366   0x08000366   0x00000002   PAD
    0x08000368   0x08000368   0x0000000c   Code   RO         5613    .text               c_w.l(putchar.o)
    0x08000374   0x08000374   0x0000000c   Code   RO         5615    .text               c_w.l(strtok.o)
    0x08000380   0x08000380   0x00000024   Code   RO         5618    .text               c_w.l(strstr.o)
    0x080003a4   0x080003a4   0x00000048   Code   RO         5620    .text               c_w.l(strcpy.o)
    0x080003ec   0x080003ec   0x0000003e   Code   RO         5622    .text               c_w.l(strlen.o)
    0x0800042a   0x0800042a   0x00000096   Code   RO         5624    .text               c_w.l(strncmp.o)
    0x080004c0   0x080004c0   0x0000008a   Code   RO         5626    .text               c_w.l(rt_memcpy_v6.o)
    0x0800054a   0x0800054a   0x00000044   Code   RO         5630    .text               c_w.l(rt_memclr.o)
    0x0800058e   0x0800058e   0x0000004e   Code   RO         5632    .text               c_w.l(rt_memclr_w.o)
    0x080005dc   0x080005dc   0x00000080   Code   RO         5634    .text               c_w.l(strcmpv7m.o)
    0x0800065c   0x0800065c   0x00000006   Code   RO         5636    .text               c_w.l(heapauxi.o)
    0x08000662   0x08000662   0x00000002   Code   RO         5658    .text               c_w.l(use_no_semi.o)
    0x08000664   0x08000664   0x00000044   Code   RO         5661    .text               c_w.l(strtok_int.o)
    0x080006a8   0x080006a8   0x00000064   Code   RO         5663    .text               c_w.l(rt_memcpy_w.o)
    0x0800070c   0x0800070c   0x00000020   Code   RO         5689    .text               c_w.l(strcspn.o)
    0x0800072c   0x0800072c   0x0000001c   Code   RO         5691    .text               c_w.l(strspn.o)
    0x08000748   0x08000748   0x0000004a   Code   RO         5693    .text               c_w.l(sys_stackheap_outer.o)
    0x08000792   0x08000792   0x00000012   Code   RO         5695    .text               c_w.l(exit.o)
    0x080007a4   0x080007a4   0x00000008   Code   RO         5703    .text               c_w.l(libspace.o)
    0x080007ac   0x080007ac   0x00000128   Code   RO          750    i.ADCSample         ctlloop.o
    0x080008d4   0x080008d4   0x00000170   Code   RO          684    i.ADC_INIT          adc.o
    0x08000a44   0x08000a44   0x00000184   Code   RO          751    i.Buck_LoopControl  ctlloop.o
    0x08000bc8   0x08000bc8   0x00000004   Code   RO          142    i.BusFault_Handler  at32f403a_407_int.o
    0x08000bcc   0x08000bcc   0x00000224   Code   RO          836    i.ChargeStateCalc   charge.o
    0x08000df0   0x08000df0   0x00000002   Code   RO          143    i.DebugMon_Handler  at32f403a_407_int.o
    0x08000df2   0x08000df2   0x00000002   PAD
    0x08000df4   0x08000df4   0x00000044   Code   RO          916    i.Esp8266_send_data  esp8266.o
    0x08000e38   0x08000e38   0x000000d0   Code   RO          752    i.ExcursionCheck    ctlloop.o
    0x08000f08   0x08000f08   0x000000b0   Code   RO          988    i.GUI_DrawLine      oled.o
    0x08000fb8   0x08000fb8   0x00000094   Code   RO          989    i.GUI_ShowChar      oled.o
    0x0800104c   0x0800104c   0x0000003a   Code   RO          990    i.GUI_ShowString    oled.o
    0x08001086   0x08001086   0x00000004   Code   RO          144    i.HardFault_Handler  at32f403a_407_int.o
    0x0800108a   0x0800108a   0x00000002   PAD
    0x0800108c   0x0800108c   0x0000005c   Code   RO          438    i.Key_Scan          at32f403a_407_board.o
    0x080010e8   0x080010e8   0x00000060   Code   RO          753    i.LoopFaultBack     ctlloop.o
    0x08001148   0x08001148   0x000000a4   Code   RO          754    i.LoopFaultCheck    ctlloop.o
    0x080011ec   0x080011ec   0x00000004   Code   RO          145    i.MemManage_Handler  at32f403a_407_int.o
    0x080011f0   0x080011f0   0x00000002   Code   RO          146    i.NMI_Handler       at32f403a_407_int.o
    0x080011f2   0x080011f2   0x00000002   PAD
    0x080011f4   0x080011f4   0x0000004c   Code   RO          991    i.OLED_Display      oled.o
    0x08001240   0x08001240   0x000000de   Code   RO          993    i.OLED_Init         oled.o
    0x0800131e   0x0800131e   0x00000002   PAD
    0x08001320   0x08001320   0x0000004c   Code   RO          994    i.OLED_Init_GPIO    oled.o
    0x0800136c   0x0800136c   0x00000030   Code   RO          995    i.OLED_Reset        oled.o
    0x0800139c   0x0800139c   0x00000080   Code   RO          996    i.OLED_Set_Pixel    oled.o
    0x0800141c   0x0800141c   0x0000003c   Code   RO          998    i.OLED_WR_Byte      oled.o
    0x08001458   0x08001458   0x00000048   Code   RO         1098    i.SEGGER_RTT_Write  segger_rtt.o
    0x080014a0   0x080014a0   0x00000084   Code   RO         1101    i.SEGGER_RTT_WriteNoLock  segger_rtt.o
    0x08001524   0x08001524   0x00000022   Code   RO         1306    i.SEGGER_RTT_printf  segger_rtt_printf.o
    0x08001546   0x08001546   0x00000002   PAD
    0x08001548   0x08001548   0x000002a8   Code   RO         1307    i.SEGGER_RTT_vprintf  segger_rtt_printf.o
    0x080017f0   0x080017f0   0x000000fc   Code   RO          649    i.SPI1_Init         spi.o
    0x080018ec   0x080018ec   0x00000030   Code   RO          650    i.SPI1_WriteByte    spi.o
    0x0800191c   0x0800191c   0x00000042   Code   RO          199    i.SetupHardware     main.o
    0x0800195e   0x0800195e   0x00000002   PAD
    0x08001960   0x08001960   0x00000034   Code   RO          346    i.SysTick_Handler   include_port.o
    0x08001994   0x08001994   0x00000070   Code   RO         4737    i.SystemInit        system_at32f403a_407.o
    0x08001a04   0x08001a04   0x00000144   Code   RO          619    i.TMR1_Init         timer.o
    0x08001b48   0x08001b48   0x00000020   Code   RO          620    i.TMR1_OVF_TMR10_IRQHandler  timer.o
    0x08001b68   0x08001b68   0x00000064   Code   RO          917    i.USART1_IRQHandler  esp8266.o
    0x08001bcc   0x08001bcc   0x00000004   Code   RO          147    i.UsageFault_Handler  at32f403a_407_int.o
    0x08001bd0   0x08001bd0   0x00000070   Code   RO         1105    i._DoInit           segger_rtt.o
    0x08001c40   0x08001c40   0x0000001c   Code   RO         1106    i._GetAvailWriteSpace  segger_rtt.o
    0x08001c5c   0x08001c5c   0x000000ec   Code   RO         1308    i._PrintInt         segger_rtt_printf.o
    0x08001d48   0x08001d48   0x000000ec   Code   RO         1309    i._PrintUnsigned    segger_rtt_printf.o
    0x08001e34   0x08001e34   0x00000044   Code   RO         1310    i._StoreChar        segger_rtt_printf.o
    0x08001e78   0x08001e78   0x00000076   Code   RO         1108    i._WriteBlocking    segger_rtt.o
    0x08001eee   0x08001eee   0x00000058   Code   RO         1109    i._WriteNoCheck     segger_rtt.o
    0x08001f46   0x08001f46   0x00000004   Code   RO          439    i._sys_exit         at32f403a_407_board.o
    0x08001f4a   0x08001f4a   0x0000002c   Code   RO         1449    i.adc_base_config   at32f403a_407_adc.o
    0x08001f76   0x08001f76   0x0000000e   Code   RO         1450    i.adc_base_default_para_init  at32f403a_407_adc.o
    0x08001f84   0x08001f84   0x0000000c   Code   RO         1451    i.adc_calibration_init  at32f403a_407_adc.o
    0x08001f90   0x08001f90   0x00000012   Code   RO         1452    i.adc_calibration_init_status_get  at32f403a_407_adc.o
    0x08001fa2   0x08001fa2   0x0000000c   Code   RO         1453    i.adc_calibration_start  at32f403a_407_adc.o
    0x08001fae   0x08001fae   0x00000012   Code   RO         1454    i.adc_calibration_status_get  at32f403a_407_adc.o
    0x08001fc0   0x08001fc0   0x00000014   Code   RO         1455    i.adc_combine_mode_select  at32f403a_407_adc.o
    0x08001fd4   0x08001fd4   0x0000000a   Code   RO         1457    i.adc_dma_mode_enable  at32f403a_407_adc.o
    0x08001fde   0x08001fde   0x0000000a   Code   RO         1458    i.adc_enable        at32f403a_407_adc.o
    0x08001fe8   0x08001fe8   0x000000a8   Code   RO         1463    i.adc_ordinary_channel_set  at32f403a_407_adc.o
    0x08002090   0x08002090   0x00000034   Code   RO         1465    i.adc_ordinary_conversion_trigger_set  at32f403a_407_adc.o
    0x080020c4   0x080020c4   0x00000034   Code   RO          441    i.at32_key_init     at32f403a_407_board.o
    0x080020f8   0x080020f8   0x0000004c   Code   RO          442    i.at32_led_init     at32f403a_407_board.o
    0x08002144   0x08002144   0x00000024   Code   RO          443    i.at32_led_off      at32f403a_407_board.o
    0x08002168   0x08002168   0x00000024   Code   RO          444    i.at32_led_on       at32f403a_407_board.o
    0x0800218c   0x0800218c   0x00000020   Code   RO         2025    i.crm_adc_clock_div_set  at32f403a_407_crm.o
    0x080021ac   0x080021ac   0x00000014   Code   RO         2026    i.crm_ahb_div_set   at32f403a_407_crm.o
    0x080021c0   0x080021c0   0x00000014   Code   RO         2027    i.crm_apb1_div_set  at32f403a_407_crm.o
    0x080021d4   0x080021d4   0x00000014   Code   RO         2028    i.crm_apb2_div_set  at32f403a_407_crm.o
    0x080021e8   0x080021e8   0x00000028   Code   RO         2029    i.crm_auto_step_mode_enable  at32f403a_407_crm.o
    0x08002210   0x08002210   0x00000060   Code   RO         2035    i.crm_clock_source_enable  at32f403a_407_crm.o
    0x08002270   0x08002270   0x0000012c   Code   RO         2036    i.crm_clocks_freq_get  at32f403a_407_crm.o
    0x0800239c   0x0800239c   0x00000030   Code   RO         2038    i.crm_flag_get      at32f403a_407_crm.o
    0x080023cc   0x080023cc   0x00000014   Code   RO         2040    i.crm_hext_clock_div_set  at32f403a_407_crm.o
    0x080023e0   0x080023e0   0x0000002e   Code   RO         2041    i.crm_hext_stable_wait  at32f403a_407_crm.o
    0x0800240e   0x0800240e   0x00000002   PAD
    0x08002410   0x08002410   0x00000044   Code   RO         2049    i.crm_periph_clock_enable  at32f403a_407_crm.o
    0x08002454   0x08002454   0x0000007c   Code   RO         2052    i.crm_pll_config    at32f403a_407_crm.o
    0x080024d0   0x080024d0   0x00000058   Code   RO         2053    i.crm_reset         at32f403a_407_crm.o
    0x08002528   0x08002528   0x0000003c   Code   RO         2056    i.crm_sysclk_switch  at32f403a_407_crm.o
    0x08002564   0x08002564   0x00000010   Code   RO         2057    i.crm_sysclk_switch_status_get  at32f403a_407_crm.o
    0x08002574   0x08002574   0x0000000a   Code   RO         2392    i.dma_channel_enable  at32f403a_407_dma.o
    0x0800257e   0x0800257e   0x00000004   Code   RO         2394    i.dma_data_number_set  at32f403a_407_dma.o
    0x08002582   0x08002582   0x00000018   Code   RO         2395    i.dma_default_para_init  at32f403a_407_dma.o
    0x0800259a   0x0800259a   0x0000005c   Code   RO         2399    i.dma_init          at32f403a_407_dma.o
    0x080025f6   0x080025f6   0x00000002   PAD
    0x080025f8   0x080025f8   0x00000070   Code   RO         2402    i.dma_reset         at32f403a_407_dma.o
    0x08002668   0x08002668   0x0000003c   Code   RO          446    i.dwt_delay_init    at32f403a_407_board.o
    0x080026a4   0x080026a4   0x0000005c   Code   RO          447    i.dwt_delay_ms      at32f403a_407_board.o
    0x08002700   0x08002700   0x0000001a   Code   RO          448    i.dwt_delay_sec     at32f403a_407_board.o
    0x0800271a   0x0800271a   0x00000002   PAD
    0x0800271c   0x0800271c   0x0000022c   Code   RO          918    i.esp8266_Init      esp8266.o
    0x08002948   0x08002948   0x00000040   Code   RO          919    i.esp8266_pub_data  esp8266.o
    0x08002988   0x08002988   0x0000026c   Code   RO          920    i.esp8266_sub_getparms  esp8266.o
    0x08002bf4   0x08002bf4   0x0000001a   Code   RO          756    i.f_abs             ctlloop.o
    0x08002c0e   0x08002c0e   0x0000001a   Code   RO          757    i.f_min             ctlloop.o
    0x08002c28   0x08002c28   0x00000068   Code   RO          921    i.flTstr_FirpTwo    esp8266.o
    0x08002c90   0x08002c90   0x00000034   Code   RO          450    i.fputc             at32f403a_407_board.o
    0x08002cc4   0x08002cc4   0x00000016   Code   RO         2870    i.gpio_default_para_init  at32f403a_407_gpio.o
    0x08002cda   0x08002cda   0x000000a8   Code   RO         2874    i.gpio_init         at32f403a_407_gpio.o
    0x08002d82   0x08002d82   0x00000012   Code   RO         2875    i.gpio_input_data_bit_read  at32f403a_407_gpio.o
    0x08002d94   0x08002d94   0x0000004c   Code   RO         2880    i.gpio_pin_remap_config  at32f403a_407_gpio.o
    0x08002de0   0x08002de0   0x000000c0   Code   RO          758    i.increPid_cal      ctlloop.o
    0x08002ea0   0x08002ea0   0x000000f8   Code   RO          759    i.increPid_init     ctlloop.o
    0x08002f98   0x08002f98   0x00000034   Code   RO          861    i.low_filter_calc   filter.o
    0x08002fcc   0x08002fcc   0x00000088   Code   RO          862    i.low_filter_init   filter.o
    0x08003054   0x08003054   0x00000034   Code   RO          200    i.main              main.o
    0x08003088   0x08003088   0x00000160   Code   RO          885    i.mpptmode_PVctr    mppt.o
    0x080031e8   0x080031e8   0x000000c8   Code   RO         3198    i.nvic_irq_enable   at32f403a_407_misc.o
    0x080032b0   0x080032b0   0x00000028   Code   RO         3200    i.nvic_priority_group_config  at32f403a_407_misc.o
    0x080032d8   0x080032d8   0x00000178   Code   RO         5565    i.print             printf-stdarg.o
    0x08003450   0x08003450   0x0000001c   Code   RO         5566    i.printchar         printf-stdarg.o
    0x0800346c   0x0800346c   0x000000ba   Code   RO         5567    i.printi            printf-stdarg.o
    0x08003526   0x08003526   0x00000080   Code   RO         5568    i.prints            printf-stdarg.o
    0x080035a6   0x080035a6   0x00000002   PAD
    0x080035a8   0x080035a8   0x00000098   Code   RO         5193    i.prvAddCurrentTaskToDelayedList  tasks.o
    0x08003640   0x08003640   0x000000b4   Code   RO         5194    i.prvAddNewTaskToReadyList  tasks.o
    0x080036f4   0x080036f4   0x00000048   Code   RO         5195    i.prvCheckTasksWaitingTermination  tasks.o
    0x0800373c   0x0800373c   0x00000012   Code   RO         5196    i.prvDeleteTCB      tasks.o
    0x0800374e   0x0800374e   0x00000002   PAD
    0x08003750   0x08003750   0x0000007c   Code   RO         5498    i.prvHeapInit       heap_4.o
    0x080037cc   0x080037cc   0x00000028   Code   RO         5197    i.prvIdleTask       tasks.o
    0x080037f4   0x080037f4   0x000000ae   Code   RO         5198    i.prvInitialiseNewTask  tasks.o
    0x080038a2   0x080038a2   0x00000002   PAD
    0x080038a4   0x080038a4   0x00000068   Code   RO         5199    i.prvInitialiseTaskLists  tasks.o
    0x0800390c   0x0800390c   0x00000068   Code   RO         5499    i.prvInsertBlockIntoFreeList  heap_4.o
    0x08003974   0x08003974   0x00000030   Code   RO         5200    i.prvResetNextTaskUnblockTime  tasks.o
    0x080039a4   0x080039a4   0x00000040   Code   RO          347    i.prvTaskExitError  include_port.o
    0x080039e4   0x080039e4   0x0000016c   Code   RO         5500    i.pvPortMalloc      heap_4.o
    0x08003b50   0x08003b50   0x0000002c   Code   RO          348    i.pxPortInitialiseStack  include_port.o
    0x08003b7c   0x08003b7c   0x000000f8   Code   RO          201    i.sStateFault_task_function  main.o
    0x08003c74   0x08003c74   0x00000130   Code   RO          202    i.sStateInit_task_function  main.o
    0x08003da4   0x08003da4   0x00000148   Code   RO          203    i.sStateRun_task_function  main.o
    0x08003eec   0x08003eec   0x00000414   Code   RO          204    i.show_task_function  main.o
    0x08004300   0x08004300   0x0000000a   Code   RO         3627    i.spi_crc_polynomial_set  at32f403a_407_spi.o
    0x0800430a   0x0800430a   0x00000016   Code   RO         3629    i.spi_default_para_init  at32f403a_407_spi.o
    0x08004320   0x08004320   0x0000000a   Code   RO         3630    i.spi_enable        at32f403a_407_spi.o
    0x0800432a   0x0800432a   0x00000124   Code   RO         3643    i.spi_init          at32f403a_407_spi.o
    0x0800444e   0x0800444e   0x00000002   PAD
    0x08004450   0x08004450   0x000000b4   Code   RO          205    i.start_task_function  main.o
    0x08004504   0x08004504   0x00000094   Code   RO          922    i.strTof_FirpTwo    esp8266.o
    0x08004598   0x08004598   0x00000070   Code   RO            4    i.system_clock_config  at32f403a_407_clock.o
    0x08004608   0x08004608   0x000000f8   Code   RO         4738    i.system_core_clock_update  system_at32f403a_407.o
    0x08004700   0x08004700   0x00000018   Code   RO         5571    i.tiny_sprintf      printf-stdarg.o
    0x08004718   0x08004718   0x00000010   Code   RO         3784    i.tmr_base_init     at32f403a_407_tmr.o
    0x08004728   0x08004728   0x00000060   Code   RO         3790    i.tmr_channel_enable  at32f403a_407_tmr.o
    0x08004788   0x08004788   0x00000028   Code   RO         3792    i.tmr_channel_value_set  at32f403a_407_tmr.o
    0x080047b0   0x080047b0   0x0000000a   Code   RO         3794    i.tmr_cnt_dir_set   at32f403a_407_tmr.o
    0x080047ba   0x080047ba   0x0000000a   Code   RO         3795    i.tmr_counter_enable  at32f403a_407_tmr.o
    0x080047c4   0x080047c4   0x00000006   Code   RO         3807    i.tmr_flag_clear    at32f403a_407_tmr.o
    0x080047ca   0x080047ca   0x00000012   Code   RO         3808    i.tmr_flag_get      at32f403a_407_tmr.o
    0x080047dc   0x080047dc   0x00000016   Code   RO         3816    i.tmr_interrupt_enable  at32f403a_407_tmr.o
    0x080047f2   0x080047f2   0x000001a0   Code   RO         3820    i.tmr_output_channel_config  at32f403a_407_tmr.o
    0x08004992   0x08004992   0x00000012   Code   RO         3825    i.tmr_output_default_para_init  at32f403a_407_tmr.o
    0x080049a4   0x080049a4   0x0000000a   Code   RO         3826    i.tmr_output_enable  at32f403a_407_tmr.o
    0x080049ae   0x080049ae   0x00000002   PAD
    0x080049b0   0x080049b0   0x000000a8   Code   RO         5202    i.ulTaskGenericNotifyTake  tasks.o
    0x08004a58   0x08004a58   0x00000124   Code   RO          923    i.usart1_init       esp8266.o
    0x08004b7c   0x08004b7c   0x00000008   Code   RO         4141    i.usart_data_receive  at32f403a_407_usart.o
    0x08004b84   0x08004b84   0x00000008   Code   RO         4142    i.usart_data_transmit  at32f403a_407_usart.o
    0x08004b8c   0x08004b8c   0x0000000a   Code   RO         4144    i.usart_dma_transmitter_enable  at32f403a_407_usart.o
    0x08004b96   0x08004b96   0x0000000a   Code   RO         4145    i.usart_enable      at32f403a_407_usart.o
    0x08004ba0   0x08004ba0   0x00000010   Code   RO         4147    i.usart_flag_get    at32f403a_407_usart.o
    0x08004bb0   0x08004bb0   0x00000066   Code   RO         4148    i.usart_hardware_flow_control_set  at32f403a_407_usart.o
    0x08004c16   0x08004c16   0x00000002   PAD
    0x08004c18   0x08004c18   0x00000080   Code   RO         4149    i.usart_init        at32f403a_407_usart.o
    0x08004c98   0x08004c98   0x00000036   Code   RO         4150    i.usart_interrupt_enable  at32f403a_407_usart.o
    0x08004cce   0x08004cce   0x0000004c   Code   RO         4156    i.usart_parity_selection_config  at32f403a_407_usart.o
    0x08004d1a   0x08004d1a   0x0000000a   Code   RO         4157    i.usart_receiver_enable  at32f403a_407_usart.o
    0x08004d24   0x08004d24   0x0000000a   Code   RO         4164    i.usart_transmitter_enable  at32f403a_407_usart.o
    0x08004d2e   0x08004d2e   0x00000028   Code   RO         4880    i.uxListRemove      list.o
    0x08004d56   0x08004d56   0x0000001a   Code   RO         4881    i.vListInitialise   list.o
    0x08004d70   0x08004d70   0x00000006   Code   RO         4882    i.vListInitialiseItem  list.o
    0x08004d76   0x08004d76   0x00000034   Code   RO         4883    i.vListInsert       list.o
    0x08004daa   0x08004daa   0x00000018   Code   RO         4884    i.vListInsertEnd    list.o
    0x08004dc2   0x08004dc2   0x00000002   PAD
    0x08004dc4   0x08004dc4   0x00000054   Code   RO          350    i.vPortEnterCritical  include_port.o
    0x08004e18   0x08004e18   0x0000003c   Code   RO          351    i.vPortExitCritical  include_port.o
    0x08004e54   0x08004e54   0x000000a4   Code   RO         5501    i.vPortFree         heap_4.o
    0x08004ef8   0x08004ef8   0x00000028   Code   RO          352    i.vPortSetupTimerInterrupt  include_port.o
    0x08004f20   0x08004f20   0x0000005c   Code   RO         5208    i.vTaskDelay        tasks.o
    0x08004f7c   0x08004f7c   0x000000f4   Code   RO         5209    i.vTaskDelete       tasks.o
    0x08005070   0x08005070   0x00000090   Code   RO         5220    i.vTaskStartScheduler  tasks.o
    0x08005100   0x08005100   0x00000010   Code   RO         5222    i.vTaskSuspendAll   tasks.o
    0x08005110   0x08005110   0x0000008c   Code   RO         5223    i.vTaskSwitchContext  tasks.o
    0x0800519c   0x0800519c   0x00000168   Code   RO          354    i.xPortStartScheduler  include_port.o
    0x08005304   0x08005304   0x00000060   Code   RO         5226    i.xTaskCreate       tasks.o
    0x08005364   0x08005364   0x00000180   Code   RO         5228    i.xTaskGenericNotify  tasks.o
    0x080054e4   0x080054e4   0x00000148   Code   RO         5236    i.xTaskIncrementTick  tasks.o
    0x0800562c   0x0800562c   0x00000104   Code   RO         5238    i.xTaskResumeAll    tasks.o
    0x08005730   0x08005730   0x00000062   Code   RO         5640    x$fpl$d2f           fz_wm.l(d2f.o)
    0x08005792   0x08005792   0x00000002   PAD
    0x08005794   0x08005794   0x00000150   Code   RO         5642    x$fpl$dadd          fz_wm.l(daddsub_clz.o)
    0x080058e4   0x080058e4   0x0000002e   Code   RO         5649    x$fpl$dflt          fz_wm.l(dflt_clz.o)
    0x08005912   0x08005912   0x00000002   PAD
    0x08005914   0x08005914   0x00000154   Code   RO         5654    x$fpl$dmul          fz_wm.l(dmul.o)
    0x08005a68   0x08005a68   0x0000009c   Code   RO         5665    x$fpl$dnaninf       fz_wm.l(dnaninf.o)
    0x08005b04   0x08005b04   0x0000000c   Code   RO         5667    x$fpl$dretinf       fz_wm.l(dretinf.o)
    0x08005b10   0x08005b10   0x000001d4   Code   RO         5644    x$fpl$dsub          fz_wm.l(daddsub_clz.o)
    0x08005ce4   0x08005ce4   0x00000056   Code   RO         5656    x$fpl$f2d           fz_wm.l(f2d.o)
    0x08005d3a   0x08005d3a   0x0000008c   Code   RO         5669    x$fpl$fnaninf       fz_wm.l(fnaninf.o)
    0x08005dc6   0x08005dc6   0x0000000a   Code   RO         5762    x$fpl$fpinit        fz_wm.l(fpinit.o)
    0x08005dd0   0x08005dd0   0x0000000a   Code   RO         5671    x$fpl$fretinf       fz_wm.l(fretinf.o)
    0x08005dda   0x08005dda   0x00000000   Code   RO         5673    x$fpl$usenofp       fz_wm.l(usenofp.o)
    0x08005dda   0x08005dda   0x000002f8   Data   RO         1000    .constdata          oled.o
    0x080060d2   0x080060d2   0x00000010   Data   RO         1311    .constdata          segger_rtt_printf.o
    0x080060e2   0x080060e2   0x00000028   Data   RO         2061    .constdata          at32f403a_407_crm.o
    0x0800610a   0x0800610a   0x00000010   Data   RO         4739    .constdata          system_at32f403a_407.o
    0x0800611a   0x0800611a   0x00000002   PAD
    0x0800611c   0x0800611c   0x000000fd   Data   RO          208    .conststring        main.o
    0x08006219   0x08006219   0x00000003   PAD
    0x0800621c   0x0800621c   0x000001c6   Data   RO          925    .conststring        esp8266.o
    0x080063e2   0x080063e2   0x00000002   PAD
    0x080063e4   0x080063e4   0x00000020   Data   RO         5824    Region$$Table       anon$$obj.o


    Execution Region RW_IRAM1 (Exec base: 0x20000000, Load base: 0x08006404, Size: 0x000040b8, Max: 0x00038000, ABSOLUTE, COMPRESSED[0x00000098])

    Exec Addr    Load Addr    Size         Type   Attr      Idx    E Section Name        Object

    0x20000000   COMPRESSED   0x0000001a   Data   RW          209    .data               main.o
    0x2000001a   COMPRESSED   0x00000002   PAD
    0x2000001c   COMPRESSED   0x00000010   Data   RW          355    .data               include_port.o
    0x2000002c   COMPRESSED   0x00000011   Data   RW          452    .data               at32f403a_407_board.o
    0x2000003d   COMPRESSED   0x00000001   PAD
    0x2000003e   COMPRESSED   0x00000008   Data   RW          685    .data               adc.o
    0x20000046   COMPRESSED   0x00000002   PAD
    0x20000048   COMPRESSED   0x0000004f   Data   RW          761    .data               ctlloop.o
    0x20000097   COMPRESSED   0x00000001   PAD
    0x20000098   COMPRESSED   0x0000003e   Data   RW          837    .data               charge.o
    0x200000d6   COMPRESSED   0x00000002   PAD
    0x200000d8   COMPRESSED   0x000000a8   Data   RW          863    .data               filter.o
    0x20000180   COMPRESSED   0x00000011   Data   RW          886    .data               mppt.o
    0x20000191   COMPRESSED   0x00000003   PAD
    0x20000194   COMPRESSED   0x00000032   Data   RW          926    .data               esp8266.o
    0x200001c6   COMPRESSED   0x00000002   PAD
    0x200001c8   COMPRESSED   0x00000004   Data   RW         4740    .data               system_at32f403a_407.o
    0x200001cc   COMPRESSED   0x00000044   Data   RW         5241    .data               tasks.o
    0x20000210   COMPRESSED   0x00000024   Data   RW         5507    .data               heap_4.o
    0x20000234   COMPRESSED   0x00000004   Data   RW         5616    .data               c_w.l(strtok.o)
    0x20000238        -       0x00000018   Zero   RW          207    .bss                main.o
    0x20000250        -       0x000000f0   Zero   RW          760    .bss                ctlloop.o
    0x20000340        -       0x00000396   Zero   RW          924    .bss                esp8266.o
    0x200006d6        -       0x00000400   Zero   RW          999    .bss                oled.o
    0x20000ad6   COMPRESSED   0x00000002   PAD
    0x20000ad8        -       0x000004b8   Zero   RW         1110    .bss                segger_rtt.o
    0x20000f90        -       0x000000c8   Zero   RW         5240    .bss                tasks.o
    0x20001058        -       0x00002000   Zero   RW         5506    .bss                heap_4.o
    0x20003058        -       0x00000060   Zero   RW         5704    .bss                c_w.l(libspace.o)
    0x200030b8        -       0x00000800   Zero   RW         4772    HEAP                startup_at32f403a_407.o
    0x200038b8        -       0x00000800   Zero   RW         4771    STACK               startup_at32f403a_407.o


==============================================================================

Image component sizes


      Code (inc. data)   RO Data    RW Data    ZI Data      Debug   Object Name

       368         26          0          8          0       1492   adc.o
       378          6          0          0          0       7935   at32f403a_407_adc.o
       526         70          0         17          0       8926   at32f403a_407_board.o
       112          0          0          0          0      71542   at32f403a_407_clock.o
       998        116         40          0          0      10617   at32f403a_407_crm.o
       242         10          0          0          0       3714   at32f403a_407_dma.o
       284          6          0          0          0       3652   at32f403a_407_gpio.o
        20          0          0          0          0       3125   at32f403a_407_int.o
       240         18          0          0          0      32254   at32f403a_407_misc.o
       334          0          0          0          0       3125   at32f403a_407_spi.o
       662          8          0          0          0       8270   at32f403a_407_tmr.o
       432         14          0          0          0       8241   at32f403a_407_usart.o
       548         30          0         62          0       1853   charge.o
      1644        194          0         79        240       9168   ctlloop.o
      1952        502        454         50        918       7634   esp8266.o
         0          0          0          0          0       6332   event_groups.o
       188         10          0        168          0       1952   filter.o
       756         74          0         36       8192       7795   heap_4.o
       894         78          0         16          0      11676   include_port.o
       148          0          0          0          0       3886   list.o
      2222        544        253         26         24      24559   main.o
       352         36          0         17          0       1114   mppt.o
       992         40        760          0       1024       7423   oled.o
       742          8          0          0          0       4775   printf-stdarg.o
       550         48          0          0       1208       9910   segger_rtt.o
      1254         10         16          0          0       6277   segger_rtt_printf.o
       300         28          0          0          0       1349   spi.o
        64         26        388          0       4096        984   startup_at32f403a_407.o
       360         38         16          4          0       2440   system_at32f403a_407.o
      2660        348          0         68        200      25892   tasks.o
       356         24          0          0          0       1472   timer.o

    ----------------------------------------------------------------------
     20612       2312       1966        564      15904     299384   Object Totals
         0          0         32          0          0          0   (incl. Generated)
        34          0          7         13          2          0   (incl. Padding)

    ----------------------------------------------------------------------

      Code (inc. data)   RO Data    RW Data    ZI Data      Debug   Library Member Name

        90          0          0          0          0          0   __dczerorl2.o
         8          0          0          0          0         68   __main.o
         0          0          0          0          0          0   __rtentry.o
        12          0          0          0          0          0   __rtentry2.o
         6          0          0          0          0          0   __rtentry4.o
        52          8          0          0          0          0   __scatter.o
        28          0          0          0          0          0   __scatter_zi.o
        18          0          0          0          0         80   exit.o
         6          0          0          0          0        152   heapauxi.o
         2          0          0          0          0          0   libinit.o
         6          0          0          0          0          0   libinit2.o
         2          0          0          0          0          0   libshutdown.o
         2          0          0          0          0          0   libshutdown2.o
         8          4          0          0         96         68   libspace.o
        12          6          0          0          0         68   putchar.o
        68          0          0          0          0         68   rt_memclr.o
        78          0          0          0          0         80   rt_memclr_w.o
       138          0          0          0          0         68   rt_memcpy_v6.o
       100          0          0          0          0         80   rt_memcpy_w.o
         2          0          0          0          0          0   rtexit.o
        10          0          0          0          0          0   rtexit2.o
       128          0          0          0          0         68   strcmpv7m.o
        72          0          0          0          0         80   strcpy.o
        32          0          0          0          0         80   strcspn.o
        62          0          0          0          0         76   strlen.o
       150          0          0          0          0         80   strncmp.o
        28          0          0          0          0         80   strspn.o
        36          0          0          0          0         80   strstr.o
        12          6          0          4          0         68   strtok.o
        68          4          0          0          0         84   strtok_int.o
        74          0          0          0          0         80   sys_stackheap_outer.o
         2          0          0          0          0         68   use_no_semi.o
         2          0          0          0          0         68   use_no_semi_2.o
        98          4          0          0          0        140   d2f.o
       804         16          0          0          0        368   daddsub_clz.o
        46          0          0          0          0        116   dflt_clz.o
       340         12          0          0          0        152   dmul.o
       156          4          0          0          0        140   dnaninf.o
        12          0          0          0          0        116   dretinf.o
        86          4          0          0          0        132   f2d.o
       140          4          0          0          0        132   fnaninf.o
        10          0          0          0          0        116   fpinit.o
        10          0          0          0          0        116   fretinf.o
         0          0          0          0          0          0   usenofp.o

    ----------------------------------------------------------------------
      3026         72          0          4         96       3172   Library Totals
        10          0          0          0          0          0   (incl. Padding)

    ----------------------------------------------------------------------

      Code (inc. data)   RO Data    RW Data    ZI Data      Debug   Library Name

      1314         28          0          4         96       1644   c_w.l
      1702         44          0          0          0       1528   fz_wm.l

    ----------------------------------------------------------------------
      3026         72          0          4         96       3172   Library Totals

    ----------------------------------------------------------------------

==============================================================================


      Code (inc. data)   RO Data    RW Data    ZI Data      Debug   

     23638       2384       1966        568      16000     284572   Grand Totals
     23638       2384       1966        152      16000     284572   ELF Image Totals (compressed)
     23638       2384       1966        152          0          0   ROM Totals

==============================================================================

    Total RO  Size (Code + RO Data)                25604 (  25.00kB)
    Total RW  Size (RW Data + ZI Data)             16568 (  16.18kB)
    Total ROM Size (Code + RO Data + RW Data)      25756 (  25.15kB)

==============================================================================

