<html>
<body>
<pre>
<h1>µVision Build Log</h1>
<h2>Tool Versions:</h2>
IDE-Version: ¦ÌVision V5.38.0.0
Copyright (C) 2022 ARM Ltd and ARM Germany GmbH. All rights reserved.
License Information: xxx xxx, xxx, LIC=TIVNB-24VBS-8TK3P-MGN30-GC9LN-MVJA7
 
Tool Versions:
Toolchain:       MDK-ARM Plus  Version: 5.38.0.0
Toolchain Path:  C:\Keil_v5\ARM\ARMCC\Bin
C Compiler:      Armcc.exe V5.06 update 6 (build 750)
Assembler:       Armasm.exe V5.06 update 6 (build 750)
Linker/Locator:  ArmLink.exe V5.06 update 6 (build 750)
Library Manager: ArmAr.exe V5.06 update 6 (build 750)
Hex Converter:   FromElf.exe V5.06 update 6 (build 750)
CPU DLL:         SARMCM3.DLL V5.38.0.0
Dialog DLL:      DCM.DLL V1.17.5.0
Target DLL:      Segger\JL2CM3.dll V2.99.42.0
Dialog DLL:      TCM.DLL V1.56.4.0
 
<h2>Project:</h2>
D:\desktop\MPPT_Solor_Control\Project\V4\AT32F403A_MPPTSolorControler\utilities\at32f403a_solor\mdk_v5\freertos_solor.uvprojx
Project File Date:  05/15/2024

<h2>Output:</h2>
*** Using Compiler 'V5.06 update 6 (build 750)', folder: 'C:\Keil_v5\ARM\ARMCC\Bin'
Rebuild target 'at_start_f403a_ac5'
compiling filter.c...
compiling charge.c...
compiling spi.c...
compiling include_port.c...
compiling esp8266.c...
..\..\..\project\ESP8266\esp8266.c(178): warning:  #1035-D: single-precision operand implicitly converted to double-precision
  		numTosingle *= 0.1;
..\..\..\project\ESP8266\esp8266.c: 1 warning, 0 errors
compiling soft_iic.c...
compiling adc.c...
compiling SEGGER_RTT_printf.c...
compiling ina226.c...
compiling at32f403a_407_int.c...
compiling at32f403a_407_clock.c...
compiling SEGGER_RTT.c...
compiling at32f403a_407_board.c...
compiling mppt.c...
compiling oled.c...
compiling CtlLoop.c...
compiling timer.c...
compiling main.c...
..\src\main.c(307): warning:  #167-D: argument of type "char *" is incompatible with parameter of type "u8 *"
  			GUI_ShowString(0, 24, uart_tx_parm, 1);
..\src\main.c(312): warning:  #167-D: argument of type "char *" is incompatible with parameter of type "u8 *"
  			GUI_ShowString(0, 40, uart_tx_parm, 1);
..\src\main.c(329): warning:  #167-D: argument of type "char *" is incompatible with parameter of type "u8 *"
  			GUI_ShowString(0, 56, uart_tx_parm,1);
..\src\main.c(331): warning:  #167-D: argument of type "char *" is incompatible with parameter of type "u8 *"
  			GUI_ShowString(66, 0, uart_tx_parm, 1);
..\src\main.c: 4 warnings, 0 errors
compiling at32f403a_407_acc.c...
compiling at32f403a_407_bpr.c...
compiling at32f403a_407_crc.c...
compiling at32f403a_407_dac.c...
compiling at32f403a_407_exint.c...
compiling at32f403a_407_flash.c...
compiling at32f403a_407_emac.c...
compiling at32f403a_407_dma.c...
compiling at32f403a_407_gpio.c...
compiling at32f403a_407_i2c.c...
compiling at32f403a_407_debug.c...
compiling at32f403a_407_crm.c...
compiling at32f403a_407_can.c...
compiling at32f403a_407_misc.c...
compiling at32f403a_407_rtc.c...
compiling at32f403a_407_adc.c...
assembling startup_at32f403a_407.s...
compiling at32f403a_407_pwc.c...
compiling croutine.c...
compiling list.c...
compiling event_groups.c...
compiling at32f403a_407_spi.c...
compiling queue.c...
compiling at32f403a_407_sdio.c...
compiling at32f403a_407_tmr.c...
compiling at32f403a_407_usart.c...
compiling at32f403a_407_wdt.c...
compiling at32f403a_407_usb.c...
compiling at32f403a_407_wwdt.c...
compiling system_at32f403a_407.c...
compiling at32f403a_407_xmc.c...
compiling timers.c...
compiling printf-stdarg.c...
compiling heap_4.c...
compiling stream_buffer.c...
compiling tasks.c...
linking...
Program Size: Code=23198 RO-data=1918 RW-data=568 ZI-data=16000  
FromELF: creating hex file...
".\objects\at32f403a_freertos_ac5.axf" - 0 Error(s), 5 Warning(s).

<h2>Software Packages used:</h2>

Package Vendor: ArteryTek
                
                ArteryTek.AT32F403A_407_DFP.2.1.8
                ArteryTek AT32F403A_407 Series Device Support,Drivers

<h2>Collection of Component include folders:</h2>
  C:/Users/84590/AppData/Local/Arm/Packs/ArteryTek/AT32F403A_407_DFP/2.1.8/Device/Include

<h2>Collection of Component Files used:</h2>
Build Time Elapsed:  00:00:05
</pre>
</body>
</html>
