Component: ARM Compiler 5.06 update 6 (build 750) Tool: armlink [4d35ed]

==============================================================================

Section Cross References

    at32f403a_407_clock.o(i.system_clock_config) refers to at32f403a_407_crm.o(i.crm_reset) for crm_reset
    at32f403a_407_clock.o(i.system_clock_config) refers to at32f403a_407_crm.o(i.crm_clock_source_enable) for crm_clock_source_enable
    at32f403a_407_clock.o(i.system_clock_config) refers to at32f403a_407_crm.o(i.crm_hext_stable_wait) for crm_hext_stable_wait
    at32f403a_407_clock.o(i.system_clock_config) refers to at32f403a_407_crm.o(i.crm_pll_config) for crm_pll_config
    at32f403a_407_clock.o(i.system_clock_config) refers to at32f403a_407_crm.o(i.crm_hext_clock_div_set) for crm_hext_clock_div_set
    at32f403a_407_clock.o(i.system_clock_config) refers to at32f403a_407_crm.o(i.crm_flag_get) for crm_flag_get
    at32f403a_407_clock.o(i.system_clock_config) refers to at32f403a_407_crm.o(i.crm_ahb_div_set) for crm_ahb_div_set
    at32f403a_407_clock.o(i.system_clock_config) refers to at32f403a_407_crm.o(i.crm_apb2_div_set) for crm_apb2_div_set
    at32f403a_407_clock.o(i.system_clock_config) refers to at32f403a_407_crm.o(i.crm_apb1_div_set) for crm_apb1_div_set
    at32f403a_407_clock.o(i.system_clock_config) refers to at32f403a_407_crm.o(i.crm_auto_step_mode_enable) for crm_auto_step_mode_enable
    at32f403a_407_clock.o(i.system_clock_config) refers to at32f403a_407_crm.o(i.crm_sysclk_switch) for crm_sysclk_switch
    at32f403a_407_clock.o(i.system_clock_config) refers to at32f403a_407_crm.o(i.crm_sysclk_switch_status_get) for crm_sysclk_switch_status_get
    at32f403a_407_clock.o(i.system_clock_config) refers to system_at32f403a_407.o(i.system_core_clock_update) for system_core_clock_update
    main.o(i.SetupHardware) refers to at32f403a_407_misc.o(i.nvic_priority_group_config) for nvic_priority_group_config
    main.o(i.SetupHardware) refers to at32f403a_407_clock.o(i.system_clock_config) for system_clock_config
    main.o(i.SetupHardware) refers to at32f403a_407_board.o(i.dwt_delay_init) for dwt_delay_init
    main.o(i.SetupHardware) refers to at32f403a_407_board.o(i.at32_led_init) for at32_led_init
    main.o(i.SetupHardware) refers to at32f403a_407_board.o(i.at32_led_on) for at32_led_on
    main.o(i.SetupHardware) refers to at32f403a_407_board.o(i.at32_key_init) for at32_key_init
    main.o(i.SetupHardware) refers to adc.o(i.ADC_INIT) for ADC_INIT
    main.o(i.SetupHardware) refers to timer.o(i.TMR1_Init) for TMR1_Init
    main.o(i.SetupHardware) refers to oled.o(i.OLED_Init) for OLED_Init
    main.o(i.SetupHardware) refers to at32f403a_407_board.o(i.dwt_delay_ms) for dwt_delay_ms
    main.o(i.SetupHardware) refers to esp8266.o(i.esp8266_Init) for esp8266_Init
    main.o(i.main) refers to main.o(i.SetupHardware) for SetupHardware
    main.o(i.main) refers to tasks.o(i.xTaskCreate) for xTaskCreate
    main.o(i.main) refers to tasks.o(i.vTaskStartScheduler) for vTaskStartScheduler
    main.o(i.main) refers to main.o(i.start_task_function) for start_task_function
    main.o(i.sStateFault_task_function) refers to tasks.o(i.ulTaskGenericNotifyTake) for ulTaskGenericNotifyTake
    main.o(i.sStateFault_task_function) refers to at32f403a_407_board.o(i.at32_led_on) for at32_led_on
    main.o(i.sStateFault_task_function) refers to at32f403a_407_board.o(i.at32_led_off) for at32_led_off
    main.o(i.sStateFault_task_function) refers to at32f403a_407_tmr.o(i.tmr_interrupt_enable) for tmr_interrupt_enable
    main.o(i.sStateFault_task_function) refers to at32f403a_407_tmr.o(i.tmr_channel_enable) for tmr_channel_enable
    main.o(i.sStateFault_task_function) refers to segger_rtt_printf.o(i.SEGGER_RTT_printf) for SEGGER_RTT_printf
    main.o(i.sStateFault_task_function) refers to ctlloop.o(i.LoopFaultBack) for LoopFaultBack
    main.o(i.sStateFault_task_function) refers to at32f403a_407_board.o(i.Key_Scan) for Key_Scan
    main.o(i.sStateFault_task_function) refers to tasks.o(i.xTaskGenericNotify) for xTaskGenericNotify
    main.o(i.sStateFault_task_function) refers to tasks.o(i.vTaskDelay) for vTaskDelay
    main.o(i.sStateFault_task_function) refers to charge.o(.data) for gMy_Battry
    main.o(i.sStateFault_task_function) refers to ctlloop.o(.data) for loop_err
    main.o(i.sStateFault_task_function) refers to esp8266.o(.data) for Netbutton
    main.o(i.sStateFault_task_function) refers to main.o(.data) for DeviceSwitch
    main.o(i.sStateInit_task_function) refers to tasks.o(i.vTaskDelay) for vTaskDelay
    main.o(i.sStateInit_task_function) refers to at32f403a_407_board.o(i.Key_Scan) for Key_Scan
    main.o(i.sStateInit_task_function) refers to ctlloop.o(i.ExcursionCheck) for ExcursionCheck
    main.o(i.sStateInit_task_function) refers to ctlloop.o(i.LoopFaultCheck) for LoopFaultCheck
    main.o(i.sStateInit_task_function) refers to tasks.o(i.xTaskGenericNotify) for xTaskGenericNotify
[...]
    $v0                                      0x08005b82   Number         0  fnaninf.o(x$fpl$fnaninf)
    x$fpl$fpinit                             0x08005c0e   Section       10  fpinit.o(x$fpl$fpinit)
    $v0                                      0x08005c0e   Number         0  fpinit.o(x$fpl$fpinit)
    x$fpl$fretinf                            0x08005c18   Section       10  fretinf.o(x$fpl$fretinf)
    $v0                                      0x08005c18   Number         0  fretinf.o(x$fpl$fretinf)
    .constdata                               0x08005c22   Section      760  oled.o(.constdata)
    x$fpl$usenofp                            0x08005c22   Section        0  usenofp.o(x$fpl$usenofp)
    .constdata                               0x08005f1a   Section       33  segger_rtt.o(.constdata)
    _aTerminalId                             0x08005f1a   Data          16  segger_rtt.o(.constdata)
    _aInitStr                                0x08005f2a   Data          17  segger_rtt.o(.constdata)
    .constdata                               0x08005f3b   Section       16  segger_rtt_printf.o(.constdata)
    _aV2C                                    0x08005f3b   Data          16  segger_rtt_printf.o(.constdata)
    .constdata                               0x08005f4b   Section       40  at32f403a_407_crm.o(.constdata)
    sclk_ahb_div_table                       0x08005f4b   Data          16  at32f403a_407_crm.o(.constdata)
    ahb_apb1_div_table                       0x08005f5b   Data           8  at32f403a_407_crm.o(.constdata)
    ahb_apb2_div_table                       0x08005f63   Data           8  at32f403a_407_crm.o(.constdata)
    adc_div_table                            0x08005f6b   Data           8  at32f403a_407_crm.o(.constdata)
    .constdata                               0x08005f73   Section       16  system_at32f403a_407.o(.constdata)
    sys_ahb_div_table                        0x08005f73   Data          16  system_at32f403a_407.o(.constdata)
    .conststring                             0x08005f84   Section      175  main.o(.conststring)
    .conststring                             0x08006034   Section      454  esp8266.o(.conststring)
    .data                                    0x20000000   Section       26  main.o(.data)
    systemcoreclock                          0x20000000   Data           4  main.o(.data)
    i                                        0x20000018   Data           2  main.o(.data)
    .data                                    0x2000001c   Section       16  include_port.o(.data)
    systemcoreclock                          0x2000001c   Data           4  include_port.o(.data)
    uxCriticalNesting                        0x20000020   Data           4  include_port.o(.data)
    ucMaxSysCallPriority                     0x20000024   Data           1  include_port.o(.data)
    ulMaxPRIGROUPValue                       0x20000028   Data           4  include_port.o(.data)
    .data                                    0x2000002c   Section       17  at32f403a_407_board.o(.data)
    systemcoreclock                          0x2000002c   Data           4  at32f403a_407_board.o(.data)
    dwt_fac_us                               0x20000030   Data           4  at32f403a_407_board.o(.data)
    dwt_fac_ms                               0x20000034   Data           4  at32f403a_407_board.o(.data)
    cnt                                      0x2000003c   Data           1  at32f403a_407_board.o(.data)
    .data                                    0x2000003e   Section        8  adc.o(.data)
    .data                                    0x20000048   Section       79  ctlloop.o(.data)
    excu_count                               0x2000006e   Data           2  ctlloop.o(.data)
    excu_FaultCnt                            0x20000070   Data           2  ctlloop.o(.data)
    IinSum                                   0x20000074   Data           4  ctlloop.o(.data)
    IoutSum                                  0x20000078   Data           4  ctlloop.o(.data)
    IinErr                                   0x2000007c   Data           4  ctlloop.o(.data)
    IoutErr                                  0x20000080   Data           4  ctlloop.o(.data)
    VinAvgSum                                0x20000084   Data           4  ctlloop.o(.data)
    IinAvgSum                                0x20000088   Data           4  ctlloop.o(.data)
    VoutAvgSum                               0x2000008c   Data           4  ctlloop.o(.data)
    IoutAvgSum                               0x20000090   Data           4  ctlloop.o(.data)
    v_loop_ctrcnt                            0x20000094   Data           1  ctlloop.o(.data)
    fault_cnt                                0x20000095   Data           1  ctlloop.o(.data)
    back_cnt                                 0x20000096   Data           1  ctlloop.o(.data)
    .data                                    0x20000098   Section       62  charge.o(.data)
    swiStaTime                               0x200000d0   Data           2  charge.o(.data)
    precharge_time                           0x200000d2   Data           2  charge.o(.data)
    charge_time                              0x200000d4   Data           2  charge.o(.data)
    .data                                    0x200000d8   Section      168  filter.o(.data)
    .data                                    0x20000180   Section       17  mppt.o(.data)
    pv_Plast                                 0x20000184   Data           4  mppt.o(.data)
    mppt_up_dn_flag                          0x20000188   Data           1  mppt.o(.data)
    pv_ref                                   0x2000018c   Data           4  mppt.o(.data)
    mppt_run_count                           0x20000190   Data           1  mppt.o(.data)
    .data                                    0x20000194   Section       50  esp8266.o(.data)
    usart_rx_counter                         0x200001c4   Data           1  esp8266.o(.data)
    .data                                    0x200001c8   Section        4  system_at32f403a_407.o(.data)
    .data                                    0x200001cc   Section       68  tasks.o(.data)
    systemcoreclock                          0x200001cc   Data           4  tasks.o(.data)
    pxDelayedTaskList                        0x200001d4   Data           4  tasks.o(.data)
    pxOverflowDelayedTaskList                0x200001d8   Data           4  tasks.o(.data)
    uxDeletedTasksWaitingCleanUp             0x200001dc   Data           4  tasks.o(.data)
    uxCurrentNumberOfTasks                   0x200001e0   Data           4  tasks.o(.data)
    xTickCount                               0x200001e4   Data           4  tasks.o(.data)
    uxTopReadyPriority                       0x200001e8   Data           4  tasks.o(.data)
    xSchedulerRunning                        0x200001ec   Data           4  tasks.o(.data)
    xPendedTicks                             0x200001f0   Data           4  tasks.o(.data)
    xYieldPending                            0x200001f4   Data           4  tasks.o(.data)
    xNumOfOverflows                          0x200001f8   Data           4  tasks.o(.data)
    uxTaskNumber                             0x200001fc   Data           4  tasks.o(.data)
    xNextTaskUnblockTime                     0x20000200   Data           4  tasks.o(.data)
    xIdleTaskHandle                          0x20000204   Data           4  tasks.o(.data)
    uxSchedulerSuspended                     0x2000020c   Data           4  tasks.o(.data)
    .data                                    0x20000210   Section       36  heap_4.o(.data)
    systemcoreclock                          0x20000210   Data           4  heap_4.o(.data)
    xStart                                   0x20000214   Data           8  heap_4.o(.data)
    pxEnd                                    0x2000021c   Data           4  heap_4.o(.data)
    xFreeBytesRemaining                      0x20000220   Data           4  heap_4.o(.data)
    xMinimumEverFreeBytesRemaining           0x20000224   Data           4  heap_4.o(.data)
    xNumberOfSuccessfulAllocations           0x20000228   Data           4  heap_4.o(.data)
    xNumberOfSuccessfulFrees                 0x2000022c   Data           4  heap_4.o(.data)
    xBlockAllocatedBit                       0x20000230   Data           4  heap_4.o(.data)
    .data                                    0x20000234   Section        4  strtok.o(.data)
    _strtok_saves1                           0x20000234   Data           4  strtok.o(.data)
    .bss                                     0x20000238   Section       24  main.o(.bss)
    .bss                                     0x20000250   Section      240  ctlloop.o(.bss)
    .bss                                     0x20000340   Section      918  esp8266.o(.bss)
    uart_tx_buf                              0x20000340   Data         256  esp8266.o(.bss)
    uart_tx_temp                             0x20000440   Data         256  esp8266.o(.bss)
    .bss                                     0x200006d6   Section     1024  oled.o(.bss)
    OLED_buffer                              0x200006d6   Data        1024  oled.o(.bss)
    .bss                                     0x20000ad8   Section     1208  segger_rtt.o(.bss)
    _acUpBuffer                              0x20000b80   Data        1024  segger_rtt.o(.bss)
    _acDownBuffer                            0x20000f80   Data          16  segger_rtt.o(.bss)
    .bss                                     0x20000f90   Section      200  tasks.o(.bss)
    pxReadyTasksLists                        0x20000f90   Data         100  tasks.o(.bss)
    xDelayedTaskList1                        0x20000ff4   Data          20  tasks.o(.bss)
    xDelayedTaskList2                        0x20001008   Data          20  tasks.o(.bss)
    xPendingReadyList                        0x2000101c   Data          20  tasks.o(.bss)
    xTasksWaitingTermination                 0x20001030   Data          20  tasks.o(.bss)
    xSuspendedTaskList                       0x20001044   Data          20  tasks.o(.bss)
    .bss                                     0x20001058   Section     8192  heap_4.o(.bss)
    ucHeap                                   0x20001058   Data        8192  heap_4.o(.bss)
    .bss                                     0x20003058   Section       96  libspace.o(.bss)
    HEAP                                     0x200030b8   Section     2048  startup_at32f403a_407.o(HEAP)
    Heap_Mem                                 0x200030b8   Data        2048  startup_at32f403a_407.o(HEAP)
    STACK                                    0x200038b8   Section     2048  startup_at32f403a_407.o(STACK)
    Stack_Mem                                0x200038b8   Data        2048  startup_at32f403a_407.o(STACK)
    __initial_sp                             0x200040b8   Data           0  startup_at32f403a_407.o(STACK)

    Global Symbols

    Symbol Name                              Value     Ov Type        Size  Object(Section)

    BuildAttributes$$THM_ISAv4$E$P$D$K$B$S$7EM$VFPi3$EXTD16$VFPS$VFMA$PE$A:L22UL41UL21$X:L11$S22US41US21$IEEE1$IW$USESV6$~STKCKD$USESV7$~SHL$OSPACE$ROPI$EBA8$UX$STANDARDLIB$REQ8$PRES8$EABIv2 0x00000000   Number         0  anon$$obj.o ABSOLUTE
    __ARM_use_no_argv                        0x00000000   Number         0  main.o ABSOLUTE
    __ARM_exceptions_init                     - Undefined Weak Reference
    __alloca_initialize                       - Undefined Weak Reference
    __arm_preinit_                            - Undefined Weak Reference
    __cpp_initialize__aeabi_                  - Undefined Weak Reference
    __cxa_finalize                            - Undefined Weak Reference
    __rt_locale                               - Undefined Weak Reference
    __sigvec_lookup                           - Undefined Weak Reference
    _atexit_init                              - Undefined Weak Reference
    _call_atexit_fns                          - Undefined Weak Reference
    _clock_init                               - Undefined Weak Reference
    _fp_trap_init                             - Undefined Weak Reference
    _fp_trap_shutdown                         - Undefined Weak Reference
    _get_lc_collate                           - Undefined Weak Reference
    _get_lc_ctype                             - Undefined Weak Reference
    _get_lc_monetary                          - Undefined Weak Reference
    _get_lc_numeric                           - Undefined Weak Reference
    _get_lc_time                              - Undefined Weak Reference
    _getenv_init                              - Undefined Weak Reference
    _handle_redirection                       - Undefined Weak Reference
    _init_alloc                               - Undefined Weak Reference
    _init_user_alloc                          - Undefined Weak Reference
    _initio                                   - Undefined Weak Reference
    _rand_init                                - Undefined Weak Reference
    _signal_finish                            - Undefined Weak Reference
    _signal_init                              - Undefined Weak Reference
    _terminate_alloc                          - Undefined Weak Reference
    _terminate_user_alloc                     - Undefined Weak Reference
    _terminateio                              - Undefined Weak Reference
    __Vectors_Size                           0x00000184   Number         0  startup_at32f403a_407.o ABSOLUTE
    __Vectors                                0x08000000   Data           4  startup_at32f403a_407.o(RESET)
    __Vectors_End                            0x08000184   Data           0  startup_at32f403a_407.o(RESET)
    __main                                   0x08000185   Thumb Code     8  __main.o(!!!main)
    __scatterload                            0x0800018d   Thumb Code     0  __scatter.o(!!!scatter)
    __scatterload_rt2                        0x0800018d   Thumb Code    44  __scatter.o(!!!scatter)
    __scatterload_rt2_thumb_only             0x0800018d   Thumb Code     0  __scatter.o(!!!scatter)
    __scatterload_null                       0x0800019b   Thumb Code     0  __scatter.o(!!!scatter)
    __decompress                             0x080001c1   Thumb Code    90  __dczerorl2.o(!!dczerorl2)
    __decompress1                            0x080001c1   Thumb Code     0  __dczerorl2.o(!!dczerorl2)
    __scatterload_zeroinit                   0x0800021d   Thumb Code    28  __scatter_zi.o(!!handler_zi)
    __rt_lib_init                            0x08000239   Thumb Code     0  libinit.o(.ARM.Collect$$libinit$$00000000)
    __rt_lib_init_fp_1                       0x0800023b   Thumb Code     0  libinit2.o(.ARM.Collect$$libinit$$00000001)
    __rt_lib_init_alloca_1                   0x0800023f   Thumb Code     0  libinit2.o(.ARM.Collect$$libinit$$0000002E)
    __rt_lib_init_argv_1                     0x0800023f   Thumb Code     0  libinit2.o(.ARM.Collect$$libinit$$0000002C)
    __rt_lib_init_atexit_1                   0x0800023f   Thumb Code     0  libinit2.o(.ARM.Collect$$libinit$$0000001B)
    __rt_lib_init_clock_1                    0x0800023f   Thumb Code     0  libinit2.o(.ARM.Collect$$libinit$$00000021)
    __rt_lib_init_cpp_1                      0x0800023f   Thumb Code     0  libinit2.o(.ARM.Collect$$libinit$$00000032)
    __rt_lib_init_exceptions_1               0x0800023f   Thumb Code     0  libinit2.o(.ARM.Collect$$libinit$$00000030)
    __rt_lib_init_fp_trap_1                  0x0800023f   Thumb Code     0  libinit2.o(.ARM.Collect$$libinit$$0000001F)
    __rt_lib_init_getenv_1                   0x0800023f   Thumb Code     0  libinit2.o(.ARM.Collect$$libinit$$00000023)
    __rt_lib_init_heap_1                     0x0800023f   Thumb Code     0  libinit2.o(.ARM.Collect$$libinit$$0000000A)
    __rt_lib_init_lc_collate_1               0x0800023f   Thumb Code     0  libinit2.o(.ARM.Collect$$libinit$$00000011)
    __rt_lib_init_lc_ctype_1                 0x0800023f   Thumb Code     0  libinit2.o(.ARM.Collect$$libinit$$00000013)
    __rt_lib_init_lc_monetary_1              0x0800023f   Thumb Code     0  libinit2.o(.ARM.Collect$$libinit$$00000015)
    __rt_lib_init_lc_numeric_1               0x0800023f   Thumb Code     0  libinit2.o(.ARM.Collect$$libinit$$00000017)
    __rt_lib_init_lc_time_1                  0x0800023f   Thumb Code     0  libinit2.o(.ARM.Collect$$libinit$$00000019)
    __rt_lib_init_preinit_1                  0x0800023f   Thumb Code     0  libinit2.o(.ARM.Collect$$libinit$$00000004)
    __rt_lib_init_rand_1                     0x0800023f   Thumb Code     0  libinit2.o(.ARM.Collect$$libinit$$0000000E)
    __rt_lib_init_return                     0x0800023f   Thumb Code     0  libinit2.o(.ARM.Collect$$libinit$$00000033)
    __rt_lib_init_signal_1                   0x0800023f   Thumb Code     0  libinit2.o(.ARM.Collect$$libinit$$0000001D)
    __rt_lib_init_stdio_1                    0x0800023f   Thumb Code     0  libinit2.o(.ARM.Collect$$libinit$$00000025)
    __rt_lib_init_user_alloc_1               0x0800023f   Thumb Code     0  libinit2.o(.ARM.Collect$$libinit$$0000000C)
    __rt_lib_shutdown                        0x08000241   Thumb Code     0  libshutdown.o(.ARM.Collect$$libshutdown$$00000000)
    __rt_lib_shutdown_cpp_1                  0x08000243   Thumb Code     0  libshutdown2.o(.ARM.Collect$$libshutdown$$00000002)
    __rt_lib_shutdown_fp_trap_1              0x08000243   Thumb Code     0  libshutdown2.o(.ARM.Collect$$libshutdown$$00000007)
    __rt_lib_shutdown_heap_1                 0x08000243   Thumb Code     0  libshutdown2.o(.ARM.Collect$$libshutdown$$0000000F)
    __rt_lib_shutdown_return                 0x08000243   Thumb Code     0  libshutdown2.o(.ARM.Collect$$libshutdown$$00000010)
    __rt_lib_shutdown_signal_1               0x08000243   Thumb Code     0  libshutdown2.o(.ARM.Collect$$libshutdown$$0000000A)
    __rt_lib_shutdown_stdio_1                0x08000243   Thumb Code     0  libshutdown2.o(.ARM.Collect$$libshutdown$$00000004)
    __rt_lib_shutdown_user_alloc_1           0x08000243   Thumb Code     0  libshutdown2.o(.ARM.Collect$$libshutdown$$0000000C)
    __rt_entry                               0x08000245   Thumb Code     0  __rtentry.o(.ARM.Collect$$rtentry$$00000000)
    __rt_entry_presh_1                       0x08000245   Thumb Code     0  __rtentry2.o(.ARM.Collect$$rtentry$$00000002)
    __rt_entry_sh                            0x08000245   Thumb Code     0  __rtentry4.o(.ARM.Collect$$rtentry$$00000004)
    __rt_entry_li                            0x0800024b   Thumb Code     0  __rtentry2.o(.ARM.Collect$$rtentry$$0000000A)
    __rt_entry_postsh_1                      0x0800024b   Thumb Code     0  __rtentry2.o(.ARM.Collect$$rtentry$$00000009)
    __rt_entry_main                          0x0800024f   Thumb Code     0  __rtentry2.o(.ARM.Collect$$rtentry$$0000000D)
    __rt_entry_postli_1                      0x0800024f   Thumb Code     0  __rtentry2.o(.ARM.Collect$$rtentry$$0000000C)
    __rt_exit                                0x08000257   Thumb Code     0  rtexit.o(.ARM.Collect$$rtexit$$00000000)
    __rt_exit_ls                             0x08000259   Thumb Code     0  rtexit2.o(.ARM.Collect$$rtexit$$00000003)
    __rt_exit_prels_1                        0x08000259   Thumb Code     0  rtexit2.o(.ARM.Collect$$rtexit$$00000002)
    __rt_exit_exit                           0x0800025d   Thumb Code     0  rtexit2.o(.ARM.Collect$$rtexit$$00000004)
    SVC_Handler                              0x08000265   Thumb Code    28  include_port.o(.emb_text)
    __asm___14_include_port_c_39a90d8d__prvStartFirstTask 0x08000285   Thumb Code    36  include_port.o(.emb_text)
    __asm___14_include_port_c_39a90d8d__prvEnableVFP 0x080002ad   Thumb Code    16  include_port.o(.emb_text)
    PendSV_Handler                           0x080002c1   Thumb Code    88  include_port.o(.emb_text)
    vPortGetIPSR                             0x0800031d   Thumb Code     6  include_port.o(.emb_text)
    Reset_Handler                            0x08000325   Thumb Code     8  startup_at32f403a_407.o(.text)
    ACC_IRQHandler                           0x0800033f   Thumb Code     0  startup_at32f403a_407.o(.text)
    ADC1_2_IRQHandler                        0x0800033f   Thumb Code     0  startup_at32f403a_407.o(.text)
    ADC3_IRQHandler                          0x0800033f   Thumb Code     0  startup_at32f403a_407.o(.text)
    CAN1_RX1_IRQHandler                      0x0800033f   Thumb Code     0  startup_at32f403a_407.o(.text)
    CAN1_SE_IRQHandler                       0x0800033f   Thumb Code     0  startup_at32f403a_407.o(.text)
    CAN2_RX0_IRQHandler                      0x0800033f   Thumb Code     0  startup_at32f403a_407.o(.text)
    CAN2_RX1_IRQHandler                      0x0800033f   Thumb Code     0  startup_at32f403a_407.o(.text)
    CAN2_SE_IRQHandler                       0x0800033f   Thumb Code     0  startup_at32f403a_407.o(.text)
    CAN2_TX_IRQHandler                       0x0800033f   Thumb Code     0  startup_at32f403a_407.o(.text)
    CRM_IRQHandler                           0x0800033f   Thumb Code     0  startup_at32f403a_407.o(.text)
    DMA1_Channel1_IRQHandler                 0x0800033f   Thumb Code     0  startup_at32f403a_407.o(.text)
    DMA1_Channel2_IRQHandler                 0x0800033f   Thumb Code     0  startup_at32f403a_407.o(.text)
    DMA1_Channel3_IRQHandler                 0x0800033f   Thumb Code     0  startup_at32f403a_407.o(.text)
    DMA1_Channel4_IRQHandler                 0x0800033f   Thumb Code     0  startup_at32f403a_407.o(.text)
    DMA1_Channel5_IRQHandler                 0x0800033f   Thumb Code     0  startup_at32f403a_407.o(.text)
    DMA1_Channel6_IRQHandler                 0x0800033f   Thumb Code     0  startup_at32f403a_407.o(.text)
    DMA1_Channel7_IRQHandler                 0x0800033f   Thumb Code     0  startup_at32f403a_407.o(.text)
    DMA2_Channel1_IRQHandler                 0x0800033f   Thumb Code     0  startup_at32f403a_407.o(.text)
    DMA2_Channel2_IRQHandler                 0x0800033f   Thumb Code     0  startup_at32f403a_407.o(.text)
    DMA2_Channel3_IRQHandler                 0x0800033f   Thumb Code     0  startup_at32f403a_407.o(.text)
    DMA2_Channel4_5_IRQHandler               0x0800033f   Thumb Code     0  startup_at32f403a_407.o(.text)
    DMA2_Channel6_7_IRQHandler               0x0800033f   Thumb Code     0  startup_at32f403a_407.o(.text)
    EMAC_IRQHandler                          0x0800033f   Thumb Code     0  startup_at32f403a_407.o(.text)
    EMAC_WKUP_IRQHandler                     0x0800033f   Thumb Code     0  startup_at32f403a_407.o(.text)
    EXINT0_IRQHandler                        0x0800033f   Thumb Code     0  startup_at32f403a_407.o(.text)
    EXINT15_10_IRQHandler                    0x0800033f   Thumb Code     0  startup_at32f403a_407.o(.text)
    EXINT1_IRQHandler                        0x0800033f   Thumb Code     0  startup_at32f403a_407.o(.text)
    EXINT2_IRQHandler                        0x0800033f   Thumb Code     0  startup_at32f403a_407.o(.text)
    EXINT3_IRQHandler                        0x0800033f   Thumb Code     0  startup_at32f403a_407.o(.text)
    EXINT4_IRQHandler                        0x0800033f   Thumb Code     0  startup_at32f403a_407.o(.text)
    EXINT9_5_IRQHandler                      0x0800033f   Thumb Code     0  startup_at32f403a_407.o(.text)
    FLASH_IRQHandler                         0x0800033f   Thumb Code     0  startup_at32f403a_407.o(.text)
    I2C1_ERR_IRQHandler                      0x0800033f   Thumb Code     0  startup_at32f403a_407.o(.text)
    I2C1_EVT_IRQHandler                      0x0800033f   Thumb Code     0  startup_at32f403a_407.o(.text)
    I2C2_ERR_IRQHandler                      0x0800033f   Thumb Code     0  startup_at32f403a_407.o(.text)
    I2C2_EVT_IRQHandler                      0x0800033f   Thumb Code     0  startup_at32f403a_407.o(.text)
    I2C3_ERR_IRQHandler                      0x0800033f   Thumb Code     0  startup_at32f403a_407.o(.text)
    I2C3_EVT_IRQHandler                      0x0800033f   Thumb Code     0  startup_at32f403a_407.o(.text)
    PVM_IRQHandler                           0x0800033f   Thumb Code     0  startup_at32f403a_407.o(.text)
    RTCAlarm_IRQHandler                      0x0800033f   Thumb Code     0  startup_at32f403a_407.o(.text)
    RTC_IRQHandler                           0x0800033f   Thumb Code     0  startup_at32f403a_407.o(.text)
    SDIO1_IRQHandler                         0x0800033f   Thumb Code     0  startup_at32f403a_407.o(.text)
    SDIO2_IRQHandler                         0x0800033f   Thumb Code     0  startup_at32f403a_407.o(.text)
    SPI1_IRQHandler                          0x0800033f   Thumb Code     0  startup_at32f403a_407.o(.text)
    SPI2_I2S2EXT_IRQHandler                  0x0800033f   Thumb Code     0  startup_at32f403a_407.o(.text)
    SPI3_I2S3EXT_IRQHandler                  0x0800033f   Thumb Code     0  startup_at32f403a_407.o(.text)
    SPI4_IRQHandler                          0x0800033f   Thumb Code     0  startup_at32f403a_407.o(.text)
    TAMPER_IRQHandler                        0x0800033f   Thumb Code     0  startup_at32f403a_407.o(.text)
    TMR1_BRK_TMR9_IRQHandler                 0x0800033f   Thumb Code     0  startup_at32f403a_407.o(.text)
    TMR1_CH_IRQHandler                       0x0800033f   Thumb Code     0  startup_at32f403a_407.o(.text)
    TMR1_TRG_HALL_TMR11_IRQHandler           0x0800033f   Thumb Code     0  startup_at32f403a_407.o(.text)
    TMR2_GLOBAL_IRQHandler                   0x0800033f   Thumb Code     0  startup_at32f403a_407.o(.text)
    TMR3_GLOBAL_IRQHandler                   0x0800033f   Thumb Code     0  startup_at32f403a_407.o(.text)
    TMR4_GLOBAL_IRQHandler                   0x0800033f   Thumb Code     0  startup_at32f403a_407.o(.text)
    TMR5_GLOBAL_IRQHandler                   0x0800033f   Thumb Code     0  startup_at32f403a_407.o(.text)
    TMR6_GLOBAL_IRQHandler                   0x0800033f   Thumb Code     0  startup_at32f403a_407.o(.text)
    TMR7_GLOBAL_IRQHandler                   0x0800033f   Thumb Code     0  startup_at32f403a_407.o(.text)
    TMR8_BRK_TMR12_IRQHandler                0x0800033f   Thumb Code     0  startup_at32f403a_407.o(.text)
    TMR8_CH_IRQHandler                       0x0800033f   Thumb Code     0  startup_at32f403a_407.o(.text)
    TMR8_OVF_TMR13_IRQHandler                0x0800033f   Thumb Code     0  startup_at32f403a_407.o(.text)
    TMR8_TRG_HALL_TMR14_IRQHandler           0x0800033f   Thumb Code     0  startup_at32f403a_407.o(.text)
    UART4_IRQHandler                         0x0800033f   Thumb Code     0  startup_at32f403a_407.o(.text)
    UART5_IRQHandler                         0x0800033f   Thumb Code     0  startup_at32f403a_407.o(.text)
    UART7_IRQHandler                         0x0800033f   Thumb Code     0  startup_at32f403a_407.o(.text)
    UART8_IRQHandler                         0x0800033f   Thumb Code     0  startup_at32f403a_407.o(.text)
    USART2_IRQHandler                        0x0800033f   Thumb Code     0  startup_at32f403a_407.o(.text)
    USART3_IRQHandler                        0x0800033f   Thumb Code     0  startup_at32f403a_407.o(.text)
    USART6_IRQHandler                        0x0800033f   Thumb Code     0  startup_at32f403a_407.o(.text)
    USBFSWakeUp_IRQHandler                   0x0800033f   Thumb Code     0  startup_at32f403a_407.o(.text)
    USBFS_H_CAN1_TX_IRQHandler               0x0800033f   Thumb Code     0  startup_at32f403a_407.o(.text)
    USBFS_L_CAN1_RX0_IRQHandler              0x0800033f   Thumb Code     0  startup_at32f403a_407.o(.text)
    USBFS_MAPH_IRQHandler                    0x0800033f   Thumb Code     0  startup_at32f403a_407.o(.text)
    USBFS_MAPL_IRQHandler                    0x0800033f   Thumb Code     0  startup_at32f403a_407.o(.text)
    WWDT_IRQHandler                          0x0800033f   Thumb Code     0  startup_at32f403a_407.o(.text)
    XMC_IRQHandler                           0x0800033f   Thumb Code     0  startup_at32f403a_407.o(.text)
    __user_initial_stackheap                 0x08000341   Thumb Code     0  startup_at32f403a_407.o(.text)
    __use_no_semihosting                     0x08000365   Thumb Code     2  use_no_semi_2.o(.text)
    putchar                                  0x08000369   Thumb Code     6  putchar.o(.text)
    strtok                                   0x08000375   Thumb Code     6  strtok.o(.text)
    strstr                                   0x08000381   Thumb Code    36  strstr.o(.text)
    strlen                                   0x080003a5   Thumb Code    62  strlen.o(.text)
    strncmp                                  0x080003e3   Thumb Code   150  strncmp.o(.text)
    __aeabi_memcpy                           0x08000479   Thumb Code     0  rt_memcpy_v6.o(.text)
    __rt_memcpy                              0x08000479   Thumb Code   138  rt_memcpy_v6.o(.text)
    _memcpy_lastbytes                        0x080004df   Thumb Code     0  rt_memcpy_v6.o(.text)
    __aeabi_memclr                           0x08000503   Thumb Code     0  rt_memclr.o(.text)
    __rt_memclr                              0x08000503   Thumb Code    68  rt_memclr.o(.text)
    _memset                                  0x08000507   Thumb Code     0  rt_memclr.o(.text)
    __aeabi_memclr4                          0x08000547   Thumb Code     0  rt_memclr_w.o(.text)
    __aeabi_memclr8                          0x08000547   Thumb Code     0  rt_memclr_w.o(.text)
    __rt_memclr_w                            0x08000547   Thumb Code    78  rt_memclr_w.o(.text)
    _memset_w                                0x0800054b   Thumb Code     0  rt_memclr_w.o(.text)
    strcmp                                   0x08000595   Thumb Code   128  strcmpv7m.o(.text)
    __use_two_region_memory                  0x08000615   Thumb Code     2  heapauxi.o(.text)
    __rt_heap_escrow$2region                 0x08000617   Thumb Code     2  heapauxi.o(.text)
    __rt_heap_expand$2region                 0x08000619   Thumb Code     2  heapauxi.o(.text)
    __I$use$semihosting                      0x0800061b   Thumb Code     0  use_no_semi.o(.text)
    __use_no_semihosting_swi                 0x0800061b   Thumb Code     2  use_no_semi.o(.text)
    __strtok_internal                        0x0800061d   Thumb Code    64  strtok_int.o(.text)
    __aeabi_memcpy4                          0x08000661   Thumb Code     0  rt_memcpy_w.o(.text)
    __aeabi_memcpy8                          0x08000661   Thumb Code     0  rt_memcpy_w.o(.text)
    __rt_memcpy_w                            0x08000661   Thumb Code   100  rt_memcpy_w.o(.text)
    _memcpy_lastbytes_aligned                0x080006a9   Thumb Code     0  rt_memcpy_w.o(.text)
    strcspn                                  0x080006c5   Thumb Code    32  strcspn.o(.text)
    strspn                                   0x080006e5   Thumb Code    28  strspn.o(.text)
    __user_setup_stackheap                   0x08000701   Thumb Code    74  sys_stackheap_outer.o(.text)
    exit                                     0x0800074b   Thumb Code    18  exit.o(.text)
    __user_libspace                          0x0800075d   Thumb Code     8  libspace.o(.text)
    __user_perproc_libspace                  0x0800075d   Thumb Code     0  libspace.o(.text)
    __user_perthread_libspace                0x0800075d   Thumb Code     0  libspace.o(.text)
    ADCSample                                0x08000765   Thumb Code   288  ctlloop.o(i.ADCSample)
    ADC_INIT                                 0x080008a1   Thumb Code   342  adc.o(i.ADC_INIT)
    Buck_LoopControl_charger                 0x08000a11   Thumb Code   342  ctlloop.o(i.Buck_LoopControl_charger)
    Buck_LoopControl_supply                  0x08000b91   Thumb Code   198  ctlloop.o(i.Buck_LoopControl_supply)
    BusFault_Handler                         0x08000c7d   Thumb Code     4  at32f403a_407_int.o(i.BusFault_Handler)
    ChargeStateCalc                          0x08000c81   Thumb Code   524  charge.o(i.ChargeStateCalc)
    DebugMon_Handler                         0x08000ea5   Thumb Code     2  at32f403a_407_int.o(i.DebugMon_Handler)
    Esp8266_send_data                        0x08000ea9   Thumb Code    56  esp8266.o(i.Esp8266_send_data)
    ExcursionCheck                           0x08000eed   Thumb Code   174  ctlloop.o(i.ExcursionCheck)
    GUI_DrawLine                             0x08000fbd   Thumb Code   176  oled.o(i.GUI_DrawLine)
    GUI_ShowChar                             0x0800106d   Thumb Code   142  oled.o(i.GUI_ShowChar)
    GUI_ShowString                           0x08001101   Thumb Code    58  oled.o(i.GUI_ShowString)
    HardFault_Handler                        0x0800113b   Thumb Code     4  at32f403a_407_int.o(i.HardFault_Handler)
    Key_Scan                                 0x08001141   Thumb Code    82  at32f403a_407_board.o(i.Key_Scan)
    LoopFaultBack                            0x0800119d   Thumb Code    82  ctlloop.o(i.LoopFaultBack)
    LoopFaultCheck                           0x080011fd   Thumb Code   146  ctlloop.o(i.LoopFaultCheck)
    MemManage_Handler                        0x080012a1   Thumb Code     4  at32f403a_407_int.o(i.MemManage_Handler)
    NMI_Handler                              0x080012a5   Thumb Code     2  at32f403a_407_int.o(i.NMI_Handler)
    OLED_Display                             0x080012a9   Thumb Code    70  oled.o(i.OLED_Display)
    OLED_Init                                0x080012f5   Thumb Code   222  oled.o(i.OLED_Init)
    OLED_Init_GPIO                           0x080013d5   Thumb Code    96  oled.o(i.OLED_Init_GPIO)
    OLED_Reset                               0x08001441   Thumb Code    36  oled.o(i.OLED_Reset)
    OLED_Set_Pixel                           0x08001469   Thumb Code   122  oled.o(i.OLED_Set_Pixel)
    OLED_WR_Byte                             0x080014e9   Thumb Code    50  oled.o(i.OLED_WR_Byte)
    SEGGER_RTT_Write                         0x08001525   Thumb Code    70  segger_rtt.o(i.SEGGER_RTT_Write)
    SEGGER_RTT_WriteNoLock                   0x08001571   Thumb Code   126  segger_rtt.o(i.SEGGER_RTT_WriteNoLock)
    SEGGER_RTT_printf                        0x080015f5   Thumb Code    34  segger_rtt_printf.o(i.SEGGER_RTT_printf)
    SEGGER_RTT_vprintf                       0x08001619   Thumb Code   676  segger_rtt_printf.o(i.SEGGER_RTT_vprintf)
    SPI1_Init                                0x080018c1   Thumb Code   230  spi.o(i.SPI1_Init)
    SPI1_WriteByte                           0x080019bd   Thumb Code    42  spi.o(i.SPI1_WriteByte)
    SetupHardware                            0x080019ed   Thumb Code    66  main.o(i.SetupHardware)
    SysTick_Handler                          0x08001a31   Thumb Code    46  include_port.o(i.SysTick_Handler)
    SystemInit                               0x08001a65   Thumb Code   100  system_at32f403a_407.o(i.SystemInit)
    TMR1_Init                                0x08001ad5   Thumb Code   304  timer.o(i.TMR1_Init)
    TMR1_OVF_TMR10_IRQHandler                0x08001c19   Thumb Code    40  timer.o(i.TMR1_OVF_TMR10_IRQHandler)
    USART1_IRQHandler                        0x08001c49   Thumb Code    86  esp8266.o(i.USART1_IRQHandler)
    UsageFault_Handler                       0x08001cad   Thumb Code     4  at32f403a_407_int.o(i.UsageFault_Handler)
    _sys_exit                                0x08002027   Thumb Code     4  at32f403a_407_board.o(i._sys_exit)
    adc_base_config                          0x0800202b   Thumb Code    44  at32f403a_407_adc.o(i.adc_base_config)
    adc_base_default_para_init               0x08002057   Thumb Code    14  at32f403a_407_adc.o(i.adc_base_default_para_init)
    adc_calibration_init                     0x08002065   Thumb Code    12  at32f403a_407_adc.o(i.adc_calibration_init)
    adc_calibration_init_status_get          0x08002071   Thumb Code    18  at32f403a_407_adc.o(i.adc_calibration_init_status_get)
    adc_calibration_start                    0x08002083   Thumb Code    12  at32f403a_407_adc.o(i.adc_calibration_start)
    adc_calibration_status_get               0x0800208f   Thumb Code    18  at32f403a_407_adc.o(i.adc_calibration_status_get)
    adc_combine_mode_select                  0x080020a1   Thumb Code    14  at32f403a_407_adc.o(i.adc_combine_mode_select)
    adc_dma_mode_enable                      0x080020b5   Thumb Code    10  at32f403a_407_adc.o(i.adc_dma_mode_enable)
    adc_enable                               0x080020bf   Thumb Code    10  at32f403a_407_adc.o(i.adc_enable)
    adc_ordinary_channel_set                 0x080020c9   Thumb Code   168  at32f403a_407_adc.o(i.adc_ordinary_channel_set)
    adc_ordinary_conversion_trigger_set      0x08002171   Thumb Code    52  at32f403a_407_adc.o(i.adc_ordinary_conversion_trigger_set)
    at32_key_init                            0x080021a5   Thumb Code    44  at32f403a_407_board.o(i.at32_key_init)
    at32_led_init                            0x080021d9   Thumb Code    66  at32f403a_407_board.o(i.at32_led_init)
    at32_led_off                             0x08002225   Thumb Code    30  at32f403a_407_board.o(i.at32_led_off)
    at32_led_on                              0x08002249   Thumb Code    30  at32f403a_407_board.o(i.at32_led_on)
    crm_adc_clock_div_set                    0x0800226d   Thumb Code    28  at32f403a_407_crm.o(i.crm_adc_clock_div_set)
    crm_ahb_div_set                          0x0800228d   Thumb Code    14  at32f403a_407_crm.o(i.crm_ahb_div_set)
    crm_apb1_div_set                         0x080022a1   Thumb Code    14  at32f403a_407_crm.o(i.crm_apb1_div_set)
    crm_apb2_div_set                         0x080022b5   Thumb Code    14  at32f403a_407_crm.o(i.crm_apb2_div_set)
    crm_auto_step_mode_enable                0x080022c9   Thumb Code    34  at32f403a_407_crm.o(i.crm_auto_step_mode_enable)
    crm_clock_source_enable                  0x080022f1   Thumb Code    90  at32f403a_407_crm.o(i.crm_clock_source_enable)
    crm_clocks_freq_get                      0x08002351   Thumb Code   268  at32f403a_407_crm.o(i.crm_clocks_freq_get)
    crm_flag_get                             0x0800247d   Thumb Code    42  at32f403a_407_crm.o(i.crm_flag_get)
    crm_hext_clock_div_set                   0x080024ad   Thumb Code    14  at32f403a_407_crm.o(i.crm_hext_clock_div_set)
    crm_hext_stable_wait                     0x080024c1   Thumb Code    46  at32f403a_407_crm.o(i.crm_hext_stable_wait)
    crm_periph_clock_enable                  0x080024f1   Thumb Code    62  at32f403a_407_crm.o(i.crm_periph_clock_enable)
    crm_pll_config                           0x08002535   Thumb Code   118  at32f403a_407_crm.o(i.crm_pll_config)
    crm_reset                                0x080025b1   Thumb Code    80  at32f403a_407_crm.o(i.crm_reset)
    crm_sysclk_switch                        0x08002609   Thumb Code    54  at32f403a_407_crm.o(i.crm_sysclk_switch)
    crm_sysclk_switch_status_get             0x08002645   Thumb Code    10  at32f403a_407_crm.o(i.crm_sysclk_switch_status_get)
    dma_channel_enable                       0x08002655   Thumb Code    10  at32f403a_407_dma.o(i.dma_channel_enable)
    dma_data_number_set                      0x0800265f   Thumb Code     4  at32f403a_407_dma.o(i.dma_data_number_set)
    dma_default_para_init                    0x08002663   Thumb Code    24  at32f403a_407_dma.o(i.dma_default_para_init)
    dma_init                                 0x0800267b   Thumb Code    92  at32f403a_407_dma.o(i.dma_init)
    dma_reset                                0x080026d9   Thumb Code   102  at32f403a_407_dma.o(i.dma_reset)
    dwt_delay_init                           0x08002749   Thumb Code    48  at32f403a_407_board.o(i.dwt_delay_init)
    dwt_delay_ms                             0x08002785   Thumb Code    80  at32f403a_407_board.o(i.dwt_delay_ms)
    dwt_delay_sec                            0x080027e1   Thumb Code    26  at32f403a_407_board.o(i.dwt_delay_sec)
    esp8266_Init                             0x080027fd   Thumb Code   360  esp8266.o(i.esp8266_Init)
    esp8266_pub_data                         0x08002a29   Thumb Code    42  esp8266.o(i.esp8266_pub_data)
    esp8266_sub_getparms                     0x08002a69   Thumb Code   428  esp8266.o(i.esp8266_sub_getparms)
    f_abs                                    0x08002ce9   Thumb Code    26  ctlloop.o(i.f_abs)
    f_min                                    0x08002d03   Thumb Code    26  ctlloop.o(i.f_min)
    flTstr_FirpTwo                           0x08002d1d   Thumb Code    98  esp8266.o(i.flTstr_FirpTwo)
    fputc                                    0x08002d85   Thumb Code    46  at32f403a_407_board.o(i.fputc)
    gpio_default_para_init                   0x08002db9   Thumb Code    22  at32f403a_407_gpio.o(i.gpio_default_para_init)
    gpio_init                                0x08002dcf   Thumb Code   168  at32f403a_407_gpio.o(i.gpio_init)
    gpio_input_data_bit_read                 0x08002e77   Thumb Code    18  at32f403a_407_gpio.o(i.gpio_input_data_bit_read)
    gpio_pin_remap_config                    0x08002e89   Thumb Code    70  at32f403a_407_gpio.o(i.gpio_pin_remap_config)
    increPid_cal                             0x08002ed5   Thumb Code   186  ctlloop.o(i.increPid_cal)
    increPid_init                            0x08002f95   Thumb Code   234  ctlloop.o(i.increPid_init)
    low_filter_calc                          0x080030bd   Thumb Code    52  filter.o(i.low_filter_calc)
    low_filter_init                          0x080030f1   Thumb Code   126  filter.o(i.low_filter_init)
    main                                     0x08003179   Thumb Code    34  main.o(i.main)
    mpptmode_PVctr                           0x080031ad   Thumb Code   316  mppt.o(i.mpptmode_PVctr)
    nvic_irq_enable                          0x0800330d   Thumb Code   190  at32f403a_407_misc.o(i.nvic_irq_enable)
    nvic_priority_group_config               0x080033d5   Thumb Code    32  at32f403a_407_misc.o(i.nvic_priority_group_config)
    pvPortMalloc                             0x08003b09   Thumb Code   338  heap_4.o(i.pvPortMalloc)
    pxPortInitialiseStack                    0x08003c75   Thumb Code    38  include_port.o(i.pxPortInitialiseStack)
    sStateFault_task_function                0x08003ca1   Thumb Code   188  main.o(i.sStateFault_task_function)
    sStateInit_task_function                 0x08003d99   Thumb Code   284  main.o(i.sStateInit_task_function)
    sStateRun_task_function                  0x08003efd   Thumb Code   274  main.o(i.sStateRun_task_function)
    show_task_function                       0x08004045   Thumb Code   710  main.o(i.show_task_function)
    spi_crc_polynomial_set                   0x08004481   Thumb Code    10  at32f403a_407_spi.o(i.spi_crc_polynomial_set)
    spi_default_para_init                    0x0800448b   Thumb Code    22  at32f403a_407_spi.o(i.spi_default_para_init)
    spi_enable                               0x080044a1   Thumb Code    10  at32f403a_407_spi.o(i.spi_enable)
    spi_init                                 0x080044ab   Thumb Code   292  at32f403a_407_spi.o(i.spi_init)
    start_task_function                      0x080045d1   Thumb Code   102  main.o(i.start_task_function)
    strTof_FirpTwo                           0x08004685   Thumb Code   162  esp8266.o(i.strTof_FirpTwo)
    system_clock_config                      0x08004735   Thumb Code   112  at32f403a_407_clock.o(i.system_clock_config)
    system_core_clock_update                 0x080047a5   Thumb Code   222  system_at32f403a_407.o(i.system_core_clock_update)
    tiny_sprintf                             0x0800489d   Thumb Code    24  printf-stdarg.o(i.tiny_sprintf)
    tmr_base_init                            0x080048b5   Thumb Code    16  at32f403a_407_tmr.o(i.tmr_base_init)
    tmr_channel_enable                       0x080048c5   Thumb Code    96  at32f403a_407_tmr.o(i.tmr_channel_enable)
    tmr_channel_value_set                    0x08004925   Thumb Code    40  at32f403a_407_tmr.o(i.tmr_channel_value_set)
    tmr_cnt_dir_set                          0x0800494d   Thumb Code    10  at32f403a_407_tmr.o(i.tmr_cnt_dir_set)
    tmr_counter_enable                       0x08004957   Thumb Code    10  at32f403a_407_tmr.o(i.tmr_counter_enable)
    tmr_flag_clear                           0x08004961   Thumb Code     6  at32f403a_407_tmr.o(i.tmr_flag_clear)
    tmr_flag_get                             0x08004967   Thumb Code    18  at32f403a_407_tmr.o(i.tmr_flag_get)
    tmr_interrupt_enable                     0x08004979   Thumb Code    22  at32f403a_407_tmr.o(i.tmr_interrupt_enable)
    tmr_output_channel_config                0x0800498f   Thumb Code   416  at32f403a_407_tmr.o(i.tmr_output_channel_config)
    tmr_output_default_para_init             0x08004b2f   Thumb Code    18  at32f403a_407_tmr.o(i.tmr_output_default_para_init)
    tmr_output_enable                        0x08004b41   Thumb Code    10  at32f403a_407_tmr.o(i.tmr_output_enable)
    ulTaskGenericNotifyTake                  0x08004b4d   Thumb Code   160  tasks.o(i.ulTaskGenericNotifyTake)
    usart1_init                              0x08004bf5   Thumb Code   268  esp8266.o(i.usart1_init)
    usart_data_receive                       0x08004d19   Thumb Code     8  at32f403a_407_usart.o(i.usart_data_receive)
    usart_data_transmit                      0x08004d21   Thumb Code     8  at32f403a_407_usart.o(i.usart_data_transmit)
    usart_dma_transmitter_enable             0x08004d29   Thumb Code    10  at32f403a_407_usart.o(i.usart_dma_transmitter_enable)
    usart_enable                             0x08004d33   Thumb Code    10  at32f403a_407_usart.o(i.usart_enable)
    usart_flag_get                           0x08004d3d   Thumb Code    16  at32f403a_407_usart.o(i.usart_flag_get)
    usart_hardware_flow_control_set          0x08004d4d   Thumb Code   102  at32f403a_407_usart.o(i.usart_hardware_flow_control_set)
    usart_init                               0x08004db5   Thumb Code   114  at32f403a_407_usart.o(i.usart_init)
    usart_interrupt_enable                   0x08004e35   Thumb Code    54  at32f403a_407_usart.o(i.usart_interrupt_enable)
    usart_parity_selection_config            0x08004e6b   Thumb Code    76  at32f403a_407_usart.o(i.usart_parity_selection_config)
    usart_receiver_enable                    0x08004eb7   Thumb Code    10  at32f403a_407_usart.o(i.usart_receiver_enable)
    usart_transmitter_enable                 0x08004ec1   Thumb Code    10  at32f403a_407_usart.o(i.usart_transmitter_enable)
    uxListRemove                             0x08004ecb   Thumb Code    40  list.o(i.uxListRemove)
    vListInitialise                          0x08004ef3   Thumb Code    26  list.o(i.vListInitialise)
    vListInitialiseItem                      0x08004f0d   Thumb Code     6  list.o(i.vListInitialiseItem)
    vListInsert                              0x08004f13   Thumb Code    52  list.o(i.vListInsert)
    vListInsertEnd                           0x08004f47   Thumb Code    24  list.o(i.vListInsertEnd)
    vPortEnterCritical                       0x08004f61   Thumb Code    76  include_port.o(i.vPortEnterCritical)
    vPortExitCritical                        0x08004fb5   Thumb Code    56  include_port.o(i.vPortExitCritical)
    vPortFree                                0x08004ff1   Thumb Code   150  heap_4.o(i.vPortFree)
    vPortSetupTimerInterrupt                 0x08005095   Thumb Code    36  include_port.o(i.vPortSetupTimerInterrupt)
    vTaskDelay                               0x080050bd   Thumb Code    82  tasks.o(i.vTaskDelay)
    vTaskDelete                              0x08005119   Thumb Code   202  tasks.o(i.vTaskDelete)
    vTaskStartScheduler                      0x0800520d   Thumb Code   112  tasks.o(i.vTaskStartScheduler)
    vTaskSuspendAll                          0x0800529d   Thumb Code    12  tasks.o(i.vTaskSuspendAll)
    vTaskSwitchContext                       0x080052ad   Thumb Code   118  tasks.o(i.vTaskSwitchContext)
    xPortStartScheduler                      0x08005339   Thumb Code   330  include_port.o(i.xPortStartScheduler)
    xTaskCreate                              0x080054a1   Thumb Code    96  tasks.o(i.xTaskCreate)
    xTaskGenericNotify                       0x08005501   Thumb Code   362  tasks.o(i.xTaskGenericNotify)
    xTaskIncrementTick                       0x08005681   Thumb Code   282  tasks.o(i.xTaskIncrementTick)
    xTaskResumeAll                           0x080057c9   Thumb Code   224  tasks.o(i.xTaskResumeAll)
    __aeabi_d2f                              0x080058cd   Thumb Code     0  d2f.o(x$fpl$d2f)
    _d2f                                     0x080058cd   Thumb Code    98  d2f.o(x$fpl$d2f)
    __aeabi_dmul                             0x08005931   Thumb Code     0  dmul.o(x$fpl$dmul)
    _dmul                                    0x08005931   Thumb Code   332  dmul.o(x$fpl$dmul)
    __fpl_dnaninf                            0x08005a85   Thumb Code   156  dnaninf.o(x$fpl$dnaninf)
    __fpl_dretinf                            0x08005b21   Thumb Code    12  dretinf.o(x$fpl$dretinf)
    __aeabi_f2d                              0x08005b2d   Thumb Code     0  f2d.o(x$fpl$f2d)
    _f2d                                     0x08005b2d   Thumb Code    86  f2d.o(x$fpl$f2d)
    __fpl_fnaninf                            0x08005b83   Thumb Code   140  fnaninf.o(x$fpl$fnaninf)
    _fp_init                                 0x08005c0f   Thumb Code    10  fpinit.o(x$fpl$fpinit)
    __fplib_config_fpu_vfp                   0x08005c17   Thumb Code     0  fpinit.o(x$fpl$fpinit)
    __fplib_config_pureend_doubles           0x08005c17   Thumb Code     0  fpinit.o(x$fpl$fpinit)
    __fpl_fretinf                            0x08005c19   Thumb Code    10  fretinf.o(x$fpl$fretinf)
    F6x8                                     0x08005c22   Data         760  oled.o(.constdata)
    __I$use$fp                               0x08005c22   Number         0  usenofp.o(x$fpl$usenofp)
    Region$$Table$$Base                      0x080061fc   Number         0  anon$$obj.o(Region$$Table)
    Region$$Table$$Limit                     0x0800621c   Number         0  anon$$obj.o(Region$$Table)
    sStateInit_handler                       0x20000004   Data           4  main.o(.data)
    sStateFault_handler                      0x20000008   Data           4  main.o(.data)
    sStateRun_handler                        0x2000000c   Data           4  main.o(.data)
    DeviceSwitch                             0x20000010   Data           1  main.o(.data)
    chargerMode                              0x20000011   Data           1  main.o(.data)
    mppt_enable                              0x20000012   Data           1  main.o(.data)
    target                                   0x20000014   Data           4  main.o(.data)
    __stdout                                 0x20000038   Data           4  at32f403a_407_board.o(.data)
    adc1_ordinary_valuetab                   0x2000003e   Data           8  adc.o(.data)
    dac_eff                                  0x20000048   Data          32  ctlloop.o(.data)
    pwm                                      0x20000068   Data           4  ctlloop.o(.data)
    loop_err                                 0x2000006c   Data           1  ctlloop.o(.data)
    Supply_CV_flag                           0x2000006d   Data           1  ctlloop.o(.data)
    gMy_Battry                               0x20000098   Data          56  charge.o(.data)
    gLowFilterVI                             0x200000d8   Data          96  filter.o(.data)
    gLowFilterMpptPv                         0x20000138   Data          72  filter.o(.data)
    pv_Pin                                   0x20000180   Data           4  mppt.o(.data)
    WIFI                                     0x20000194   Data           4  esp8266.o(.data)
    WIFIASSWORD                              0x20000198   Data           4  esp8266.o(.data)
    ClintID                                  0x2000019c   Data           4  esp8266.o(.data)
    username                                 0x200001a0   Data           4  esp8266.o(.data)
    passwd                                   0x200001a4   Data           4  esp8266.o(.data)
    Url                                      0x200001a8   Data           4  esp8266.o(.data)
    subtopic                                 0x200001ac   Data           4  esp8266.o(.data)
    mqtt_rx_parms_pos                        0x200001b0   Data           4  esp8266.o(.data)
    g_identifier                             0x200001b4   Data           4  esp8266.o(.data)
    g_iden_parm                              0x200001b8   Data           4  esp8266.o(.data)
    mqtt_tx_pub_pre                          0x200001bc   Data           4  esp8266.o(.data)
    mqtt_tx_pub_end                          0x200001c0   Data           4  esp8266.o(.data)
    Netbutton                                0x200001c5   Data           1  esp8266.o(.data)
    system_core_clock                        0x200001c8   Data           4  system_at32f403a_407.o(.data)
    pxCurrentTCB                             0x200001d0   Data           4  tasks.o(.data)
    uxTopUsedPriority                        0x20000208   Data           4  tasks.o(.data)
    datTostr                                 0x20000238   Data          24  main.o(.bss)
    SADC                                     0x20000250   Data          32  ctlloop.o(.bss)
    pid_ctrol                                0x20000270   Data         208  ctlloop.o(.bss)
    uart_tx_parm                             0x20000540   Data         150  esp8266.o(.bss)
    uart_rx_buf                              0x200005d6   Data         256  esp8266.o(.bss)
    _SEGGER_RTT                              0x20000ad8   Data         168  segger_rtt.o(.bss)
    __libspace_start                         0x20003058   Data          96  libspace.o(.bss)
    __temporary_stack_top$libspace           0x200030b8   Data           0  libspace.o(.bss)



==============================================================================

Memory Map of the image

  Image Entry point : 0x08000185

  Load Region LR_IROM1 (Base: 0x08000000, Size: 0x00006454, Max: 0x00100000, ABSOLUTE, COMPRESSED[0x000062b4])

    Execution Region ER_IROM1 (Exec base: 0x08000000, Load base: 0x08000000, Size: 0x0000621c, Max: 0x00100000, ABSOLUTE)

    Exec Addr    Load Addr    Size         Type   Attr      Idx    E Section Name        Object

    0x08000000   0x08000000   0x00000184   Data   RO         4784    RESET               startup_at32f403a_407.o
    0x08000184   0x08000184   0x00000008   Code   RO         5647  * !!!main             c_w.l(__main.o)
    0x0800018c   0x0800018c   0x00000034   Code   RO         5825    !!!scatter          c_w.l(__scatter.o)
    0x080001c0   0x080001c0   0x0000005a   Code   RO         5823    !!dczerorl2         c_w.l(__dczerorl2.o)
    0x0800021a   0x0800021a   0x00000002   PAD
    0x0800021c   0x0800021c   0x0000001c   Code   RO         5827    !!handler_zi        c_w.l(__scatter_zi.o)
    0x08000238   0x08000238   0x00000002   Code   RO         5699    .ARM.Collect$$libinit$$00000000  c_w.l(libinit.o)
    0x0800023a   0x0800023a   0x00000004   Code   RO         5705    .ARM.Collect$$libinit$$00000001  c_w.l(libinit2.o)
    0x0800023e   0x0800023e   0x00000000   Code   RO         5708    .ARM.Collect$$libinit$$00000004  c_w.l(libinit2.o)
    0x0800023e   0x0800023e   0x00000000   Code   RO         5711    .ARM.Collect$$libinit$$0000000A  c_w.l(libinit2.o)
    0x0800023e   0x0800023e   0x00000000   Code   RO         5713    .ARM.Collect$$libinit$$0000000C  c_w.l(libinit2.o)
    0x0800023e   0x0800023e   0x00000000   Code   RO         5715    .ARM.Collect$$libinit$$0000000E  c_w.l(libinit2.o)
    0x0800023e   0x0800023e   0x00000000   Code   RO         5718    .ARM.Collect$$libinit$$00000011  c_w.l(libinit2.o)
    0x0800023e   0x0800023e   0x00000000   Code   RO         5720    .ARM.Collect$$libinit$$00000013  c_w.l(libinit2.o)
    0x0800023e   0x0800023e   0x00000000   Code   RO         5722    .ARM.Collect$$libinit$$00000015  c_w.l(libinit2.o)
    0x0800023e   0x0800023e   0x00000000   Code   RO         5724    .ARM.Collect$$libinit$$00000017  c_w.l(libinit2.o)
    0x0800023e   0x0800023e   0x00000000   Code   RO         5726    .ARM.Collect$$libinit$$00000019  c_w.l(libinit2.o)
    0x0800023e   0x0800023e   0x00000000   Code   RO         5728    .ARM.Collect$$libinit$$0000001B  c_w.l(libinit2.o)
    0x0800023e   0x0800023e   0x00000000   Code   RO         5730    .ARM.Collect$$libinit$$0000001D  c_w.l(libinit2.o)
    0x0800023e   0x0800023e   0x00000000   Code   RO         5732    .ARM.Collect$$libinit$$0000001F  c_w.l(libinit2.o)
    0x0800023e   0x0800023e   0x00000000   Code   RO         5734    .ARM.Collect$$libinit$$00000021  c_w.l(libinit2.o)
    0x0800023e   0x0800023e   0x00000000   Code   RO         5736    .ARM.Collect$$libinit$$00000023  c_w.l(libinit2.o)
    0x0800023e   0x0800023e   0x00000000   Code   RO         5738    .ARM.Collect$$libinit$$00000025  c_w.l(libinit2.o)
    0x0800023e   0x0800023e   0x00000000   Code   RO         5742    .ARM.Collect$$libinit$$0000002C  c_w.l(libinit2.o)
    0x0800023e   0x0800023e   0x00000000   Code   RO         5744    .ARM.Collect$$libinit$$0000002E  c_w.l(libinit2.o)
    0x0800023e   0x0800023e   0x00000000   Code   RO         5746    .ARM.Collect$$libinit$$00000030  c_w.l(libinit2.o)
    0x0800023e   0x0800023e   0x00000000   Code   RO         5748    .ARM.Collect$$libinit$$00000032  c_w.l(libinit2.o)
    0x0800023e   0x0800023e   0x00000002   Code   RO         5749    .ARM.Collect$$libinit$$00000033  c_w.l(libinit2.o)
    0x08000240   0x08000240   0x00000002   Code   RO         5767    .ARM.Collect$$libshutdown$$00000000  c_w.l(libshutdown.o)
    0x08000242   0x08000242   0x00000000   Code   RO         5777    .ARM.Collect$$libshutdown$$00000002  c_w.l(libshutdown2.o)
    0x08000242   0x08000242   0x00000000   Code   RO         5779    .ARM.Collect$$libshutdown$$00000004  c_w.l(libshutdown2.o)
    0x08000242   0x08000242   0x00000000   Code   RO         5782    .ARM.Collect$$libshutdown$$00000007  c_w.l(libshutdown2.o)
    0x08000242   0x08000242   0x00000000   Code   RO         5785    .ARM.Collect$$libshutdown$$0000000A  c_w.l(libshutdown2.o)
    0x08000242   0x08000242   0x00000000   Code   RO         5787    .ARM.Collect$$libshutdown$$0000000C  c_w.l(libshutdown2.o)
    0x08000242   0x08000242   0x00000000   Code   RO         5790    .ARM.Collect$$libshutdown$$0000000F  c_w.l(libshutdown2.o)
    0x08000242   0x08000242   0x00000002   Code   RO         5791    .ARM.Collect$$libshutdown$$00000010  c_w.l(libshutdown2.o)
    0x08000244   0x08000244   0x00000000   Code   RO         5657    .ARM.Collect$$rtentry$$00000000  c_w.l(__rtentry.o)
    0x08000244   0x08000244   0x00000000   Code   RO         5672    .ARM.Collect$$rtentry$$00000002  c_w.l(__rtentry2.o)
    0x08000244   0x08000244   0x00000006   Code   RO         5684    .ARM.Collect$$rtentry$$00000004  c_w.l(__rtentry4.o)
    0x0800024a   0x0800024a   0x00000000   Code   RO         5674    .ARM.Collect$$rtentry$$00000009  c_w.l(__rtentry2.o)
    0x0800024a   0x0800024a   0x00000004   Code   RO         5675    .ARM.Collect$$rtentry$$0000000A  c_w.l(__rtentry2.o)
    0x0800024e   0x0800024e   0x00000000   Code   RO         5677    .ARM.Collect$$rtentry$$0000000C  c_w.l(__rtentry2.o)
    0x0800024e   0x0800024e   0x00000008   Code   RO         5678    .ARM.Collect$$rtentry$$0000000D  c_w.l(__rtentry2.o)
    0x08000256   0x08000256   0x00000002   Code   RO         5703    .ARM.Collect$$rtexit$$00000000  c_w.l(rtexit.o)
    0x08000258   0x08000258   0x00000000   Code   RO         5751    .ARM.Collect$$rtexit$$00000002  c_w.l(rtexit2.o)
    0x08000258   0x08000258   0x00000004   Code   RO         5752    .ARM.Collect$$rtexit$$00000003  c_w.l(rtexit2.o)
    0x0800025c   0x0800025c   0x00000006   Code   RO         5753    .ARM.Collect$$rtexit$$00000004  c_w.l(rtexit2.o)
    0x08000262   0x08000262   0x00000002   PAD
    0x08000264   0x08000264   0x000000be   Code   RO          345    .emb_text           include_port.o
    0x08000322   0x08000322   0x00000002   PAD
    0x08000324   0x08000324   0x00000040   Code   RO         4785    .text               startup_at32f403a_407.o
    0x08000364   0x08000364   0x00000002   Code   RO         5622    .text               c_w.l(use_no_semi_2.o)
    0x08000366   0x08000366   0x00000002   PAD
    0x08000368   0x08000368   0x0000000c   Code   RO         5624    .text               c_w.l(putchar.o)
    0x08000374   0x08000374   0x0000000c   Code   RO         5626    .text               c_w.l(strtok.o)
    0x08000380   0x08000380   0x00000024   Code   RO         5629    .text               c_w.l(strstr.o)
    0x080003a4   0x080003a4   0x0000003e   Code   RO         5631    .text               c_w.l(strlen.o)
    0x080003e2   0x080003e2   0x00000096   Code   RO         5633    .text               c_w.l(strncmp.o)
    0x08000478   0x08000478   0x0000008a   Code   RO         5635    .text               c_w.l(rt_memcpy_v6.o)
    0x08000502   0x08000502   0x00000044   Code   RO         5639    .text               c_w.l(rt_memclr.o)
    0x08000546   0x08000546   0x0000004e   Code   RO         5641    .text               c_w.l(rt_memclr_w.o)
    0x08000594   0x08000594   0x00000080   Code   RO         5643    .text               c_w.l(strcmpv7m.o)
    0x08000614   0x08000614   0x00000006   Code   RO         5645    .text               c_w.l(heapauxi.o)
    0x0800061a   0x0800061a   0x00000002   Code   RO         5655    .text               c_w.l(use_no_semi.o)
    0x0800061c   0x0800061c   0x00000044   Code   RO         5658    .text               c_w.l(strtok_int.o)
    0x08000660   0x08000660   0x00000064   Code   RO         5660    .text               c_w.l(rt_memcpy_w.o)
    0x080006c4   0x080006c4   0x00000020   Code   RO         5686    .text               c_w.l(strcspn.o)
    0x080006e4   0x080006e4   0x0000001c   Code   RO         5688    .text               c_w.l(strspn.o)
    0x08000700   0x08000700   0x0000004a   Code   RO         5690    .text               c_w.l(sys_stackheap_outer.o)
    0x0800074a   0x0800074a   0x00000012   Code   RO         5692    .text               c_w.l(exit.o)
    0x0800075c   0x0800075c   0x00000008   Code   RO         5700    .text               c_w.l(libspace.o)
    0x08000764   0x08000764   0x0000013c   Code   RO          751    i.ADCSample         ctlloop.o
    0x080008a0   0x080008a0   0x00000170   Code   RO          685    i.ADC_INIT          adc.o
    0x08000a10   0x08000a10   0x00000180   Code   RO          752    i.Buck_LoopControl_charger  ctlloop.o
    0x08000b90   0x08000b90   0x000000ec   Code   RO          753    i.Buck_LoopControl_supply  ctlloop.o
    0x08000c7c   0x08000c7c   0x00000004   Code   RO          142    i.BusFault_Handler  at32f403a_407_int.o
    0x08000c80   0x08000c80   0x00000224   Code   RO          843    i.ChargeStateCalc   charge.o
    0x08000ea4   0x08000ea4   0x00000002   Code   RO          143    i.DebugMon_Handler  at32f403a_407_int.o
    0x08000ea6   0x08000ea6   0x00000002   PAD
    0x08000ea8   0x08000ea8   0x00000044   Code   RO          923    i.Esp8266_send_data  esp8266.o
    0x08000eec   0x08000eec   0x000000d0   Code   RO          754    i.ExcursionCheck    ctlloop.o
    0x08000fbc   0x08000fbc   0x000000b0   Code   RO          998    i.GUI_DrawLine      oled.o
    0x0800106c   0x0800106c   0x00000094   Code   RO          999    i.GUI_ShowChar      oled.o
    0x08001100   0x08001100   0x0000003a   Code   RO         1000    i.GUI_ShowString    oled.o
    0x0800113a   0x0800113a   0x00000004   Code   RO          144    i.HardFault_Handler  at32f403a_407_int.o
    0x0800113e   0x0800113e   0x00000002   PAD
    0x08001140   0x08001140   0x0000005c   Code   RO          438    i.Key_Scan          at32f403a_407_board.o
    0x0800119c   0x0800119c   0x00000060   Code   RO          755    i.LoopFaultBack     ctlloop.o
    0x080011fc   0x080011fc   0x000000a4   Code   RO          756    i.LoopFaultCheck    ctlloop.o
    0x080012a0   0x080012a0   0x00000004   Code   RO          145    i.MemManage_Handler  at32f403a_407_int.o
    0x080012a4   0x080012a4   0x00000002   Code   RO          146    i.NMI_Handler       at32f403a_407_int.o
    0x080012a6   0x080012a6   0x00000002   PAD
    0x080012a8   0x080012a8   0x0000004c   Code   RO         1001    i.OLED_Display      oled.o
    0x080012f4   0x080012f4   0x000000de   Code   RO         1003    i.OLED_Init         oled.o
    0x080013d2   0x080013d2   0x00000002   PAD
    0x080013d4   0x080013d4   0x0000006c   Code   RO         1004    i.OLED_Init_GPIO    oled.o
    0x08001440   0x08001440   0x00000028   Code   RO         1005    i.OLED_Reset        oled.o
    0x08001468   0x08001468   0x00000080   Code   RO         1006    i.OLED_Set_Pixel    oled.o
    0x080014e8   0x080014e8   0x0000003c   Code   RO         1008    i.OLED_WR_Byte      oled.o
    0x08001524   0x08001524   0x0000004c   Code   RO         1108    i.SEGGER_RTT_Write  segger_rtt.o
    0x08001570   0x08001570   0x00000084   Code   RO         1111    i.SEGGER_RTT_WriteNoLock  segger_rtt.o
    0x080015f4   0x080015f4   0x00000022   Code   RO         1317    i.SEGGER_RTT_printf  segger_rtt_printf.o
    0x08001616   0x08001616   0x00000002   PAD
    0x08001618   0x08001618   0x000002a8   Code   RO         1318    i.SEGGER_RTT_vprintf  segger_rtt_printf.o
    0x080018c0   0x080018c0   0x000000fc   Code   RO          650    i.SPI1_Init         spi.o
    0x080019bc   0x080019bc   0x00000030   Code   RO          651    i.SPI1_WriteByte    spi.o
    0x080019ec   0x080019ec   0x00000042   Code   RO          199    i.SetupHardware     main.o
    0x08001a2e   0x08001a2e   0x00000002   PAD
    0x08001a30   0x08001a30   0x00000034   Code   RO          346    i.SysTick_Handler   include_port.o
    0x08001a64   0x08001a64   0x00000070   Code   RO         4748    i.SystemInit        system_at32f403a_407.o
    0x08001ad4   0x08001ad4   0x00000144   Code   RO          619    i.TMR1_Init         timer.o
    0x08001c18   0x08001c18   0x00000030   Code   RO          620    i.TMR1_OVF_TMR10_IRQHandler  timer.o
    0x08001c48   0x08001c48   0x00000064   Code   RO          924    i.USART1_IRQHandler  esp8266.o
    0x08001cac   0x08001cac   0x00000004   Code   RO          147    i.UsageFault_Handler  at32f403a_407_int.o
    0x08001cb0   0x08001cb0   0x00000070   Code   RO         1115    i._DoInit           segger_rtt.o
    0x08001d20   0x08001d20   0x0000001c   Code   RO         1116    i._GetAvailWriteSpace  segger_rtt.o
    0x08001d3c   0x08001d3c   0x000000ec   Code   RO         1319    i._PrintInt         segger_rtt_printf.o
    0x08001e28   0x08001e28   0x000000ec   Code   RO         1320    i._PrintUnsigned    segger_rtt_printf.o
    0x08001f14   0x08001f14   0x00000044   Code   RO         1321    i._StoreChar        segger_rtt_printf.o
    0x08001f58   0x08001f58   0x00000076   Code   RO         1118    i._WriteBlocking    segger_rtt.o
    0x08001fce   0x08001fce   0x00000058   Code   RO         1119    i._WriteNoCheck     segger_rtt.o
    0x08002026   0x08002026   0x00000004   Code   RO          439    i._sys_exit         at32f403a_407_board.o
    0x0800202a   0x0800202a   0x0000002c   Code   RO         1460    i.adc_base_config   at32f403a_407_adc.o
    0x08002056   0x08002056   0x0000000e   Code   RO         1461    i.adc_base_default_para_init  at32f403a_407_adc.o
    0x08002064   0x08002064   0x0000000c   Code   RO         1462    i.adc_calibration_init  at32f403a_407_adc.o
    0x08002070   0x08002070   0x00000012   Code   RO         1463    i.adc_calibration_init_status_get  at32f403a_407_adc.o
    0x08002082   0x08002082   0x0000000c   Code   RO         1464    i.adc_calibration_start  at32f403a_407_adc.o
    0x0800208e   0x0800208e   0x00000012   Code   RO         1465    i.adc_calibration_status_get  at32f403a_407_adc.o
    0x080020a0   0x080020a0   0x00000014   Code   RO         1466    i.adc_combine_mode_select  at32f403a_407_adc.o
    0x080020b4   0x080020b4   0x0000000a   Code   RO         1468    i.adc_dma_mode_enable  at32f403a_407_adc.o
    0x080020be   0x080020be   0x0000000a   Code   RO         1469    i.adc_enable        at32f403a_407_adc.o
    0x080020c8   0x080020c8   0x000000a8   Code   RO         1474    i.adc_ordinary_channel_set  at32f403a_407_adc.o
    0x08002170   0x08002170   0x00000034   Code   RO         1476    i.adc_ordinary_conversion_trigger_set  at32f403a_407_adc.o
    0x080021a4   0x080021a4   0x00000034   Code   RO          441    i.at32_key_init     at32f403a_407_board.o
    0x080021d8   0x080021d8   0x0000004c   Code   RO          442    i.at32_led_init     at32f403a_407_board.o
    0x08002224   0x08002224   0x00000024   Code   RO          443    i.at32_led_off      at32f403a_407_board.o
    0x08002248   0x08002248   0x00000024   Code   RO          444    i.at32_led_on       at32f403a_407_board.o
    0x0800226c   0x0800226c   0x00000020   Code   RO         2036    i.crm_adc_clock_div_set  at32f403a_407_crm.o
    0x0800228c   0x0800228c   0x00000014   Code   RO         2037    i.crm_ahb_div_set   at32f403a_407_crm.o
    0x080022a0   0x080022a0   0x00000014   Code   RO         2038    i.crm_apb1_div_set  at32f403a_407_crm.o
    0x080022b4   0x080022b4   0x00000014   Code   RO         2039    i.crm_apb2_div_set  at32f403a_407_crm.o
    0x080022c8   0x080022c8   0x00000028   Code   RO         2040    i.crm_auto_step_mode_enable  at32f403a_407_crm.o
    0x080022f0   0x080022f0   0x00000060   Code   RO         2046    i.crm_clock_source_enable  at32f403a_407_crm.o
    0x08002350   0x08002350   0x0000012c   Code   RO         2047    i.crm_clocks_freq_get  at32f403a_407_crm.o
    0x0800247c   0x0800247c   0x00000030   Code   RO         2049    i.crm_flag_get      at32f403a_407_crm.o
    0x080024ac   0x080024ac   0x00000014   Code   RO         2051    i.crm_hext_clock_div_set  at32f403a_407_crm.o
    0x080024c0   0x080024c0   0x0000002e   Code   RO         2052    i.crm_hext_stable_wait  at32f403a_407_crm.o
    0x080024ee   0x080024ee   0x00000002   PAD
    0x080024f0   0x080024f0   0x00000044   Code   RO         2060    i.crm_periph_clock_enable  at32f403a_407_crm.o
    0x08002534   0x08002534   0x0000007c   Code   RO         2063    i.crm_pll_config    at32f403a_407_crm.o
    0x080025b0   0x080025b0   0x00000058   Code   RO         2064    i.crm_reset         at32f403a_407_crm.o
    0x08002608   0x08002608   0x0000003c   Code   RO         2067    i.crm_sysclk_switch  at32f403a_407_crm.o
    0x08002644   0x08002644   0x00000010   Code   RO         2068    i.crm_sysclk_switch_status_get  at32f403a_407_crm.o
    0x08002654   0x08002654   0x0000000a   Code   RO         2403    i.dma_channel_enable  at32f403a_407_dma.o
    0x0800265e   0x0800265e   0x00000004   Code   RO         2405    i.dma_data_number_set  at32f403a_407_dma.o
    0x08002662   0x08002662   0x00000018   Code   RO         2406    i.dma_default_para_init  at32f403a_407_dma.o
    0x0800267a   0x0800267a   0x0000005c   Code   RO         2410    i.dma_init          at32f403a_407_dma.o
    0x080026d6   0x080026d6   0x00000002   PAD
    0x080026d8   0x080026d8   0x00000070   Code   RO         2413    i.dma_reset         at32f403a_407_dma.o
    0x08002748   0x08002748   0x0000003c   Code   RO          446    i.dwt_delay_init    at32f403a_407_board.o
    0x08002784   0x08002784   0x0000005c   Code   RO          447    i.dwt_delay_ms      at32f403a_407_board.o
    0x080027e0   0x080027e0   0x0000001a   Code   RO          448    i.dwt_delay_sec     at32f403a_407_board.o
    0x080027fa   0x080027fa   0x00000002   PAD
    0x080027fc   0x080027fc   0x0000022c   Code   RO          925    i.esp8266_Init      esp8266.o
    0x08002a28   0x08002a28   0x00000040   Code   RO          926    i.esp8266_pub_data  esp8266.o
    0x08002a68   0x08002a68   0x00000280   Code   RO          927    i.esp8266_sub_getparms  esp8266.o
    0x08002ce8   0x08002ce8   0x0000001a   Code   RO          758    i.f_abs             ctlloop.o
    0x08002d02   0x08002d02   0x0000001a   Code   RO          759    i.f_min             ctlloop.o
    0x08002d1c   0x08002d1c   0x00000068   Code   RO          928    i.flTstr_FirpTwo    esp8266.o
    0x08002d84   0x08002d84   0x00000034   Code   RO          450    i.fputc             at32f403a_407_board.o
    0x08002db8   0x08002db8   0x00000016   Code   RO         2881    i.gpio_default_para_init  at32f403a_407_gpio.o
    0x08002dce   0x08002dce   0x000000a8   Code   RO         2885    i.gpio_init         at32f403a_407_gpio.o
    0x08002e76   0x08002e76   0x00000012   Code   RO         2886    i.gpio_input_data_bit_read  at32f403a_407_gpio.o
    0x08002e88   0x08002e88   0x0000004c   Code   RO         2891    i.gpio_pin_remap_config  at32f403a_407_gpio.o
    0x08002ed4   0x08002ed4   0x000000c0   Code   RO          760    i.increPid_cal      ctlloop.o
    0x08002f94   0x08002f94   0x00000128   Code   RO          761    i.increPid_init     ctlloop.o
    0x080030bc   0x080030bc   0x00000034   Code   RO          868    i.low_filter_calc   filter.o
    0x080030f0   0x080030f0   0x00000088   Code   RO          869    i.low_filter_init   filter.o
    0x08003178   0x08003178   0x00000034   Code   RO          200    i.main              main.o
    0x080031ac   0x080031ac   0x00000160   Code   RO          892    i.mpptmode_PVctr    mppt.o
    0x0800330c   0x0800330c   0x000000c8   Code   RO         3209    i.nvic_irq_enable   at32f403a_407_misc.o
    0x080033d4   0x080033d4   0x00000028   Code   RO         3211    i.nvic_priority_group_config  at32f403a_407_misc.o
    0x080033fc   0x080033fc   0x00000178   Code   RO         5576    i.print             printf-stdarg.o
    0x08003574   0x08003574   0x0000001c   Code   RO         5577    i.printchar         printf-stdarg.o
    0x08003590   0x08003590   0x000000ba   Code   RO         5578    i.printi            printf-stdarg.o
    0x0800364a   0x0800364a   0x00000080   Code   RO         5579    i.prints            printf-stdarg.o
    0x080036ca   0x080036ca   0x00000002   PAD
    0x080036cc   0x080036cc   0x00000098   Code   RO         5204    i.prvAddCurrentTaskToDelayedList  tasks.o
    0x08003764   0x08003764   0x000000b4   Code   RO         5205    i.prvAddNewTaskToReadyList  tasks.o
    0x08003818   0x08003818   0x00000048   Code   RO         5206    i.prvCheckTasksWaitingTermination  tasks.o
    0x08003860   0x08003860   0x00000012   Code   RO         5207    i.prvDeleteTCB      tasks.o
    0x08003872   0x08003872   0x00000002   PAD
    0x08003874   0x08003874   0x0000007c   Code   RO         5509    i.prvHeapInit       heap_4.o
    0x080038f0   0x080038f0   0x00000028   Code   RO         5208    i.prvIdleTask       tasks.o
    0x08003918   0x08003918   0x000000ae   Code   RO         5209    i.prvInitialiseNewTask  tasks.o
    0x080039c6   0x080039c6   0x00000002   PAD
    0x080039c8   0x080039c8   0x00000068   Code   RO         5210    i.prvInitialiseTaskLists  tasks.o
    0x08003a30   0x08003a30   0x00000068   Code   RO         5510    i.prvInsertBlockIntoFreeList  heap_4.o
    0x08003a98   0x08003a98   0x00000030   Code   RO         5211    i.prvResetNextTaskUnblockTime  tasks.o
    0x08003ac8   0x08003ac8   0x00000040   Code   RO          347    i.prvTaskExitError  include_port.o
    0x08003b08   0x08003b08   0x0000016c   Code   RO         5511    i.pvPortMalloc      heap_4.o
    0x08003c74   0x08003c74   0x0000002c   Code   RO          348    i.pxPortInitialiseStack  include_port.o
    0x08003ca0   0x08003ca0   0x000000f8   Code   RO          201    i.sStateFault_task_function  main.o
    0x08003d98   0x08003d98   0x00000164   Code   RO          202    i.sStateInit_task_function  main.o
    0x08003efc   0x08003efc   0x00000148   Code   RO          203    i.sStateRun_task_function  main.o
    0x08004044   0x08004044   0x0000043c   Code   RO          204    i.show_task_function  main.o
    0x08004480   0x08004480   0x0000000a   Code   RO         3638    i.spi_crc_polynomial_set  at32f403a_407_spi.o
    0x0800448a   0x0800448a   0x00000016   Code   RO         3640    i.spi_default_para_init  at32f403a_407_spi.o
    0x080044a0   0x080044a0   0x0000000a   Code   RO         3641    i.spi_enable        at32f403a_407_spi.o
    0x080044aa   0x080044aa   0x00000124   Code   RO         3654    i.spi_init          at32f403a_407_spi.o
    0x080045ce   0x080045ce   0x00000002   PAD
    0x080045d0   0x080045d0   0x000000b4   Code   RO          205    i.start_task_function  main.o
    0x08004684   0x08004684   0x000000b0   Code   RO          929    i.strTof_FirpTwo    esp8266.o
    0x08004734   0x08004734   0x00000070   Code   RO            4    i.system_clock_config  at32f403a_407_clock.o
    0x080047a4   0x080047a4   0x000000f8   Code   RO         4749    i.system_core_clock_update  system_at32f403a_407.o
    0x0800489c   0x0800489c   0x00000018   Code   RO         5582    i.tiny_sprintf      printf-stdarg.o
    0x080048b4   0x080048b4   0x00000010   Code   RO         3795    i.tmr_base_init     at32f403a_407_tmr.o
    0x080048c4   0x080048c4   0x00000060   Code   RO         3801    i.tmr_channel_enable  at32f403a_407_tmr.o
    0x08004924   0x08004924   0x00000028   Code   RO         3803    i.tmr_channel_value_set  at32f403a_407_tmr.o
    0x0800494c   0x0800494c   0x0000000a   Code   RO         3805    i.tmr_cnt_dir_set   at32f403a_407_tmr.o
    0x08004956   0x08004956   0x0000000a   Code   RO         3806    i.tmr_counter_enable  at32f403a_407_tmr.o
    0x08004960   0x08004960   0x00000006   Code   RO         3818    i.tmr_flag_clear    at32f403a_407_tmr.o
    0x08004966   0x08004966   0x00000012   Code   RO         3819    i.tmr_flag_get      at32f403a_407_tmr.o
    0x08004978   0x08004978   0x00000016   Code   RO         3827    i.tmr_interrupt_enable  at32f403a_407_tmr.o
    0x0800498e   0x0800498e   0x000001a0   Code   RO         3831    i.tmr_output_channel_config  at32f403a_407_tmr.o
    0x08004b2e   0x08004b2e   0x00000012   Code   RO         3836    i.tmr_output_default_para_init  at32f403a_407_tmr.o
    0x08004b40   0x08004b40   0x0000000a   Code   RO         3837    i.tmr_output_enable  at32f403a_407_tmr.o
    0x08004b4a   0x08004b4a   0x00000002   PAD
    0x08004b4c   0x08004b4c   0x000000a8   Code   RO         5213    i.ulTaskGenericNotifyTake  tasks.o
    0x08004bf4   0x08004bf4   0x00000124   Code   RO          930    i.usart1_init       esp8266.o
    0x08004d18   0x08004d18   0x00000008   Code   RO         4152    i.usart_data_receive  at32f403a_407_usart.o
    0x08004d20   0x08004d20   0x00000008   Code   RO         4153    i.usart_data_transmit  at32f403a_407_usart.o
    0x08004d28   0x08004d28   0x0000000a   Code   RO         4155    i.usart_dma_transmitter_enable  at32f403a_407_usart.o
    0x08004d32   0x08004d32   0x0000000a   Code   RO         4156    i.usart_enable      at32f403a_407_usart.o
    0x08004d3c   0x08004d3c   0x00000010   Code   RO         4158    i.usart_flag_get    at32f403a_407_usart.o
    0x08004d4c   0x08004d4c   0x00000066   Code   RO         4159    i.usart_hardware_flow_control_set  at32f403a_407_usart.o
    0x08004db2   0x08004db2   0x00000002   PAD
    0x08004db4   0x08004db4   0x00000080   Code   RO         4160    i.usart_init        at32f403a_407_usart.o
    0x08004e34   0x08004e34   0x00000036   Code   RO         4161    i.usart_interrupt_enable  at32f403a_407_usart.o
    0x08004e6a   0x08004e6a   0x0000004c   Code   RO         4167    i.usart_parity_selection_config  at32f403a_407_usart.o
    0x08004eb6   0x08004eb6   0x0000000a   Code   RO         4168    i.usart_receiver_enable  at32f403a_407_usart.o
    0x08004ec0   0x08004ec0   0x0000000a   Code   RO         4175    i.usart_transmitter_enable  at32f403a_407_usart.o
    0x08004eca   0x08004eca   0x00000028   Code   RO         4891    i.uxListRemove      list.o
    0x08004ef2   0x08004ef2   0x0000001a   Code   RO         4892    i.vListInitialise   list.o
    0x08004f0c   0x08004f0c   0x00000006   Code   RO         4893    i.vListInitialiseItem  list.o
    0x08004f12   0x08004f12   0x00000034   Code   RO         4894    i.vListInsert       list.o
    0x08004f46   0x08004f46   0x00000018   Code   RO         4895    i.vListInsertEnd    list.o
    0x08004f5e   0x08004f5e   0x00000002   PAD
    0x08004f60   0x08004f60   0x00000054   Code   RO          350    i.vPortEnterCritical  include_port.o
    0x08004fb4   0x08004fb4   0x0000003c   Code   RO          351    i.vPortExitCritical  include_port.o
    0x08004ff0   0x08004ff0   0x000000a4   Code   RO         5512    i.vPortFree         heap_4.o
    0x08005094   0x08005094   0x00000028   Code   RO          352    i.vPortSetupTimerInterrupt  include_port.o
    0x080050bc   0x080050bc   0x0000005c   Code   RO         5219    i.vTaskDelay        tasks.o
    0x08005118   0x08005118   0x000000f4   Code   RO         5220    i.vTaskDelete       tasks.o
    0x0800520c   0x0800520c   0x00000090   Code   RO         5231    i.vTaskStartScheduler  tasks.o
    0x0800529c   0x0800529c   0x00000010   Code   RO         5233    i.vTaskSuspendAll   tasks.o
    0x080052ac   0x080052ac   0x0000008c   Code   RO         5234    i.vTaskSwitchContext  tasks.o
    0x08005338   0x08005338   0x00000168   Code   RO          354    i.xPortStartScheduler  include_port.o
    0x080054a0   0x080054a0   0x00000060   Code   RO         5237    i.xTaskCreate       tasks.o
    0x08005500   0x08005500   0x00000180   Code   RO         5239    i.xTaskGenericNotify  tasks.o
    0x08005680   0x08005680   0x00000148   Code   RO         5247    i.xTaskIncrementTick  tasks.o
    0x080057c8   0x080057c8   0x00000104   Code   RO         5249    i.xTaskResumeAll    tasks.o
    0x080058cc   0x080058cc   0x00000062   Code   RO         5649    x$fpl$d2f           fz_wm.l(d2f.o)
    0x0800592e   0x0800592e   0x00000002   PAD
    0x08005930   0x08005930   0x00000154   Code   RO         5651    x$fpl$dmul          fz_wm.l(dmul.o)
    0x08005a84   0x08005a84   0x0000009c   Code   RO         5662    x$fpl$dnaninf       fz_wm.l(dnaninf.o)
    0x08005b20   0x08005b20   0x0000000c   Code   RO         5664    x$fpl$dretinf       fz_wm.l(dretinf.o)
    0x08005b2c   0x08005b2c   0x00000056   Code   RO         5653    x$fpl$f2d           fz_wm.l(f2d.o)
    0x08005b82   0x08005b82   0x0000008c   Code   RO         5666    x$fpl$fnaninf       fz_wm.l(fnaninf.o)
    0x08005c0e   0x08005c0e   0x0000000a   Code   RO         5759    x$fpl$fpinit        fz_wm.l(fpinit.o)
    0x08005c18   0x08005c18   0x0000000a   Code   RO         5668    x$fpl$fretinf       fz_wm.l(fretinf.o)
    0x08005c22   0x08005c22   0x00000000   Code   RO         5670    x$fpl$usenofp       fz_wm.l(usenofp.o)
    0x08005c22   0x08005c22   0x000002f8   Data   RO         1010    .constdata          oled.o
    0x08005f1a   0x08005f1a   0x00000021   Data   RO         1121    .constdata          segger_rtt.o
    0x08005f3b   0x08005f3b   0x00000010   Data   RO         1322    .constdata          segger_rtt_printf.o
    0x08005f4b   0x08005f4b   0x00000028   Data   RO         2072    .constdata          at32f403a_407_crm.o
    0x08005f73   0x08005f73   0x00000010   Data   RO         4750    .constdata          system_at32f403a_407.o
    0x08005f83   0x08005f83   0x00000001   PAD
    0x08005f84   0x08005f84   0x000000af   Data   RO          208    .conststring        main.o
    0x08006033   0x08006033   0x00000001   PAD
    0x08006034   0x08006034   0x000001c6   Data   RO          932    .conststring        esp8266.o
    0x080061fa   0x080061fa   0x00000002   PAD
    0x080061fc   0x080061fc   0x00000020   Data   RO         5821    Region$$Table       anon$$obj.o


    Execution Region RW_IRAM1 (Exec base: 0x20000000, Load base: 0x0800621c, Size: 0x000040b8, Max: 0x00038000, ABSOLUTE, COMPRESSED[0x00000098])

    Exec Addr    Load Addr    Size         Type   Attr      Idx    E Section Name        Object

    0x20000000   COMPRESSED   0x0000001a   Data   RW          209    .data               main.o
    0x2000001a   COMPRESSED   0x00000002   PAD
    0x2000001c   COMPRESSED   0x00000010   Data   RW          355    .data               include_port.o
    0x2000002c   COMPRESSED   0x00000011   Data   RW          452    .data               at32f403a_407_board.o
    0x2000003d   COMPRESSED   0x00000001   PAD
    0x2000003e   COMPRESSED   0x00000008   Data   RW          686    .data               adc.o
    0x20000046   COMPRESSED   0x00000002   PAD
    0x20000048   COMPRESSED   0x0000004f   Data   RW          763    .data               ctlloop.o
    0x20000097   COMPRESSED   0x00000001   PAD
    0x20000098   COMPRESSED   0x0000003e   Data   RW          844    .data               charge.o
    0x200000d6   COMPRESSED   0x00000002   PAD
    0x200000d8   COMPRESSED   0x000000a8   Data   RW          870    .data               filter.o
    0x20000180   COMPRESSED   0x00000011   Data   RW          893    .data               mppt.o
    0x20000191   COMPRESSED   0x00000003   PAD
    0x20000194   COMPRESSED   0x00000032   Data   RW          933    .data               esp8266.o
    0x200001c6   COMPRESSED   0x00000002   PAD
    0x200001c8   COMPRESSED   0x00000004   Data   RW         4751    .data               system_at32f403a_407.o
    0x200001cc   COMPRESSED   0x00000044   Data   RW         5252    .data               tasks.o
    0x20000210   COMPRESSED   0x00000024   Data   RW         5518    .data               heap_4.o
    0x20000234   COMPRESSED   0x00000004   Data   RW         5627    .data               c_w.l(strtok.o)
    0x20000238        -       0x00000018   Zero   RW          207    .bss                main.o
    0x20000250        -       0x000000f0   Zero   RW          762    .bss                ctlloop.o
    0x20000340        -       0x00000396   Zero   RW          931    .bss                esp8266.o
    0x200006d6        -       0x00000400   Zero   RW         1009    .bss                oled.o
    0x20000ad6   COMPRESSED   0x00000002   PAD
    0x20000ad8        -       0x000004b8   Zero   RW         1120    .bss                segger_rtt.o
    0x20000f90        -       0x000000c8   Zero   RW         5251    .bss                tasks.o
    0x20001058        -       0x00002000   Zero   RW         5517    .bss                heap_4.o
    0x20003058        -       0x00000060   Zero   RW         5701    .bss                c_w.l(libspace.o)
    0x200030b8        -       0x00000800   Zero   RW         4783    HEAP                startup_at32f403a_407.o
    0x200038b8        -       0x00000800   Zero   RW         4782    STACK               startup_at32f403a_407.o


==============================================================================

Image component sizes


      Code (inc. data)   RO Data    RW Data    ZI Data      Debug   Object Name

       368         26          0          8          0       1496   adc.o
       378          6          0          0          0       7967   at32f403a_407_adc.o
       526         70          0         17          0       8958   at32f403a_407_board.o
       112          0          0          0          0      71562   at32f403a_407_clock.o
       998        116         40          0          0      10665   at32f403a_407_crm.o
       242         10          0          0          0       3738   at32f403a_407_dma.o
       284          6          0          0          0       3664   at32f403a_407_gpio.o
        20          0          0          0          0       3145   at32f403a_407_int.o
       240         18          0          0          0      32262   at32f403a_407_misc.o
       334          0          0          0          0       3137   at32f403a_407_spi.o
       662          8          0          0          0       8298   at32f403a_407_tmr.o
       432         14          0          0          0       8281   at32f403a_407_usart.o
       548         30          0         62          0       1865   charge.o
      1944        242          0         79        240       9897   ctlloop.o
      2000        500        454         50        918       7957   esp8266.o
         0          0          0          0          0       6344   event_groups.o
       188         10          0        168          0       1964   filter.o
       756         74          0         36       8192       7815   heap_4.o
       894         78          0         16          0      11712   include_port.o
       148          0          0          0          0       3906   list.o
      2314        656        175         26         24      24703   main.o
       352         36          0         17          0       1122   mppt.o
      1016         44        760          0       1024       7483   oled.o
       742          8          0          0          0       4791   printf-stdarg.o
       554         42         33          0       1208      10050   segger_rtt.o
      1254         10         16          0          0       6293   segger_rtt_printf.o
       300         28          0          0          0       1357   spi.o
        64         26        388          0       4096        988   startup_at32f403a_407.o
       360         38         16          4          0       2448   system_at32f403a_407.o
      2660        348          0         68        200      25936   tasks.o
       372         28          0          0          0       1492   timer.o

    ----------------------------------------------------------------------
     21096       2472       1918        564      15904     301296   Object Totals
         0          0         32          0          0          0   (incl. Generated)
        34          0          4         13          2          0   (incl. Padding)

    ----------------------------------------------------------------------

      Code (inc. data)   RO Data    RW Data    ZI Data      Debug   Library Member Name

        90          0          0          0          0          0   __dczerorl2.o
         8          0          0          0          0         68   __main.o
         0          0          0          0          0          0   __rtentry.o
        12          0          0          0          0          0   __rtentry2.o
         6          0          0          0          0          0   __rtentry4.o
        52          8          0          0          0          0   __scatter.o
        28          0          0          0          0          0   __scatter_zi.o
        18          0          0          0          0         80   exit.o
         6          0          0          0          0        152   heapauxi.o
         2          0          0          0          0          0   libinit.o
         6          0          0          0          0          0   libinit2.o
         2          0          0          0          0          0   libshutdown.o
         2          0          0          0          0          0   libshutdown2.o
         8          4          0          0         96         68   libspace.o
        12          6          0          0          0         68   putchar.o
        68          0          0          0          0         68   rt_memclr.o
        78          0          0          0          0         80   rt_memclr_w.o
       138          0          0          0          0         68   rt_memcpy_v6.o
       100          0          0          0          0         80   rt_memcpy_w.o
         2          0          0          0          0          0   rtexit.o
        10          0          0          0          0          0   rtexit2.o
       128          0          0          0          0         68   strcmpv7m.o
        32          0          0          0          0         80   strcspn.o
        62          0          0          0          0         76   strlen.o
       150          0          0          0          0         80   strncmp.o
        28          0          0          0          0         80   strspn.o
        36          0          0          0          0         80   strstr.o
        12          6          0          4          0         68   strtok.o
        68          4          0          0          0         84   strtok_int.o
        74          0          0          0          0         80   sys_stackheap_outer.o
         2          0          0          0          0         68   use_no_semi.o
         2          0          0          0          0         68   use_no_semi_2.o
        98          4          0          0          0        140   d2f.o
       340         12          0          0          0        152   dmul.o
       156          4          0          0          0        140   dnaninf.o
        12          0          0          0          0        116   dretinf.o
        86          4          0          0          0        132   f2d.o
       140          4          0          0          0        132   fnaninf.o
        10          0          0          0          0        116   fpinit.o
        10          0          0          0          0        116   fretinf.o
         0          0          0          0          0          0   usenofp.o

    ----------------------------------------------------------------------
      2102         56          0          4         96       2608   Library Totals
         8          0          0          0          0          0   (incl. Padding)

    ----------------------------------------------------------------------

      Code (inc. data)   RO Data    RW Data    ZI Data      Debug   Library Name

      1242         28          0          4         96       1564   c_w.l
       852         28          0          0          0       1044   fz_wm.l

    ----------------------------------------------------------------------
      2102         56          0          4         96       2608   Library Totals

    ----------------------------------------------------------------------

==============================================================================


      Code (inc. data)   RO Data    RW Data    ZI Data      Debug   

     23198       2528       1918        568      16000     286172   Grand Totals
     23198       2528       1918        152      16000     286172   ELF Image Totals (compressed)
     23198       2528       1918        152          0          0   ROM Totals

==============================================================================

    Total RO  Size (Code + RO Data)                25116 (  24.53kB)
    Total RW  Size (RW Data + ZI Data)             16568 (  16.18kB)
    Total ROM Size (Code + RO Data + RW Data)      25268 (  24.68kB)

==============================================================================

