<!doctype html public "-//w3c//dtd html 4.0 transitional//en">
<html><head>
<title>Static Call Graph - [.\objects\at32f403a_freertos_ac5.axf]</title></head>
<body><HR>
<H1>Static Call Graph for image .\objects\at32f403a_freertos_ac5.axf</H1><HR>
<BR><P>#&#060CALLGRAPH&#062# ARM Linker, 5060750: Last Updated: Tue May 07 17:24:04 2024
<BR><P>
<H3>Maximum Stack Usage =        400 bytes + Unknown(Functions without stacksize, Cycles, Untraceable Function Pointers)</H3><H3>
Call chain for Maximum Stack Depth:</H3>
sStateRun_task_function &rArr; SEGGER_RTT_printf &rArr; SEGGER_RTT_vprintf &rArr; _PrintInt &rArr; _PrintUnsigned &rArr; _StoreChar &rArr; SEGGER_RTT_Write &rArr; SEGGER_RTT_WriteNoLock &rArr; _WriteBlocking
<P>
<H3>
Functions with no stack information
</H3><UL>
 <LI><a href="#[7c]">__user_initial_stackheap</a>
</UL>
</UL>
<P>
<H3>
Mutually Recursive functions
</H3> <LI><a href="#[50]">ACC_IRQHandler</a>&nbsp;&nbsp;&nbsp;&rArr;&nbsp;&nbsp;&nbsp;<a href="#[50]">ACC_IRQHandler</a><BR>
</UL>
<P>
<H3>
Function Pointers
</H3><UL>
 <LI><a href="#[50]">ACC_IRQHandler</a> from startup_at32f403a_407.o(.text) referenced from startup_at32f403a_407.o(RESET)
 <LI><a href="#[1e]">ADC1_2_IRQHandler</a> from startup_at32f403a_407.o(.text) referenced from startup_at32f403a_407.o(RESET)
 <LI><a href="#[3b]">ADC3_IRQHandler</a> from startup_at32f403a_407.o(.text) referenced from startup_at32f403a_407.o(RESET)
 <LI><a href="#[6]">BusFault_Handler</a> from at32f403a_407_int.o(i.BusFault_Handler) referenced from startup_at32f403a_407.o(RESET)
 <LI><a href="#[21]">CAN1_RX1_IRQHandler</a> from startup_at32f403a_407.o(.text) referenced from startup_at32f403a_407.o(RESET)
 <LI><a href="#[22]">CAN1_SE_IRQHandler</a> from startup_at32f403a_407.o(.text) referenced from startup_at32f403a_407.o(RESET)
 <LI><a href="#[4d]">CAN2_RX0_IRQHandler</a> from startup_at32f403a_407.o(.text) referenced from startup_at32f403a_407.o(RESET)
 <LI><a href="#[4e]">CAN2_RX1_IRQHandler</a> from startup_at32f403a_407.o(.text) referenced from startup_at32f403a_407.o(RESET)
 <LI><a href="#[4f]">CAN2_SE_IRQHandler</a> from startup_at32f403a_407.o(.text) referenced from startup_at32f403a_407.o(RESET)
 <LI><a href="#[4c]">CAN2_TX_IRQHandler</a> from startup_at32f403a_407.o(.text) referenced from startup_at32f403a_407.o(RESET)
 <LI><a href="#[11]">CRM_IRQHandler</a> from startup_at32f403a_407.o(.text) referenced from startup_at32f403a_407.o(RESET)
 <LI><a href="#[17]">DMA1_Channel1_IRQHandler</a> from startup_at32f403a_407.o(.text) referenced from startup_at32f403a_407.o(RESET)
 <LI><a href="#[18]">DMA1_Channel2_IRQHandler</a> from startup_at32f403a_407.o(.text) referenced from startup_at32f403a_407.o(RESET)
 <LI><a href="#[19]">DMA1_Channel3_IRQHandler</a> from startup_at32f403a_407.o(.text) referenced from startup_at32f403a_407.o(RESET)
 <LI><a href="#[1a]">DMA1_Channel4_IRQHandler</a> from startup_at32f403a_407.o(.text) referenced from startup_at32f403a_407.o(RESET)
 <LI><a href="#[1b]">DMA1_Channel5_IRQHandler</a> from startup_at32f403a_407.o(.text) referenced from startup_at32f403a_407.o(RESET)
 <LI><a href="#[1c]">DMA1_Channel6_IRQHandler</a> from startup_at32f403a_407.o(.text) referenced from startup_at32f403a_407.o(RESET)
 <LI><a href="#[1d]">DMA1_Channel7_IRQHandler</a> from startup_at32f403a_407.o(.text) referenced from startup_at32f403a_407.o(RESET)
 <LI><a href="#[44]">DMA2_Channel1_IRQHandler</a> from startup_at32f403a_407.o(.text) referenced from startup_at32f403a_407.o(RESET)
 <LI><a href="#[45]">DMA2_Channel2_IRQHandler</a> from startup_at32f403a_407.o(.text) referenced from startup_at32f403a_407.o(RESET)
 <LI><a href="#[46]">DMA2_Channel3_IRQHandler</a> from startup_at32f403a_407.o(.text) referenced from startup_at32f403a_407.o(RESET)
 <LI><a href="#[47]">DMA2_Channel4_5_IRQHandler</a> from startup_at32f403a_407.o(.text) referenced from startup_at32f403a_407.o(RESET)
 <LI><a href="#[53]">DMA2_Channel6_7_IRQHandler</a> from startup_at32f403a_407.o(.text) referenced from startup_at32f403a_407.o(RESET)
 <LI><a href="#[9]">DebugMon_Handler</a> from at32f403a_407_int.o(i.DebugMon_Handler) referenced from startup_at32f403a_407.o(RESET)
 <LI><a href="#[57]">EMAC_IRQHandler</a> from startup_at32f403a_407.o(.text) referenced from startup_at32f403a_407.o(RESET)
 <LI><a href="#[58]">EMAC_WKUP_IRQHandler</a> from startup_at32f403a_407.o(.text) referenced from startup_at32f403a_407.o(RESET)
 <LI><a href="#[12]">EXINT0_IRQHandler</a> from startup_at32f403a_407.o(.text) referenced from startup_at32f403a_407.o(RESET)
 <LI><a href="#[34]">EXINT15_10_IRQHandler</a> from startup_at32f403a_407.o(.text) referenced from startup_at32f403a_407.o(RESET)
 <LI><a href="#[13]">EXINT1_IRQHandler</a> from startup_at32f403a_407.o(.text) referenced from startup_at32f403a_407.o(RESET)
 <LI><a href="#[14]">EXINT2_IRQHandler</a> from startup_at32f403a_407.o(.text) referenced from startup_at32f403a_407.o(RESET)
 <LI><a href="#[15]">EXINT3_IRQHandler</a> from startup_at32f403a_407.o(.text) referenced from startup_at32f403a_407.o(RESET)
 <LI><a href="#[16]">EXINT4_IRQHandler</a> from startup_at32f403a_407.o(.text) referenced from startup_at32f403a_407.o(RESET)
 <LI><a href="#[23]">EXINT9_5_IRQHandler</a> from startup_at32f403a_407.o(.text) referenced from startup_at32f403a_407.o(RESET)
 <LI><a href="#[10]">FLASH_IRQHandler</a> from startup_at32f403a_407.o(.text) referenced from startup_at32f403a_407.o(RESET)
 <LI><a href="#[4]">HardFault_Handler</a> from at32f403a_407_int.o(i.HardFault_Handler) referenced from startup_at32f403a_407.o(RESET)
 <LI><a href="#[2c]">I2C1_ERR_IRQHandler</a> from startup_at32f403a_407.o(.text) referenced from startup_at32f403a_407.o(RESET)
 <LI><a href="#[2b]">I2C1_EVT_IRQHandler</a> from startup_at32f403a_407.o(.text) referenced from startup_at32f403a_407.o(RESET)
 <LI><a href="#[2e]">I2C2_ERR_IRQHandler</a> from startup_at32f403a_407.o(.text) referenced from startup_at32f403a_407.o(RESET)
 <LI><a href="#[2d]">I2C2_EVT_IRQHandler</a> from startup_at32f403a_407.o(.text) referenced from startup_at32f403a_407.o(RESET)
 <LI><a href="#[4a]">I2C3_ERR_IRQHandler</a> from startup_at32f403a_407.o(.text) referenced from startup_at32f403a_407.o(RESET)
 <LI><a href="#[49]">I2C3_EVT_IRQHandler</a> from startup_at32f403a_407.o(.text) referenced from startup_at32f403a_407.o(RESET)
 <LI><a href="#[5]">MemManage_Handler</a> from at32f403a_407_int.o(i.MemManage_Handler) referenced from startup_at32f403a_407.o(RESET)
 <LI><a href="#[3]">NMI_Handler</a> from at32f403a_407_int.o(i.NMI_Handler) referenced from startup_at32f403a_407.o(RESET)
 <LI><a href="#[d]">PVM_IRQHandler</a> from startup_at32f403a_407.o(.text) referenced from startup_at32f403a_407.o(RESET)
 <LI><a href="#[a]">PendSV_Handler</a> from include_port.o(.emb_text) referenced from startup_at32f403a_407.o(RESET)
 <LI><a href="#[35]">RTCAlarm_IRQHandler</a> from startup_at32f403a_407.o(.text) referenced from startup_at32f403a_407.o(RESET)
 <LI><a href="#[f]">RTC_IRQHandler</a> from startup_at32f403a_407.o(.text) referenced from startup_at32f403a_407.o(RESET)
 <LI><a href="#[2]">Reset_Handler</a> from startup_at32f403a_407.o(.text) referenced from startup_at32f403a_407.o(RESET)
 <LI><a href="#[3d]">SDIO1_IRQHandler</a> from startup_at32f403a_407.o(.text) referenced from startup_at32f403a_407.o(RESET)
 <LI><a href="#[48]">SDIO2_IRQHandler</a> from startup_at32f403a_407.o(.text) referenced from startup_at32f403a_407.o(RESET)
 <LI><a href="#[2f]">SPI1_IRQHandler</a> from startup_at32f403a_407.o(.text) referenced from startup_at32f403a_407.o(RESET)
 <LI><a href="#[30]">SPI2_I2S2EXT_IRQHandler</a> from startup_at32f403a_407.o(.text) referenced from startup_at32f403a_407.o(RESET)
 <LI><a href="#[3f]">SPI3_I2S3EXT_IRQHandler</a> from startup_at32f403a_407.o(.text) referenced from startup_at32f403a_407.o(RESET)
 <LI><a href="#[4b]">SPI4_IRQHandler</a> from startup_at32f403a_407.o(.text) referenced from startup_at32f403a_407.o(RESET)
 <LI><a href="#[8]">SVC_Handler</a> from include_port.o(.emb_text) referenced from startup_at32f403a_407.o(RESET)
 <LI><a href="#[b]">SysTick_Handler</a> from include_port.o(i.SysTick_Handler) referenced from startup_at32f403a_407.o(RESET)
 <LI><a href="#[59]">SystemInit</a> from system_at32f403a_407.o(i.SystemInit) referenced from startup_at32f403a_407.o(.text)
 <LI><a href="#[e]">TAMPER_IRQHandler</a> from startup_at32f403a_407.o(.text) referenced from startup_at32f403a_407.o(RESET)
 <LI><a href="#[24]">TMR1_BRK_TMR9_IRQHandler</a> from startup_at32f403a_407.o(.text) referenced from startup_at32f403a_407.o(RESET)
 <LI><a href="#[27]">TMR1_CH_IRQHandler</a> from startup_at32f403a_407.o(.text) referenced from startup_at32f403a_407.o(RESET)
 <LI><a href="#[25]">TMR1_OVF_TMR10_IRQHandler</a> from timer.o(i.TMR1_OVF_TMR10_IRQHandler) referenced from startup_at32f403a_407.o(RESET)
 <LI><a href="#[26]">TMR1_TRG_HALL_TMR11_IRQHandler</a> from startup_at32f403a_407.o(.text) referenced from startup_at32f403a_407.o(RESET)
 <LI><a href="#[28]">TMR2_GLOBAL_IRQHandler</a> from startup_at32f403a_407.o(.text) referenced from startup_at32f403a_407.o(RESET)
 <LI><a href="#[29]">TMR3_GLOBAL_IRQHandler</a> from startup_at32f403a_407.o(.text) referenced from startup_at32f403a_407.o(RESET)
 <LI><a href="#[2a]">TMR4_GLOBAL_IRQHandler</a> from startup_at32f403a_407.o(.text) referenced from startup_at32f403a_407.o(RESET)
 <LI><a href="#[3e]">TMR5_GLOBAL_IRQHandler</a> from startup_at32f403a_407.o(.text) referenced from startup_at32f403a_407.o(RESET)
 <LI><a href="#[42]">TMR6_GLOBAL_IRQHandler</a> from startup_at32f403a_407.o(.text) referenced from startup_at32f403a_407.o(RESET)
 <LI><a href="#[43]">TMR7_GLOBAL_IRQHandler</a> from startup_at32f403a_407.o(.text) referenced from startup_at32f403a_407.o(RESET)
 <LI><a href="#[37]">TMR8_BRK_TMR12_IRQHandler</a> from startup_at32f403a_407.o(.text) referenced from startup_at32f403a_407.o(RESET)
 <LI><a href="#[3a]">TMR8_CH_IRQHandler</a> from startup_at32f403a_407.o(.text) referenced from startup_at32f403a_407.o(RESET)
 <LI><a href="#[38]">TMR8_OVF_TMR13_IRQHandler</a> from startup_at32f403a_407.o(.text) referenced from startup_at32f403a_407.o(RESET)
 <LI><a href="#[39]">TMR8_TRG_HALL_TMR14_IRQHandler</a> from startup_at32f403a_407.o(.text) referenced from startup_at32f403a_407.o(RESET)
 <LI><a href="#[40]">UART4_IRQHandler</a> from startup_at32f403a_407.o(.text) referenced from startup_at32f403a_407.o(RESET)
 <LI><a href="#[41]">UART5_IRQHandler</a> from startup_at32f403a_407.o(.text) referenced from startup_at32f403a_407.o(RESET)
 <LI><a href="#[55]">UART7_IRQHandler</a> from startup_at32f403a_407.o(.text) referenced from startup_at32f403a_407.o(RESET)
 <LI><a href="#[56]">UART8_IRQHandler</a> from startup_at32f403a_407.o(.text) referenced from startup_at32f403a_407.o(RESET)
 <LI><a href="#[31]">USART1_IRQHandler</a> from esp8266.o(i.USART1_IRQHandler) referenced from startup_at32f403a_407.o(RESET)
 <LI><a href="#[32]">USART2_IRQHandler</a> from startup_at32f403a_407.o(.text) referenced from startup_at32f403a_407.o(RESET)
 <LI><a href="#[33]">USART3_IRQHandler</a> from startup_at32f403a_407.o(.text) referenced from startup_at32f403a_407.o(RESET)
 <LI><a href="#[54]">USART6_IRQHandler</a> from startup_at32f403a_407.o(.text) referenced from startup_at32f403a_407.o(RESET)
 <LI><a href="#[36]">USBFSWakeUp_IRQHandler</a> from startup_at32f403a_407.o(.text) referenced from startup_at32f403a_407.o(RESET)
 <LI><a href="#[1f]">USBFS_H_CAN1_TX_IRQHandler</a> from startup_at32f403a_407.o(.text) referenced from startup_at32f403a_407.o(RESET)
 <LI><a href="#[20]">USBFS_L_CAN1_RX0_IRQHandler</a> from startup_at32f403a_407.o(.text) referenced from startup_at32f403a_407.o(RESET)
 <LI><a href="#[51]">USBFS_MAPH_IRQHandler</a> from startup_at32f403a_407.o(.text) referenced from startup_at32f403a_407.o(RESET)
 <LI><a href="#[52]">USBFS_MAPL_IRQHandler</a> from startup_at32f403a_407.o(.text) referenced from startup_at32f403a_407.o(RESET)
 <LI><a href="#[7]">UsageFault_Handler</a> from at32f403a_407_int.o(i.UsageFault_Handler) referenced from startup_at32f403a_407.o(RESET)
 <LI><a href="#[c]">WWDT_IRQHandler</a> from startup_at32f403a_407.o(.text) referenced from startup_at32f403a_407.o(RESET)
 <LI><a href="#[3c]">XMC_IRQHandler</a> from startup_at32f403a_407.o(.text) referenced from startup_at32f403a_407.o(RESET)
 <LI><a href="#[61]">__main</a> from __main.o(!!!main) referenced from startup_at32f403a_407.o(.text)
 <LI><a href="#[60]">prvIdleTask</a> from tasks.o(i.prvIdleTask) referenced from tasks.o(i.vTaskStartScheduler)
 <LI><a href="#[5c]">prvTaskExitError</a> from include_port.o(i.prvTaskExitError) referenced from include_port.o(i.pxPortInitialiseStack)
 <LI><a href="#[5e]">sStateFault_task_function</a> from main.o(i.sStateFault_task_function) referenced from main.o(i.start_task_function)
 <LI><a href="#[5d]">sStateInit_task_function</a> from main.o(i.sStateInit_task_function) referenced from main.o(i.start_task_function)
 <LI><a href="#[5f]">sStateRun_task_function</a> from main.o(i.sStateRun_task_function) referenced from main.o(i.start_task_function)
 <LI><a href="#[5b]">start_task_function</a> from main.o(i.start_task_function) referenced from main.o(i.main)
</UL>
<P>
<H3>
Global Symbols
</H3>
<P><STRONG><a name="[61]"></a>__main</STRONG> (Thumb, 8 bytes, Stack size 0 bytes, __main.o(!!!main))
<BR><BR>[Calls]<UL><LI><a href="#[62]">&gt;&gt;</a>&nbsp;&nbsp;&nbsp;__scatterload
<LI><a href="#[63]">&gt;&gt;</a>&nbsp;&nbsp;&nbsp;__rt_entry
</UL>

<P><STRONG><a name="[62]"></a>__scatterload</STRONG> (Thumb, 0 bytes, Stack size unknown bytes, __scatter.o(!!!scatter))
<BR><BR>[Called By]<UL><LI><a href="#[61]">&gt;&gt;</a>&nbsp;&nbsp;&nbsp;__main
</UL>

<P><STRONG><a name="[64]"></a>__scatterload_rt2</STRONG> (Thumb, 44 bytes, Stack size unknown bytes, __scatter.o(!!!scatter), UNUSED)
<BR><BR>[Calls]<UL><LI><a href="#[63]">&gt;&gt;</a>&nbsp;&nbsp;&nbsp;__rt_entry
</UL>

<P><STRONG><a name="[113]"></a>__scatterload_rt2_thumb_only</STRONG> (Thumb, 0 bytes, Stack size unknown bytes, __scatter.o(!!!scatter), UNUSED)

<P><STRONG><a name="[114]"></a>__scatterload_null</STRONG> (Thumb, 0 bytes, Stack size unknown bytes, __scatter.o(!!!scatter), UNUSED)

<P><STRONG><a name="[115]"></a>__decompress</STRONG> (Thumb, 90 bytes, Stack size unknown bytes, __dczerorl2.o(!!dczerorl2), UNUSED)

<P><STRONG><a name="[116]"></a>__decompress1</STRONG> (Thumb, 0 bytes, Stack size unknown bytes, __dczerorl2.o(!!dczerorl2), UNUSED)

<P><STRONG><a name="[117]"></a>__scatterload_zeroinit</STRONG> (Thumb, 28 bytes, Stack size unknown bytes, __scatter_zi.o(!!handler_zi), UNUSED)

<P><STRONG><a name="[6a]"></a>__rt_lib_init</STRONG> (Thumb, 0 bytes, Stack size unknown bytes, libinit.o(.ARM.Collect$$libinit$$00000000))
<BR><BR>[Called By]<UL><LI><a href="#[69]">&gt;&gt;</a>&nbsp;&nbsp;&nbsp;__rt_entry_li
</UL>

<P><STRONG><a name="[65]"></a>__rt_lib_init_fp_1</STRONG> (Thumb, 0 bytes, Stack size unknown bytes, libinit2.o(.ARM.Collect$$libinit$$00000001))
<BR><BR>[Calls]<UL><LI><a href="#[66]">&gt;&gt;</a>&nbsp;&nbsp;&nbsp;_fp_init
</UL>

<P><STRONG><a name="[118]"></a>__rt_lib_init_alloca_1</STRONG> (Thumb, 0 bytes, Stack size unknown bytes, libinit2.o(.ARM.Collect$$libinit$$0000002E))

<P><STRONG><a name="[119]"></a>__rt_lib_init_argv_1</STRONG> (Thumb, 0 bytes, Stack size unknown bytes, libinit2.o(.ARM.Collect$$libinit$$0000002C))

<P><STRONG><a name="[11a]"></a>__rt_lib_init_atexit_1</STRONG> (Thumb, 0 bytes, Stack size unknown bytes, libinit2.o(.ARM.Collect$$libinit$$0000001B))

<P><STRONG><a name="[11b]"></a>__rt_lib_init_clock_1</STRONG> (Thumb, 0 bytes, Stack size unknown bytes, libinit2.o(.ARM.Collect$$libinit$$00000021))

<P><STRONG><a name="[11c]"></a>__rt_lib_init_cpp_1</STRONG> (Thumb, 0 bytes, Stack size unknown bytes, libinit2.o(.ARM.Collect$$libinit$$00000032))

<P><STRONG><a name="[11d]"></a>__rt_lib_init_exceptions_1</STRONG> (Thumb, 0 bytes, Stack size unknown bytes, libinit2.o(.ARM.Collect$$libinit$$00000030))

<P><STRONG><a name="[11e]"></a>__rt_lib_init_fp_trap_1</STRONG> (Thumb, 0 bytes, Stack size unknown bytes, libinit2.o(.ARM.Collect$$libinit$$0000001F))

<P><STRONG><a name="[11f]"></a>__rt_lib_init_getenv_1</STRONG> (Thumb, 0 bytes, Stack size unknown bytes, libinit2.o(.ARM.Collect$$libinit$$00000023))

<P><STRONG><a name="[120]"></a>__rt_lib_init_heap_1</STRONG> (Thumb, 0 bytes, Stack size unknown bytes, libinit2.o(.ARM.Collect$$libinit$$0000000A))

<P><STRONG><a name="[121]"></a>__rt_lib_init_lc_collate_1</STRONG> (Thumb, 0 bytes, Stack size unknown bytes, libinit2.o(.ARM.Collect$$libinit$$00000011))

<P><STRONG><a name="[122]"></a>__rt_lib_init_lc_ctype_1</STRONG> (Thumb, 0 bytes, Stack size unknown bytes, libinit2.o(.ARM.Collect$$libinit$$00000013))

<P><STRONG><a name="[123]"></a>__rt_lib_init_lc_monetary_1</STRONG> (Thumb, 0 bytes, Stack size unknown bytes, libinit2.o(.ARM.Collect$$libinit$$00000015))

<P><STRONG><a name="[124]"></a>__rt_lib_init_lc_numeric_1</STRONG> (Thumb, 0 bytes, Stack size unknown bytes, libinit2.o(.ARM.Collect$$libinit$$00000017))

<P><STRONG><a name="[125]"></a>__rt_lib_init_lc_time_1</STRONG> (Thumb, 0 bytes, Stack size unknown bytes, libinit2.o(.ARM.Collect$$libinit$$00000019))

<P><STRONG><a name="[126]"></a>__rt_lib_init_preinit_1</STRONG> (Thumb, 0 bytes, Stack size unknown bytes, libinit2.o(.ARM.Collect$$libinit$$00000004))

<P><STRONG><a name="[127]"></a>__rt_lib_init_rand_1</STRONG> (Thumb, 0 bytes, Stack size unknown bytes, libinit2.o(.ARM.Collect$$libinit$$0000000E))

<P><STRONG><a name="[128]"></a>__rt_lib_init_return</STRONG> (Thumb, 0 bytes, Stack size unknown bytes, libinit2.o(.ARM.Collect$$libinit$$00000033))

<P><STRONG><a name="[129]"></a>__rt_lib_init_signal_1</STRONG> (Thumb, 0 bytes, Stack size unknown bytes, libinit2.o(.ARM.Collect$$libinit$$0000001D))

<P><STRONG><a name="[12a]"></a>__rt_lib_init_stdio_1</STRONG> (Thumb, 0 bytes, Stack size unknown bytes, libinit2.o(.ARM.Collect$$libinit$$00000025))

<P><STRONG><a name="[12b]"></a>__rt_lib_init_user_alloc_1</STRONG> (Thumb, 0 bytes, Stack size unknown bytes, libinit2.o(.ARM.Collect$$libinit$$0000000C))

<P><STRONG><a name="[6f]"></a>__rt_lib_shutdown</STRONG> (Thumb, 0 bytes, Stack size unknown bytes, libshutdown.o(.ARM.Collect$$libshutdown$$00000000))
<BR><BR>[Called By]<UL><LI><a href="#[6e]">&gt;&gt;</a>&nbsp;&nbsp;&nbsp;__rt_exit_ls
</UL>

<P><STRONG><a name="[12c]"></a>__rt_lib_shutdown_cpp_1</STRONG> (Thumb, 0 bytes, Stack size unknown bytes, libshutdown2.o(.ARM.Collect$$libshutdown$$00000002))

<P><STRONG><a name="[12d]"></a>__rt_lib_shutdown_fp_trap_1</STRONG> (Thumb, 0 bytes, Stack size unknown bytes, libshutdown2.o(.ARM.Collect$$libshutdown$$00000007))

<P><STRONG><a name="[12e]"></a>__rt_lib_shutdown_heap_1</STRONG> (Thumb, 0 bytes, Stack size unknown bytes, libshutdown2.o(.ARM.Collect$$libshutdown$$0000000F))

<P><STRONG><a name="[12f]"></a>__rt_lib_shutdown_return</STRONG> (Thumb, 0 bytes, Stack size unknown bytes, libshutdown2.o(.ARM.Collect$$libshutdown$$00000010))

<P><STRONG><a name="[130]"></a>__rt_lib_shutdown_signal_1</STRONG> (Thumb, 0 bytes, Stack size unknown bytes, libshutdown2.o(.ARM.Collect$$libshutdown$$0000000A))

<P><STRONG><a name="[131]"></a>__rt_lib_shutdown_stdio_1</STRONG> (Thumb, 0 bytes, Stack size unknown bytes, libshutdown2.o(.ARM.Collect$$libshutdown$$00000004))

<P><STRONG><a name="[132]"></a>__rt_lib_shutdown_user_alloc_1</STRONG> (Thumb, 0 bytes, Stack size unknown bytes, libshutdown2.o(.ARM.Collect$$libshutdown$$0000000C))

<P><STRONG><a name="[63]"></a>__rt_entry</STRONG> (Thumb, 0 bytes, Stack size unknown bytes, __rtentry.o(.ARM.Collect$$rtentry$$00000000))
<BR><BR>[Called By]<UL><LI><a href="#[64]">&gt;&gt;</a>&nbsp;&nbsp;&nbsp;__scatterload_rt2
<LI><a href="#[61]">&gt;&gt;</a>&nbsp;&nbsp;&nbsp;__main
</UL>

<P><STRONG><a name="[133]"></a>__rt_entry_presh_1</STRONG> (Thumb, 0 bytes, Stack size unknown bytes, __rtentry2.o(.ARM.Collect$$rtentry$$00000002))

<P><STRONG><a name="[67]"></a>__rt_entry_sh</STRONG> (Thumb, 0 bytes, Stack size unknown bytes, __rtentry4.o(.ARM.Collect$$rtentry$$00000004))
<BR><BR>[Stack]<UL><LI>Max Depth = 8 + Unknown Stack Size
<LI>Call Chain = __rt_entry_sh &rArr; __user_setup_stackheap
</UL>
<BR>[Calls]<UL><LI><a href="#[68]">&gt;&gt;</a>&nbsp;&nbsp;&nbsp;__user_setup_stackheap
</UL>

<P><STRONG><a name="[69]"></a>__rt_entry_li</STRONG> (Thumb, 0 bytes, Stack size unknown bytes, __rtentry2.o(.ARM.Collect$$rtentry$$0000000A))
<BR><BR>[Calls]<UL><LI><a href="#[6a]">&gt;&gt;</a>&nbsp;&nbsp;&nbsp;__rt_lib_init
</UL>

<P><STRONG><a name="[134]"></a>__rt_entry_postsh_1</STRONG> (Thumb, 0 bytes, Stack size unknown bytes, __rtentry2.o(.ARM.Collect$$rtentry$$00000009))

<P><STRONG><a name="[6b]"></a>__rt_entry_main</STRONG> (Thumb, 0 bytes, Stack size unknown bytes, __rtentry2.o(.ARM.Collect$$rtentry$$0000000D))
<BR><BR>[Stack]<UL><LI>Max Depth = 168 + Unknown Stack Size
<LI>Call Chain = __rt_entry_main &rArr; main &rArr; vTaskStartScheduler &rArr; xTaskCreate &rArr; pvPortMalloc &rArr; xTaskResumeAll &rArr; xTaskIncrementTick
</UL>
<BR>[Calls]<UL><LI><a href="#[6c]">&gt;&gt;</a>&nbsp;&nbsp;&nbsp;main
<LI><a href="#[6d]">&gt;&gt;</a>&nbsp;&nbsp;&nbsp;exit
</UL>

<P><STRONG><a name="[135]"></a>__rt_entry_postli_1</STRONG> (Thumb, 0 bytes, Stack size unknown bytes, __rtentry2.o(.ARM.Collect$$rtentry$$0000000C))

<P><STRONG><a name="[7d]"></a>__rt_exit</STRONG> (Thumb, 0 bytes, Stack size unknown bytes, rtexit.o(.ARM.Collect$$rtexit$$00000000))
<BR><BR>[Called By]<UL><LI><a href="#[6d]">&gt;&gt;</a>&nbsp;&nbsp;&nbsp;exit
</UL>

<P><STRONG><a name="[6e]"></a>__rt_exit_ls</STRONG> (Thumb, 0 bytes, Stack size unknown bytes, rtexit2.o(.ARM.Collect$$rtexit$$00000003))
<BR><BR>[Calls]<UL><LI><a href="#[6f]">&gt;&gt;</a>&nbsp;&nbsp;&nbsp;__rt_lib_shutdown
</UL>

<P><STRONG><a name="[136]"></a>__rt_exit_prels_1</STRONG> (Thumb, 0 bytes, Stack size unknown bytes, rtexit2.o(.ARM.Collect$$rtexit$$00000002))

<P><STRONG><a name="[70]"></a>__rt_exit_exit</STRONG> (Thumb, 0 bytes, Stack size unknown bytes, rtexit2.o(.ARM.Collect$$rtexit$$00000004))
<BR><BR>[Calls]<UL><LI><a href="#[71]">&gt;&gt;</a>&nbsp;&nbsp;&nbsp;_sys_exit
</UL>

<P><STRONG><a name="[8]"></a>SVC_Handler</STRONG> (Thumb, 28 bytes, Stack size 0 bytes, include_port.o(.emb_text))
<BR>[Address Reference Count : 1]<UL><LI> startup_at32f403a_407.o(RESET)
</UL>
<P><STRONG><a name="[107]"></a>__asm___14_include_port_c_39a90d8d__prvStartFirstTask</STRONG> (Thumb, 36 bytes, Stack size 0 bytes, include_port.o(.emb_text))
<BR><BR>[Called By]<UL><LI><a href="#[104]">&gt;&gt;</a>&nbsp;&nbsp;&nbsp;xPortStartScheduler
</UL>

<P><STRONG><a name="[106]"></a>__asm___14_include_port_c_39a90d8d__prvEnableVFP</STRONG> (Thumb, 16 bytes, Stack size 0 bytes, include_port.o(.emb_text))
<BR><BR>[Called By]<UL><LI><a href="#[104]">&gt;&gt;</a>&nbsp;&nbsp;&nbsp;xPortStartScheduler
</UL>

<P><STRONG><a name="[a]"></a>PendSV_Handler</STRONG> (Thumb, 88 bytes, Stack size 0 bytes, include_port.o(.emb_text))
<BR><BR>[Calls]<UL><LI><a href="#[72]">&gt;&gt;</a>&nbsp;&nbsp;&nbsp;vTaskSwitchContext
</UL>
<BR>[Address Reference Count : 1]<UL><LI> startup_at32f403a_407.o(RESET)
</UL>
<P><STRONG><a name="[137]"></a>vPortGetIPSR</STRONG> (Thumb, 6 bytes, Stack size 0 bytes, include_port.o(.emb_text), UNUSED)

<P><STRONG><a name="[2]"></a>Reset_Handler</STRONG> (Thumb, 8 bytes, Stack size 0 bytes, startup_at32f403a_407.o(.text))
<BR>[Address Reference Count : 1]<UL><LI> startup_at32f403a_407.o(RESET)
</UL>
<P><STRONG><a name="[50]"></a>ACC_IRQHandler</STRONG> (Thumb, 0 bytes, Stack size 0 bytes, startup_at32f403a_407.o(.text))
<BR><BR>[Calls]<UL><LI><a href="#[50]">&gt;&gt;</a>&nbsp;&nbsp;&nbsp;ACC_IRQHandler
</UL>
<BR>[Called By]<UL><LI><a href="#[50]">&gt;&gt;</a>&nbsp;&nbsp;&nbsp;ACC_IRQHandler
</UL>
<BR>[Address Reference Count : 1]<UL><LI> startup_at32f403a_407.o(RESET)
</UL>
<P><STRONG><a name="[1e]"></a>ADC1_2_IRQHandler</STRONG> (Thumb, 0 bytes, Stack size 0 bytes, startup_at32f403a_407.o(.text))
<BR>[Address Reference Count : 1]<UL><LI> startup_at32f403a_407.o(RESET)
</UL>
<P><STRONG><a name="[3b]"></a>ADC3_IRQHandler</STRONG> (Thumb, 0 bytes, Stack size 0 bytes, startup_at32f403a_407.o(.text))
<BR>[Address Reference Count : 1]<UL><LI> startup_at32f403a_407.o(RESET)
</UL>
<P><STRONG><a name="[21]"></a>CAN1_RX1_IRQHandler</STRONG> (Thumb, 0 bytes, Stack size 0 bytes, startup_at32f403a_407.o(.text))
<BR>[Address Reference Count : 1]<UL><LI> startup_at32f403a_407.o(RESET)
</UL>
<P><STRONG><a name="[22]"></a>CAN1_SE_IRQHandler</STRONG> (Thumb, 0 bytes, Stack size 0 bytes, startup_at32f403a_407.o(.text))
<BR>[Address Reference Count : 1]<UL><LI> startup_at32f403a_407.o(RESET)
</UL>
<P><STRONG><a name="[4d]"></a>CAN2_RX0_IRQHandler</STRONG> (Thumb, 0 bytes, Stack size 0 bytes, startup_at32f403a_407.o(.text))
<BR>[Address Reference Count : 1]<UL><LI> startup_at32f403a_407.o(RESET)
</UL>
<P><STRONG><a name="[4e]"></a>CAN2_RX1_IRQHandler</STRONG> (Thumb, 0 bytes, Stack size 0 bytes, startup_at32f403a_407.o(.text))
<BR>[Address Reference Count : 1]<UL><LI> startup_at32f403a_407.o(RESET)
</UL>
<P><STRONG><a name="[4f]"></a>CAN2_SE_IRQHandler</STRONG> (Thumb, 0 bytes, Stack size 0 bytes, startup_at32f403a_407.o(.text))
<BR>[Address Reference Count : 1]<UL><LI> startup_at32f403a_407.o(RESET)
</UL>
<P><STRONG><a name="[4c]"></a>CAN2_TX_IRQHandler</STRONG> (Thumb, 0 bytes, Stack size 0 bytes, startup_at32f403a_407.o(.text))
<BR>[Address Reference Count : 1]<UL><LI> startup_at32f403a_407.o(RESET)
</UL>
<P><STRONG><a name="[11]"></a>CRM_IRQHandler</STRONG> (Thumb, 0 bytes, Stack size 0 bytes, startup_at32f403a_407.o(.text))
<BR>[Address Reference Count : 1]<UL><LI> startup_at32f403a_407.o(RESET)
</UL>
<P><STRONG><a name="[17]"></a>DMA1_Channel1_IRQHandler</STRONG> (Thumb, 0 bytes, Stack size 0 bytes, startup_at32f403a_407.o(.text))
<BR>[Address Reference Count : 1]<UL><LI> startup_at32f403a_407.o(RESET)
</UL>
<P><STRONG><a name="[18]"></a>DMA1_Channel2_IRQHandler</STRONG> (Thumb, 0 bytes, Stack size 0 bytes, startup_at32f403a_407.o(.text))
<BR>[Address Reference Count : 1]<UL><LI> startup_at32f403a_407.o(RESET)
</UL>
<P><STRONG><a name="[19]"></a>DMA1_Channel3_IRQHandler</STRONG> (Thumb, 0 bytes, Stack size 0 bytes, startup_at32f403a_407.o(.text))
<BR>[Address Reference Count : 1]<UL><LI> startup_at32f403a_407.o(RESET)
</UL>
<P><STRONG><a name="[1a]"></a>DMA1_Channel4_IRQHandler</STRONG> (Thumb, 0 bytes, Stack size 0 bytes, startup_at32f403a_407.o(.text))
<BR>[Address Reference Count : 1]<UL><LI> startup_at32f403a_407.o(RESET)
</UL>
<P><STRONG><a name="[1b]"></a>DMA1_Channel5_IRQHandler</STRONG> (Thumb, 0 bytes, Stack size 0 bytes, startup_at32f403a_407.o(.text))
<BR>[Address Reference Count : 1]<UL><LI> startup_at32f403a_407.o(RESET)
</UL>
<P><STRONG><a name="[1c]"></a>DMA1_Channel6_IRQHandler</STRONG> (Thumb, 0 bytes, Stack size 0 bytes, startup_at32f403a_407.o(.text))
<BR>[Address Reference Count : 1]<UL><LI> startup_at32f403a_407.o(RESET)
</UL>
<P><STRONG><a name="[1d]"></a>DMA1_Channel7_IRQHandler</STRONG> (Thumb, 0 bytes, Stack size 0 bytes, startup_at32f403a_407.o(.text))
<BR>[Address Reference Count : 1]<UL><LI> startup_at32f403a_407.o(RESET)
</UL>
<P><STRONG><a name="[44]"></a>DMA2_Channel1_IRQHandler</STRONG> (Thumb, 0 bytes, Stack size 0 bytes, startup_at32f403a_407.o(.text))
<BR>[Address Reference Count : 1]<UL><LI> startup_at32f403a_407.o(RESET)
</UL>
<P><STRONG><a name="[45]"></a>DMA2_Channel2_IRQHandler</STRONG> (Thumb, 0 bytes, Stack size 0 bytes, startup_at32f403a_407.o(.text))
<BR>[Address Reference Count : 1]<UL><LI> startup_at32f403a_407.o(RESET)
</UL>
<P><STRONG><a name="[46]"></a>DMA2_Channel3_IRQHandler</STRONG> (Thumb, 0 bytes, Stack size 0 bytes, startup_at32f403a_407.o(.text))
<BR>[Address Reference Count : 1]<UL><LI> startup_at32f403a_407.o(RESET)
</UL>
<P><STRONG><a name="[47]"></a>DMA2_Channel4_5_IRQHandler</STRONG> (Thumb, 0 bytes, Stack size 0 bytes, startup_at32f403a_407.o(.text))
<BR>[Address Reference Count : 1]<UL><LI> startup_at32f403a_407.o(RESET)
</UL>
<P><STRONG><a name="[53]"></a>DMA2_Channel6_7_IRQHandler</STRONG> (Thumb, 0 bytes, Stack size 0 bytes, startup_at32f403a_407.o(.text))
<BR>[Address Reference Count : 1]<UL><LI> startup_at32f403a_407.o(RESET)
</UL>
<P><STRONG><a name="[57]"></a>EMAC_IRQHandler</STRONG> (Thumb, 0 bytes, Stack size 0 bytes, startup_at32f403a_407.o(.text))
<BR>[Address Reference Count : 1]<UL><LI> startup_at32f403a_407.o(RESET)
</UL>
<P><STRONG><a name="[58]"></a>EMAC_WKUP_IRQHandler</STRONG> (Thumb, 0 bytes, Stack size 0 bytes, startup_at32f403a_407.o(.text))
<BR>[Address Reference Count : 1]<UL><LI> startup_at32f403a_407.o(RESET)
</UL>
<P><STRONG><a name="[12]"></a>EXINT0_IRQHandler</STRONG> (Thumb, 0 bytes, Stack size 0 bytes, startup_at32f403a_407.o(.text))
<BR>[Address Reference Count : 1]<UL><LI> startup_at32f403a_407.o(RESET)
</UL>
<P><STRONG><a name="[34]"></a>EXINT15_10_IRQHandler</STRONG> (Thumb, 0 bytes, Stack size 0 bytes, startup_at32f403a_407.o(.text))
<BR>[Address Reference Count : 1]<UL><LI> startup_at32f403a_407.o(RESET)
</UL>
<P><STRONG><a name="[13]"></a>EXINT1_IRQHandler</STRONG> (Thumb, 0 bytes, Stack size 0 bytes, startup_at32f403a_407.o(.text))
<BR>[Address Reference Count : 1]<UL><LI> startup_at32f403a_407.o(RESET)
</UL>
<P><STRONG><a name="[14]"></a>EXINT2_IRQHandler</STRONG> (Thumb, 0 bytes, Stack size 0 bytes, startup_at32f403a_407.o(.text))
<BR>[Address Reference Count : 1]<UL><LI> startup_at32f403a_407.o(RESET)
</UL>
<P><STRONG><a name="[15]"></a>EXINT3_IRQHandler</STRONG> (Thumb, 0 bytes, Stack size 0 bytes, startup_at32f403a_407.o(.text))
<BR>[Address Reference Count : 1]<UL><LI> startup_at32f403a_407.o(RESET)
</UL>
<P><STRONG><a name="[16]"></a>EXINT4_IRQHandler</STRONG> (Thumb, 0 bytes, Stack size 0 bytes, startup_at32f403a_407.o(.text))
<BR>[Address Reference Count : 1]<UL><LI> startup_at32f403a_407.o(RESET)
</UL>
<P><STRONG><a name="[23]"></a>EXINT9_5_IRQHandler</STRONG> (Thumb, 0 bytes, Stack size 0 bytes, startup_at32f403a_407.o(.text))
<BR>[Address Reference Count : 1]<UL><LI> startup_at32f403a_407.o(RESET)
</UL>
<P><STRONG><a name="[10]"></a>FLASH_IRQHandler</STRONG> (Thumb, 0 bytes, Stack size 0 bytes, startup_at32f403a_407.o(.text))
<BR>[Address Reference Count : 1]<UL><LI> startup_at32f403a_407.o(RESET)
</UL>
<P><STRONG><a name="[2c]"></a>I2C1_ERR_IRQHandler</STRONG> (Thumb, 0 bytes, Stack size 0 bytes, startup_at32f403a_407.o(.text))
<BR>[Address Reference Count : 1]<UL><LI> startup_at32f403a_407.o(RESET)
</UL>
<P><STRONG><a name="[2b]"></a>I2C1_EVT_IRQHandler</STRONG> (Thumb, 0 bytes, Stack size 0 bytes, startup_at32f403a_407.o(.text))
<BR>[Address Reference Count : 1]<UL><LI> startup_at32f403a_407.o(RESET)
</UL>
<P><STRONG><a name="[2e]"></a>I2C2_ERR_IRQHandler</STRONG> (Thumb, 0 bytes, Stack size 0 bytes, startup_at32f403a_407.o(.text))
<BR>[Address Reference Count : 1]<UL><LI> startup_at32f403a_407.o(RESET)
</UL>
<P><STRONG><a name="[2d]"></a>I2C2_EVT_IRQHandler</STRONG> (Thumb, 0 bytes, Stack size 0 bytes, startup_at32f403a_407.o(.text))
<BR>[Address Reference Count : 1]<UL><LI> startup_at32f403a_407.o(RESET)
</UL>
<P><STRONG><a name="[4a]"></a>I2C3_ERR_IRQHandler</STRONG> (Thumb, 0 bytes, Stack size 0 bytes, startup_at32f403a_407.o(.text))
<BR>[Address Reference Count : 1]<UL><LI> startup_at32f403a_407.o(RESET)
</UL>
<P><STRONG><a name="[49]"></a>I2C3_EVT_IRQHandler</STRONG> (Thumb, 0 bytes, Stack size 0 bytes, startup_at32f403a_407.o(.text))
<BR>[Address Reference Count : 1]<UL><LI> startup_at32f403a_407.o(RESET)
</UL>
<P><STRONG><a name="[d]"></a>PVM_IRQHandler</STRONG> (Thumb, 0 bytes, Stack size 0 bytes, startup_at32f403a_407.o(.text))
<BR>[Address Reference Count : 1]<UL><LI> startup_at32f403a_407.o(RESET)
</UL>
<P><STRONG><a name="[35]"></a>RTCAlarm_IRQHandler</STRONG> (Thumb, 0 bytes, Stack size 0 bytes, startup_at32f403a_407.o(.text))
<BR>[Address Reference Count : 1]<UL><LI> startup_at32f403a_407.o(RESET)
</UL>
<P><STRONG><a name="[f]"></a>RTC_IRQHandler</STRONG> (Thumb, 0 bytes, Stack size 0 bytes, startup_at32f403a_407.o(.text))
<BR>[Address Reference Count : 1]<UL><LI> startup_at32f403a_407.o(RESET)
</UL>
<P><STRONG><a name="[3d]"></a>SDIO1_IRQHandler</STRONG> (Thumb, 0 bytes, Stack size 0 bytes, startup_at32f403a_407.o(.text))
<BR>[Address Reference Count : 1]<UL><LI> startup_at32f403a_407.o(RESET)
</UL>
<P><STRONG><a name="[48]"></a>SDIO2_IRQHandler</STRONG> (Thumb, 0 bytes, Stack size 0 bytes, startup_at32f403a_407.o(.text))
<BR>[Address Reference Count : 1]<UL><LI> startup_at32f403a_407.o(RESET)
</UL>
<P><STRONG><a name="[2f]"></a>SPI1_IRQHandler</STRONG> (Thumb, 0 bytes, Stack size 0 bytes, startup_at32f403a_407.o(.text))
<BR>[Address Reference Count : 1]<UL><LI> startup_at32f403a_407.o(RESET)
</UL>
<P><STRONG><a name="[30]"></a>SPI2_I2S2EXT_IRQHandler</STRONG> (Thumb, 0 bytes, Stack size 0 bytes, startup_at32f403a_407.o(.text))
<BR>[Address Reference Count : 1]<UL><LI> startup_at32f403a_407.o(RESET)
</UL>
<P><STRONG><a name="[3f]"></a>SPI3_I2S3EXT_IRQHandler</STRONG> (Thumb, 0 bytes, Stack size 0 bytes, startup_at32f403a_407.o(.text))
<BR>[Address Reference Count : 1]<UL><LI> startup_at32f403a_407.o(RESET)
</UL>
<P><STRONG><a name="[4b]"></a>SPI4_IRQHandler</STRONG> (Thumb, 0 bytes, Stack size 0 bytes, startup_at32f403a_407.o(.text))
<BR>[Address Reference Count : 1]<UL><LI> startup_at32f403a_407.o(RESET)
</UL>
<P><STRONG><a name="[e]"></a>TAMPER_IRQHandler</STRONG> (Thumb, 0 bytes, Stack size 0 bytes, startup_at32f403a_407.o(.text))
<BR>[Address Reference Count : 1]<UL><LI> startup_at32f403a_407.o(RESET)
</UL>
<P><STRONG><a name="[24]"></a>TMR1_BRK_TMR9_IRQHandler</STRONG> (Thumb, 0 bytes, Stack size 0 bytes, startup_at32f403a_407.o(.text))
<BR>[Address Reference Count : 1]<UL><LI> startup_at32f403a_407.o(RESET)
</UL>
<P><STRONG><a name="[27]"></a>TMR1_CH_IRQHandler</STRONG> (Thumb, 0 bytes, Stack size 0 bytes, startup_at32f403a_407.o(.text))
<BR>[Address Reference Count : 1]<UL><LI> startup_at32f403a_407.o(RESET)
</UL>
<P><STRONG><a name="[26]"></a>TMR1_TRG_HALL_TMR11_IRQHandler</STRONG> (Thumb, 0 bytes, Stack size 0 bytes, startup_at32f403a_407.o(.text))
<BR>[Address Reference Count : 1]<UL><LI> startup_at32f403a_407.o(RESET)
</UL>
<P><STRONG><a name="[28]"></a>TMR2_GLOBAL_IRQHandler</STRONG> (Thumb, 0 bytes, Stack size 0 bytes, startup_at32f403a_407.o(.text))
<BR>[Address Reference Count : 1]<UL><LI> startup_at32f403a_407.o(RESET)
</UL>
<P><STRONG><a name="[29]"></a>TMR3_GLOBAL_IRQHandler</STRONG> (Thumb, 0 bytes, Stack size 0 bytes, startup_at32f403a_407.o(.text))
<BR>[Address Reference Count : 1]<UL><LI> startup_at32f403a_407.o(RESET)
</UL>
<P><STRONG><a name="[2a]"></a>TMR4_GLOBAL_IRQHandler</STRONG> (Thumb, 0 bytes, Stack size 0 bytes, startup_at32f403a_407.o(.text))
<BR>[Address Reference Count : 1]<UL><LI> startup_at32f403a_407.o(RESET)
</UL>
<P><STRONG><a name="[3e]"></a>TMR5_GLOBAL_IRQHandler</STRONG> (Thumb, 0 bytes, Stack size 0 bytes, startup_at32f403a_407.o(.text))
<BR>[Address Reference Count : 1]<UL><LI> startup_at32f403a_407.o(RESET)
</UL>
<P><STRONG><a name="[42]"></a>TMR6_GLOBAL_IRQHandler</STRONG> (Thumb, 0 bytes, Stack size 0 bytes, startup_at32f403a_407.o(.text))
<BR>[Address Reference Count : 1]<UL><LI> startup_at32f403a_407.o(RESET)
</UL>
<P><STRONG><a name="[43]"></a>TMR7_GLOBAL_IRQHandler</STRONG> (Thumb, 0 bytes, Stack size 0 bytes, startup_at32f403a_407.o(.text))
<BR>[Address Reference Count : 1]<UL><LI> startup_at32f403a_407.o(RESET)
</UL>
<P><STRONG><a name="[37]"></a>TMR8_BRK_TMR12_IRQHandler</STRONG> (Thumb, 0 bytes, Stack size 0 bytes, startup_at32f403a_407.o(.text))
<BR>[Address Reference Count : 1]<UL><LI> startup_at32f403a_407.o(RESET)
</UL>
<P><STRONG><a name="[3a]"></a>TMR8_CH_IRQHandler</STRONG> (Thumb, 0 bytes, Stack size 0 bytes, startup_at32f403a_407.o(.text))
<BR>[Address Reference Count : 1]<UL><LI> startup_at32f403a_407.o(RESET)
</UL>
<P><STRONG><a name="[38]"></a>TMR8_OVF_TMR13_IRQHandler</STRONG> (Thumb, 0 bytes, Stack size 0 bytes, startup_at32f403a_407.o(.text))
<BR>[Address Reference Count : 1]<UL><LI> startup_at32f403a_407.o(RESET)
</UL>
<P><STRONG><a name="[39]"></a>TMR8_TRG_HALL_TMR14_IRQHandler</STRONG> (Thumb, 0 bytes, Stack size 0 bytes, startup_at32f403a_407.o(.text))
<BR>[Address Reference Count : 1]<UL><LI> startup_at32f403a_407.o(RESET)
</UL>
<P><STRONG><a name="[40]"></a>UART4_IRQHandler</STRONG> (Thumb, 0 bytes, Stack size 0 bytes, startup_at32f403a_407.o(.text))
<BR>[Address Reference Count : 1]<UL><LI> startup_at32f403a_407.o(RESET)
</UL>
<P><STRONG><a name="[41]"></a>UART5_IRQHandler</STRONG> (Thumb, 0 bytes, Stack size 0 bytes, startup_at32f403a_407.o(.text))
<BR>[Address Reference Count : 1]<UL><LI> startup_at32f403a_407.o(RESET)
</UL>
<P><STRONG><a name="[55]"></a>UART7_IRQHandler</STRONG> (Thumb, 0 bytes, Stack size 0 bytes, startup_at32f403a_407.o(.text))
<BR>[Address Reference Count : 1]<UL><LI> startup_at32f403a_407.o(RESET)
</UL>
<P><STRONG><a name="[56]"></a>UART8_IRQHandler</STRONG> (Thumb, 0 bytes, Stack size 0 bytes, startup_at32f403a_407.o(.text))
<BR>[Address Reference Count : 1]<UL><LI> startup_at32f403a_407.o(RESET)
</UL>
<P><STRONG><a name="[32]"></a>USART2_IRQHandler</STRONG> (Thumb, 0 bytes, Stack size 0 bytes, startup_at32f403a_407.o(.text))
<BR>[Address Reference Count : 1]<UL><LI> startup_at32f403a_407.o(RESET)
</UL>
<P><STRONG><a name="[33]"></a>USART3_IRQHandler</STRONG> (Thumb, 0 bytes, Stack size 0 bytes, startup_at32f403a_407.o(.text))
<BR>[Address Reference Count : 1]<UL><LI> startup_at32f403a_407.o(RESET)
</UL>
<P><STRONG><a name="[54]"></a>USART6_IRQHandler</STRONG> (Thumb, 0 bytes, Stack size 0 bytes, startup_at32f403a_407.o(.text))
<BR>[Address Reference Count : 1]<UL><LI> startup_at32f403a_407.o(RESET)
</UL>
<P><STRONG><a name="[36]"></a>USBFSWakeUp_IRQHandler</STRONG> (Thumb, 0 bytes, Stack size 0 bytes, startup_at32f403a_407.o(.text))
<BR>[Address Reference Count : 1]<UL><LI> startup_at32f403a_407.o(RESET)
</UL>
<P><STRONG><a name="[1f]"></a>USBFS_H_CAN1_TX_IRQHandler</STRONG> (Thumb, 0 bytes, Stack size 0 bytes, startup_at32f403a_407.o(.text))
<BR>[Address Reference Count : 1]<UL><LI> startup_at32f403a_407.o(RESET)
</UL>
<P><STRONG><a name="[20]"></a>USBFS_L_CAN1_RX0_IRQHandler</STRONG> (Thumb, 0 bytes, Stack size 0 bytes, startup_at32f403a_407.o(.text))
<BR>[Address Reference Count : 1]<UL><LI> startup_at32f403a_407.o(RESET)
</UL>
<P><STRONG><a name="[51]"></a>USBFS_MAPH_IRQHandler</STRONG> (Thumb, 0 bytes, Stack size 0 bytes, startup_at32f403a_407.o(.text))
<BR>[Address Reference Count : 1]<UL><LI> startup_at32f403a_407.o(RESET)
</UL>
<P><STRONG><a name="[52]"></a>USBFS_MAPL_IRQHandler</STRONG> (Thumb, 0 bytes, Stack size 0 bytes, startup_at32f403a_407.o(.text))
<BR>[Address Reference Count : 1]<UL><LI> startup_at32f403a_407.o(RESET)
</UL>
<P><STRONG><a name="[c]"></a>WWDT_IRQHandler</STRONG> (Thumb, 0 bytes, Stack size 0 bytes, startup_at32f403a_407.o(.text))
<BR>[Address Reference Count : 1]<UL><LI> startup_at32f403a_407.o(RESET)
</UL>
<P><STRONG><a name="[3c]"></a>XMC_IRQHandler</STRONG> (Thumb, 0 bytes, Stack size 0 bytes, startup_at32f403a_407.o(.text))
<BR>[Address Reference Count : 1]<UL><LI> startup_at32f403a_407.o(RESET)
</UL>
<P><STRONG><a name="[7c]"></a>__user_initial_stackheap</STRONG> (Thumb, 0 bytes, Stack size unknown bytes, startup_at32f403a_407.o(.text))
<BR><BR>[Called By]<UL><LI><a href="#[68]">&gt;&gt;</a>&nbsp;&nbsp;&nbsp;__user_setup_stackheap
</UL>

<P><STRONG><a name="[138]"></a>__use_no_semihosting</STRONG> (Thumb, 2 bytes, Stack size 0 bytes, use_no_semi_2.o(.text), UNUSED)

<P><STRONG><a name="[73]"></a>putchar</STRONG> (Thumb, 6 bytes, Stack size 0 bytes, putchar.o(.text))
<BR><BR>[Stack]<UL><LI>Max Depth = 16<LI>Call Chain = putchar &rArr; fputc
</UL>
<BR>[Calls]<UL><LI><a href="#[74]">&gt;&gt;</a>&nbsp;&nbsp;&nbsp;fputc
</UL>
<BR>[Called By]<UL><LI><a href="#[d5]">&gt;&gt;</a>&nbsp;&nbsp;&nbsp;printchar
</UL>

<P><STRONG><a name="[75]"></a>strtok</STRONG> (Thumb, 6 bytes, Stack size 0 bytes, strtok.o(.text))
<BR><BR>[Stack]<UL><LI>Max Depth = 36<LI>Call Chain = strtok &rArr; __strtok_internal &rArr; strspn
</UL>
<BR>[Calls]<UL><LI><a href="#[76]">&gt;&gt;</a>&nbsp;&nbsp;&nbsp;__strtok_internal
</UL>
<BR>[Called By]<UL><LI><a href="#[c1]">&gt;&gt;</a>&nbsp;&nbsp;&nbsp;esp8266_sub_getparms
</UL>

<P><STRONG><a name="[ca]"></a>strstr</STRONG> (Thumb, 36 bytes, Stack size 12 bytes, strstr.o(.text))
<BR><BR>[Stack]<UL><LI>Max Depth = 12<LI>Call Chain = strstr
</UL>
<BR>[Called By]<UL><LI><a href="#[c1]">&gt;&gt;</a>&nbsp;&nbsp;&nbsp;esp8266_sub_getparms
</UL>

<P><STRONG><a name="[c2]"></a>strcpy</STRONG> (Thumb, 72 bytes, Stack size 12 bytes, strcpy.o(.text))
<BR><BR>[Stack]<UL><LI>Max Depth = 12<LI>Call Chain = strcpy
</UL>
<BR>[Called By]<UL><LI><a href="#[a0]">&gt;&gt;</a>&nbsp;&nbsp;&nbsp;_DoInit
</UL>

<P><STRONG><a name="[c8]"></a>strlen</STRONG> (Thumb, 62 bytes, Stack size 8 bytes, strlen.o(.text))
<BR><BR>[Stack]<UL><LI>Max Depth = 8<LI>Call Chain = strlen
</UL>
<BR>[Called By]<UL><LI><a href="#[c6]">&gt;&gt;</a>&nbsp;&nbsp;&nbsp;esp8266_pub_data
<LI><a href="#[c1]">&gt;&gt;</a>&nbsp;&nbsp;&nbsp;esp8266_sub_getparms
</UL>

<P><STRONG><a name="[c9]"></a>strncmp</STRONG> (Thumb, 150 bytes, Stack size 16 bytes, strncmp.o(.text))
<BR><BR>[Stack]<UL><LI>Max Depth = 16<LI>Call Chain = strncmp
</UL>
<BR>[Called By]<UL><LI><a href="#[c1]">&gt;&gt;</a>&nbsp;&nbsp;&nbsp;esp8266_sub_getparms
</UL>

<P><STRONG><a name="[96]"></a>__aeabi_memcpy</STRONG> (Thumb, 0 bytes, Stack size 0 bytes, rt_memcpy_v6.o(.text))
<BR><BR>[Called By]<UL><LI><a href="#[a3]">&gt;&gt;</a>&nbsp;&nbsp;&nbsp;_WriteNoCheck
<LI><a href="#[a4]">&gt;&gt;</a>&nbsp;&nbsp;&nbsp;_WriteBlocking
<LI><a href="#[95]">&gt;&gt;</a>&nbsp;&nbsp;&nbsp;Esp8266_send_data
</UL>

<P><STRONG><a name="[77]"></a>__rt_memcpy</STRONG> (Thumb, 138 bytes, Stack size 0 bytes, rt_memcpy_v6.o(.text), UNUSED)
<BR><BR>[Calls]<UL><LI><a href="#[78]">&gt;&gt;</a>&nbsp;&nbsp;&nbsp;__aeabi_memcpy4
</UL>

<P><STRONG><a name="[139]"></a>_memcpy_lastbytes</STRONG> (Thumb, 0 bytes, Stack size unknown bytes, rt_memcpy_v6.o(.text), UNUSED)

<P><STRONG><a name="[b3]"></a>__aeabi_memclr4</STRONG> (Thumb, 0 bytes, Stack size 4 bytes, rt_memclr_w.o(.text))
<BR><BR>[Stack]<UL><LI>Max Depth = 4<LI>Call Chain = __aeabi_memclr4
</UL>
<BR>[Called By]<UL><LI><a href="#[ae]">&gt;&gt;</a>&nbsp;&nbsp;&nbsp;dwt_delay_init
<LI><a href="#[b1]">&gt;&gt;</a>&nbsp;&nbsp;&nbsp;TMR1_Init
</UL>

<P><STRONG><a name="[13a]"></a>__aeabi_memclr8</STRONG> (Thumb, 0 bytes, Stack size 4 bytes, rt_memclr_w.o(.text), UNUSED)

<P><STRONG><a name="[13b]"></a>__rt_memclr_w</STRONG> (Thumb, 78 bytes, Stack size 4 bytes, rt_memclr_w.o(.text), UNUSED)

<P><STRONG><a name="[13c]"></a>_memset_w</STRONG> (Thumb, 0 bytes, Stack size unknown bytes, rt_memclr_w.o(.text), UNUSED)

<P><STRONG><a name="[cb]"></a>strcmp</STRONG> (Thumb, 128 bytes, Stack size 0 bytes, strcmpv7m.o(.text))
<BR><BR>[Called By]<UL><LI><a href="#[c1]">&gt;&gt;</a>&nbsp;&nbsp;&nbsp;esp8266_sub_getparms
</UL>

<P><STRONG><a name="[13d]"></a>__use_two_region_memory</STRONG> (Thumb, 2 bytes, Stack size 0 bytes, heapauxi.o(.text), UNUSED)

<P><STRONG><a name="[13e]"></a>__rt_heap_escrow$2region</STRONG> (Thumb, 2 bytes, Stack size 0 bytes, heapauxi.o(.text), UNUSED)

<P><STRONG><a name="[13f]"></a>__rt_heap_expand$2region</STRONG> (Thumb, 2 bytes, Stack size 0 bytes, heapauxi.o(.text), UNUSED)

<P><STRONG><a name="[140]"></a>__I$use$semihosting</STRONG> (Thumb, 0 bytes, Stack size 0 bytes, use_no_semi.o(.text), UNUSED)

<P><STRONG><a name="[141]"></a>__use_no_semihosting_swi</STRONG> (Thumb, 2 bytes, Stack size 0 bytes, use_no_semi.o(.text), UNUSED)

<P><STRONG><a name="[76]"></a>__strtok_internal</STRONG> (Thumb, 64 bytes, Stack size 24 bytes, strtok_int.o(.text))
<BR><BR>[Stack]<UL><LI>Max Depth = 36<LI>Call Chain = __strtok_internal &rArr; strspn
</UL>
<BR>[Calls]<UL><LI><a href="#[79]">&gt;&gt;</a>&nbsp;&nbsp;&nbsp;strspn
<LI><a href="#[7a]">&gt;&gt;</a>&nbsp;&nbsp;&nbsp;strcspn
</UL>
<BR>[Called By]<UL><LI><a href="#[75]">&gt;&gt;</a>&nbsp;&nbsp;&nbsp;strtok
</UL>

<P><STRONG><a name="[78]"></a>__aeabi_memcpy4</STRONG> (Thumb, 0 bytes, Stack size 8 bytes, rt_memcpy_w.o(.text), UNUSED)
<BR><BR>[Called By]<UL><LI><a href="#[77]">&gt;&gt;</a>&nbsp;&nbsp;&nbsp;__rt_memcpy
</UL>

<P><STRONG><a name="[142]"></a>__aeabi_memcpy8</STRONG> (Thumb, 0 bytes, Stack size 8 bytes, rt_memcpy_w.o(.text), UNUSED)

<P><STRONG><a name="[143]"></a>__rt_memcpy_w</STRONG> (Thumb, 100 bytes, Stack size 8 bytes, rt_memcpy_w.o(.text), UNUSED)

<P><STRONG><a name="[144]"></a>_memcpy_lastbytes_aligned</STRONG> (Thumb, 0 bytes, Stack size unknown bytes, rt_memcpy_w.o(.text), UNUSED)

<P><STRONG><a name="[7a]"></a>strcspn</STRONG> (Thumb, 32 bytes, Stack size 12 bytes, strcspn.o(.text))
<BR><BR>[Stack]<UL><LI>Max Depth = 12<LI>Call Chain = strcspn
</UL>
<BR>[Called By]<UL><LI><a href="#[76]">&gt;&gt;</a>&nbsp;&nbsp;&nbsp;__strtok_internal
</UL>

<P><STRONG><a name="[79]"></a>strspn</STRONG> (Thumb, 28 bytes, Stack size 12 bytes, strspn.o(.text))
<BR><BR>[Stack]<UL><LI>Max Depth = 12<LI>Call Chain = strspn
</UL>
<BR>[Called By]<UL><LI><a href="#[76]">&gt;&gt;</a>&nbsp;&nbsp;&nbsp;__strtok_internal
</UL>

<P><STRONG><a name="[68]"></a>__user_setup_stackheap</STRONG> (Thumb, 74 bytes, Stack size 8 bytes, sys_stackheap_outer.o(.text))
<BR><BR>[Stack]<UL><LI>Max Depth = 8 + Unknown Stack Size
<LI>Call Chain = __user_setup_stackheap
</UL>
<BR>[Calls]<UL><LI><a href="#[7c]">&gt;&gt;</a>&nbsp;&nbsp;&nbsp;__user_initial_stackheap
<LI><a href="#[7b]">&gt;&gt;</a>&nbsp;&nbsp;&nbsp;__user_perproc_libspace
</UL>
<BR>[Called By]<UL><LI><a href="#[67]">&gt;&gt;</a>&nbsp;&nbsp;&nbsp;__rt_entry_sh
</UL>

<P><STRONG><a name="[6d]"></a>exit</STRONG> (Thumb, 18 bytes, Stack size 8 bytes, exit.o(.text))
<BR><BR>[Stack]<UL><LI>Max Depth = 8 + Unknown Stack Size
<LI>Call Chain = exit
</UL>
<BR>[Calls]<UL><LI><a href="#[7d]">&gt;&gt;</a>&nbsp;&nbsp;&nbsp;__rt_exit
</UL>
<BR>[Called By]<UL><LI><a href="#[6b]">&gt;&gt;</a>&nbsp;&nbsp;&nbsp;__rt_entry_main
</UL>

<P><STRONG><a name="[145]"></a>__user_libspace</STRONG> (Thumb, 8 bytes, Stack size 0 bytes, libspace.o(.text), UNUSED)

<P><STRONG><a name="[7b]"></a>__user_perproc_libspace</STRONG> (Thumb, 0 bytes, Stack size 0 bytes, libspace.o(.text))
<BR><BR>[Called By]<UL><LI><a href="#[68]">&gt;&gt;</a>&nbsp;&nbsp;&nbsp;__user_setup_stackheap
</UL>

<P><STRONG><a name="[146]"></a>__user_perthread_libspace</STRONG> (Thumb, 0 bytes, Stack size 0 bytes, libspace.o(.text), UNUSED)

<P><STRONG><a name="[9d]"></a>ADCSample</STRONG> (Thumb, 266 bytes, Stack size 0 bytes, ctlloop.o(i.ADCSample))
<BR><BR>[Called By]<UL><LI><a href="#[9e]">&gt;&gt;</a>&nbsp;&nbsp;&nbsp;LoopFaultCheck
<LI><a href="#[9c]">&gt;&gt;</a>&nbsp;&nbsp;&nbsp;LoopFaultBack
</UL>

<P><STRONG><a name="[7e]"></a>ADC_INIT</STRONG> (Thumb, 342 bytes, Stack size 40 bytes, adc.o(i.ADC_INIT))
<BR><BR>[Stack]<UL><LI>Max Depth = 60<LI>Call Chain = ADC_INIT &rArr; gpio_init
</UL>
<BR>[Calls]<UL><LI><a href="#[81]">&gt;&gt;</a>&nbsp;&nbsp;&nbsp;gpio_init
<LI><a href="#[80]">&gt;&gt;</a>&nbsp;&nbsp;&nbsp;gpio_default_para_init
<LI><a href="#[7f]">&gt;&gt;</a>&nbsp;&nbsp;&nbsp;crm_periph_clock_enable
<LI><a href="#[82]">&gt;&gt;</a>&nbsp;&nbsp;&nbsp;dma_reset
<LI><a href="#[84]">&gt;&gt;</a>&nbsp;&nbsp;&nbsp;dma_init
<LI><a href="#[83]">&gt;&gt;</a>&nbsp;&nbsp;&nbsp;dma_default_para_init
<LI><a href="#[85]">&gt;&gt;</a>&nbsp;&nbsp;&nbsp;dma_channel_enable
<LI><a href="#[86]">&gt;&gt;</a>&nbsp;&nbsp;&nbsp;crm_adc_clock_div_set
<LI><a href="#[8a]">&gt;&gt;</a>&nbsp;&nbsp;&nbsp;adc_ordinary_conversion_trigger_set
<LI><a href="#[8b]">&gt;&gt;</a>&nbsp;&nbsp;&nbsp;adc_ordinary_channel_set
<LI><a href="#[8d]">&gt;&gt;</a>&nbsp;&nbsp;&nbsp;adc_enable
<LI><a href="#[8c]">&gt;&gt;</a>&nbsp;&nbsp;&nbsp;adc_dma_mode_enable
<LI><a href="#[87]">&gt;&gt;</a>&nbsp;&nbsp;&nbsp;adc_combine_mode_select
<LI><a href="#[91]">&gt;&gt;</a>&nbsp;&nbsp;&nbsp;adc_calibration_status_get
<LI><a href="#[90]">&gt;&gt;</a>&nbsp;&nbsp;&nbsp;adc_calibration_start
<LI><a href="#[8f]">&gt;&gt;</a>&nbsp;&nbsp;&nbsp;adc_calibration_init_status_get
<LI><a href="#[8e]">&gt;&gt;</a>&nbsp;&nbsp;&nbsp;adc_calibration_init
<LI><a href="#[88]">&gt;&gt;</a>&nbsp;&nbsp;&nbsp;adc_base_default_para_init
<LI><a href="#[89]">&gt;&gt;</a>&nbsp;&nbsp;&nbsp;adc_base_config
</UL>
<BR>[Called By]<UL><LI><a href="#[ab]">&gt;&gt;</a>&nbsp;&nbsp;&nbsp;SetupHardware
</UL>

<P><STRONG><a name="[92]"></a>Buck_LoopControl</STRONG> (Thumb, 196 bytes, Stack size 8 bytes, ctlloop.o(i.Buck_LoopControl))
<BR><BR>[Stack]<UL><LI>Max Depth = 12<LI>Call Chain = Buck_LoopControl &rArr; increPid_cal
</UL>
<BR>[Calls]<UL><LI><a href="#[93]">&gt;&gt;</a>&nbsp;&nbsp;&nbsp;low_filter_calc
<LI><a href="#[94]">&gt;&gt;</a>&nbsp;&nbsp;&nbsp;increPid_cal
</UL>
<BR>[Called By]<UL><LI><a href="#[25]">&gt;&gt;</a>&nbsp;&nbsp;&nbsp;TMR1_OVF_TMR10_IRQHandler
</UL>

<P><STRONG><a name="[6]"></a>BusFault_Handler</STRONG> (Thumb, 4 bytes, Stack size 0 bytes, at32f403a_407_int.o(i.BusFault_Handler))
<BR>[Address Reference Count : 1]<UL><LI> startup_at32f403a_407.o(RESET)
</UL>
<P><STRONG><a name="[f3]"></a>ChargeStateCalc</STRONG> (Thumb, 524 bytes, Stack size 0 bytes, charge.o(i.ChargeStateCalc))
<BR><BR>[Called By]<UL><LI><a href="#[5f]">&gt;&gt;</a>&nbsp;&nbsp;&nbsp;sStateRun_task_function
</UL>

<P><STRONG><a name="[9]"></a>DebugMon_Handler</STRONG> (Thumb, 2 bytes, Stack size 0 bytes, at32f403a_407_int.o(i.DebugMon_Handler))
<BR>[Address Reference Count : 1]<UL><LI> startup_at32f403a_407.o(RESET)
</UL>
<P><STRONG><a name="[95]"></a>Esp8266_send_data</STRONG> (Thumb, 56 bytes, Stack size 16 bytes, esp8266.o(i.Esp8266_send_data))
<BR><BR>[Stack]<UL><LI>Max Depth = 16<LI>Call Chain = Esp8266_send_data
</UL>
<BR>[Calls]<UL><LI><a href="#[97]">&gt;&gt;</a>&nbsp;&nbsp;&nbsp;usart_flag_get
<LI><a href="#[98]">&gt;&gt;</a>&nbsp;&nbsp;&nbsp;dma_data_number_set
<LI><a href="#[85]">&gt;&gt;</a>&nbsp;&nbsp;&nbsp;dma_channel_enable
<LI><a href="#[96]">&gt;&gt;</a>&nbsp;&nbsp;&nbsp;__aeabi_memcpy
</UL>
<BR>[Called By]<UL><LI><a href="#[c6]">&gt;&gt;</a>&nbsp;&nbsp;&nbsp;esp8266_pub_data
</UL>

<P><STRONG><a name="[f0]"></a>ExcursionCheck</STRONG> (Thumb, 174 bytes, Stack size 0 bytes, ctlloop.o(i.ExcursionCheck))
<BR><BR>[Called By]<UL><LI><a href="#[5d]">&gt;&gt;</a>&nbsp;&nbsp;&nbsp;sStateInit_task_function
</UL>

<P><STRONG><a name="[4]"></a>HardFault_Handler</STRONG> (Thumb, 4 bytes, Stack size 0 bytes, at32f403a_407_int.o(i.HardFault_Handler))
<BR>[Address Reference Count : 1]<UL><LI> startup_at32f403a_407.o(RESET)
</UL>
<P><STRONG><a name="[99]"></a>Key_Scan</STRONG> (Thumb, 68 bytes, Stack size 8 bytes, at32f403a_407_board.o(i.Key_Scan))
<BR><BR>[Stack]<UL><LI>Max Depth = 8<LI>Call Chain = Key_Scan
</UL>
<BR>[Calls]<UL><LI><a href="#[9a]">&gt;&gt;</a>&nbsp;&nbsp;&nbsp;gpio_input_data_bit_read
<LI><a href="#[9b]">&gt;&gt;</a>&nbsp;&nbsp;&nbsp;dwt_delay_ms
</UL>
<BR>[Called By]<UL><LI><a href="#[5f]">&gt;&gt;</a>&nbsp;&nbsp;&nbsp;sStateRun_task_function
<LI><a href="#[5d]">&gt;&gt;</a>&nbsp;&nbsp;&nbsp;sStateInit_task_function
<LI><a href="#[5e]">&gt;&gt;</a>&nbsp;&nbsp;&nbsp;sStateFault_task_function
</UL>

<P><STRONG><a name="[9c]"></a>LoopFaultBack</STRONG> (Thumb, 80 bytes, Stack size 8 bytes, ctlloop.o(i.LoopFaultBack))
<BR><BR>[Stack]<UL><LI>Max Depth = 8<LI>Call Chain = LoopFaultBack
</UL>
<BR>[Calls]<UL><LI><a href="#[9d]">&gt;&gt;</a>&nbsp;&nbsp;&nbsp;ADCSample
</UL>
<BR>[Called By]<UL><LI><a href="#[5e]">&gt;&gt;</a>&nbsp;&nbsp;&nbsp;sStateFault_task_function
</UL>

<P><STRONG><a name="[9e]"></a>LoopFaultCheck</STRONG> (Thumb, 146 bytes, Stack size 8 bytes, ctlloop.o(i.LoopFaultCheck))
<BR><BR>[Stack]<UL><LI>Max Depth = 8<LI>Call Chain = LoopFaultCheck
</UL>
<BR>[Calls]<UL><LI><a href="#[9d]">&gt;&gt;</a>&nbsp;&nbsp;&nbsp;ADCSample
</UL>
<BR>[Called By]<UL><LI><a href="#[5f]">&gt;&gt;</a>&nbsp;&nbsp;&nbsp;sStateRun_task_function
<LI><a href="#[5d]">&gt;&gt;</a>&nbsp;&nbsp;&nbsp;sStateInit_task_function
</UL>

<P><STRONG><a name="[5]"></a>MemManage_Handler</STRONG> (Thumb, 4 bytes, Stack size 0 bytes, at32f403a_407_int.o(i.MemManage_Handler))
<BR>[Address Reference Count : 1]<UL><LI> startup_at32f403a_407.o(RESET)
</UL>
<P><STRONG><a name="[3]"></a>NMI_Handler</STRONG> (Thumb, 2 bytes, Stack size 0 bytes, at32f403a_407_int.o(i.NMI_Handler))
<BR>[Address Reference Count : 1]<UL><LI> startup_at32f403a_407.o(RESET)
</UL>
<P><STRONG><a name="[9f]"></a>SEGGER_RTT_Write</STRONG> (Thumb, 68 bytes, Stack size 24 bytes, segger_rtt.o(i.SEGGER_RTT_Write))
<BR><BR>[Stack]<UL><LI>Max Depth = 96<LI>Call Chain = SEGGER_RTT_Write &rArr; SEGGER_RTT_WriteNoLock &rArr; _WriteBlocking
</UL>
<BR>[Calls]<UL><LI><a href="#[a1]">&gt;&gt;</a>&nbsp;&nbsp;&nbsp;SEGGER_RTT_WriteNoLock
<LI><a href="#[a0]">&gt;&gt;</a>&nbsp;&nbsp;&nbsp;_DoInit
</UL>
<BR>[Called By]<UL><LI><a href="#[a6]">&gt;&gt;</a>&nbsp;&nbsp;&nbsp;SEGGER_RTT_vprintf
<LI><a href="#[a7]">&gt;&gt;</a>&nbsp;&nbsp;&nbsp;_StoreChar
</UL>

<P><STRONG><a name="[a1]"></a>SEGGER_RTT_WriteNoLock</STRONG> (Thumb, 126 bytes, Stack size 32 bytes, segger_rtt.o(i.SEGGER_RTT_WriteNoLock))
<BR><BR>[Stack]<UL><LI>Max Depth = 72<LI>Call Chain = SEGGER_RTT_WriteNoLock &rArr; _WriteBlocking
</UL>
<BR>[Calls]<UL><LI><a href="#[a3]">&gt;&gt;</a>&nbsp;&nbsp;&nbsp;_WriteNoCheck
<LI><a href="#[a4]">&gt;&gt;</a>&nbsp;&nbsp;&nbsp;_WriteBlocking
<LI><a href="#[a2]">&gt;&gt;</a>&nbsp;&nbsp;&nbsp;_GetAvailWriteSpace
</UL>
<BR>[Called By]<UL><LI><a href="#[9f]">&gt;&gt;</a>&nbsp;&nbsp;&nbsp;SEGGER_RTT_Write
</UL>

<P><STRONG><a name="[a5]"></a>SEGGER_RTT_printf</STRONG> (Thumb, 34 bytes, Stack size 32 bytes, segger_rtt_printf.o(i.SEGGER_RTT_printf))
<BR><BR>[Stack]<UL><LI>Max Depth = 384<LI>Call Chain = SEGGER_RTT_printf &rArr; SEGGER_RTT_vprintf &rArr; _PrintInt &rArr; _PrintUnsigned &rArr; _StoreChar &rArr; SEGGER_RTT_Write &rArr; SEGGER_RTT_WriteNoLock &rArr; _WriteBlocking
</UL>
<BR>[Calls]<UL><LI><a href="#[a6]">&gt;&gt;</a>&nbsp;&nbsp;&nbsp;SEGGER_RTT_vprintf
</UL>
<BR>[Called By]<UL><LI><a href="#[5f]">&gt;&gt;</a>&nbsp;&nbsp;&nbsp;sStateRun_task_function
</UL>

<P><STRONG><a name="[a6]"></a>SEGGER_RTT_vprintf</STRONG> (Thumb, 676 bytes, Stack size 144 bytes, segger_rtt_printf.o(i.SEGGER_RTT_vprintf))
<BR><BR>[Stack]<UL><LI>Max Depth = 352<LI>Call Chain = SEGGER_RTT_vprintf &rArr; _PrintInt &rArr; _PrintUnsigned &rArr; _StoreChar &rArr; SEGGER_RTT_Write &rArr; SEGGER_RTT_WriteNoLock &rArr; _WriteBlocking
</UL>
<BR>[Calls]<UL><LI><a href="#[a7]">&gt;&gt;</a>&nbsp;&nbsp;&nbsp;_StoreChar
<LI><a href="#[a9]">&gt;&gt;</a>&nbsp;&nbsp;&nbsp;_PrintUnsigned
<LI><a href="#[a8]">&gt;&gt;</a>&nbsp;&nbsp;&nbsp;_PrintInt
<LI><a href="#[9f]">&gt;&gt;</a>&nbsp;&nbsp;&nbsp;SEGGER_RTT_Write
<LI><a href="#[aa]">&gt;&gt;</a>&nbsp;&nbsp;&nbsp;__aeabi_d2f
</UL>
<BR>[Called By]<UL><LI><a href="#[a5]">&gt;&gt;</a>&nbsp;&nbsp;&nbsp;SEGGER_RTT_printf
</UL>

<P><STRONG><a name="[ab]"></a>SetupHardware</STRONG> (Thumb, 34 bytes, Stack size 8 bytes, main.o(i.SetupHardware))
<BR><BR>[Stack]<UL><LI>Max Depth = 96<LI>Call Chain = SetupHardware &rArr; TMR1_Init &rArr; nvic_irq_enable
</UL>
<BR>[Calls]<UL><LI><a href="#[ac]">&gt;&gt;</a>&nbsp;&nbsp;&nbsp;nvic_priority_group_config
<LI><a href="#[ae]">&gt;&gt;</a>&nbsp;&nbsp;&nbsp;dwt_delay_init
<LI><a href="#[af]">&gt;&gt;</a>&nbsp;&nbsp;&nbsp;at32_led_init
<LI><a href="#[b0]">&gt;&gt;</a>&nbsp;&nbsp;&nbsp;at32_key_init
<LI><a href="#[b1]">&gt;&gt;</a>&nbsp;&nbsp;&nbsp;TMR1_Init
<LI><a href="#[7e]">&gt;&gt;</a>&nbsp;&nbsp;&nbsp;ADC_INIT
<LI><a href="#[ad]">&gt;&gt;</a>&nbsp;&nbsp;&nbsp;system_clock_config
</UL>
<BR>[Called By]<UL><LI><a href="#[6c]">&gt;&gt;</a>&nbsp;&nbsp;&nbsp;main
</UL>

<P><STRONG><a name="[b]"></a>SysTick_Handler</STRONG> (Thumb, 46 bytes, Stack size 8 bytes, include_port.o(i.SysTick_Handler))
<BR><BR>[Stack]<UL><LI>Max Depth = 32<LI>Call Chain = SysTick_Handler &rArr; xTaskIncrementTick
</UL>
<BR>[Calls]<UL><LI><a href="#[b2]">&gt;&gt;</a>&nbsp;&nbsp;&nbsp;xTaskIncrementTick
</UL>
<BR>[Address Reference Count : 1]<UL><LI> startup_at32f403a_407.o(RESET)
</UL>
<P><STRONG><a name="[59]"></a>SystemInit</STRONG> (Thumb, 100 bytes, Stack size 0 bytes, system_at32f403a_407.o(i.SystemInit))
<BR>[Address Reference Count : 1]<UL><LI> startup_at32f403a_407.o(.text)
</UL>
<P><STRONG><a name="[b1]"></a>TMR1_Init</STRONG> (Thumb, 304 bytes, Stack size 56 bytes, timer.o(i.TMR1_Init))
<BR><BR>[Stack]<UL><LI>Max Depth = 88<LI>Call Chain = TMR1_Init &rArr; nvic_irq_enable
</UL>
<BR>[Calls]<UL><LI><a href="#[bc]">&gt;&gt;</a>&nbsp;&nbsp;&nbsp;tmr_output_enable
<LI><a href="#[b7]">&gt;&gt;</a>&nbsp;&nbsp;&nbsp;tmr_output_default_para_init
<LI><a href="#[b8]">&gt;&gt;</a>&nbsp;&nbsp;&nbsp;tmr_output_channel_config
<LI><a href="#[bd]">&gt;&gt;</a>&nbsp;&nbsp;&nbsp;tmr_counter_enable
<LI><a href="#[b6]">&gt;&gt;</a>&nbsp;&nbsp;&nbsp;tmr_cnt_dir_set
<LI><a href="#[b9]">&gt;&gt;</a>&nbsp;&nbsp;&nbsp;tmr_channel_value_set
<LI><a href="#[b5]">&gt;&gt;</a>&nbsp;&nbsp;&nbsp;tmr_base_init
<LI><a href="#[bb]">&gt;&gt;</a>&nbsp;&nbsp;&nbsp;nvic_irq_enable
<LI><a href="#[81]">&gt;&gt;</a>&nbsp;&nbsp;&nbsp;gpio_init
<LI><a href="#[7f]">&gt;&gt;</a>&nbsp;&nbsp;&nbsp;crm_periph_clock_enable
<LI><a href="#[b4]">&gt;&gt;</a>&nbsp;&nbsp;&nbsp;crm_clocks_freq_get
<LI><a href="#[ba]">&gt;&gt;</a>&nbsp;&nbsp;&nbsp;tmr_interrupt_enable
<LI><a href="#[b3]">&gt;&gt;</a>&nbsp;&nbsp;&nbsp;__aeabi_memclr4
</UL>
<BR>[Called By]<UL><LI><a href="#[ab]">&gt;&gt;</a>&nbsp;&nbsp;&nbsp;SetupHardware
</UL>

<P><STRONG><a name="[25]"></a>TMR1_OVF_TMR10_IRQHandler</STRONG> (Thumb, 28 bytes, Stack size 8 bytes, timer.o(i.TMR1_OVF_TMR10_IRQHandler))
<BR><BR>[Stack]<UL><LI>Max Depth = 20<LI>Call Chain = TMR1_OVF_TMR10_IRQHandler &rArr; Buck_LoopControl &rArr; increPid_cal
</UL>
<BR>[Calls]<UL><LI><a href="#[be]">&gt;&gt;</a>&nbsp;&nbsp;&nbsp;tmr_flag_get
<LI><a href="#[bf]">&gt;&gt;</a>&nbsp;&nbsp;&nbsp;tmr_flag_clear
<LI><a href="#[92]">&gt;&gt;</a>&nbsp;&nbsp;&nbsp;Buck_LoopControl
</UL>
<BR>[Address Reference Count : 1]<UL><LI> startup_at32f403a_407.o(RESET)
</UL>
<P><STRONG><a name="[31]"></a>USART1_IRQHandler</STRONG> (Thumb, 86 bytes, Stack size 8 bytes, esp8266.o(i.USART1_IRQHandler))
<BR><BR>[Stack]<UL><LI>Max Depth = 256<LI>Call Chain = USART1_IRQHandler &rArr; esp8266_sub_getparms &rArr; esp8266_pub_data &rArr; tiny_sprintf &rArr; print &rArr; printi &rArr; prints &rArr; printchar &rArr; putchar &rArr; fputc
</UL>
<BR>[Calls]<UL><LI><a href="#[97]">&gt;&gt;</a>&nbsp;&nbsp;&nbsp;usart_flag_get
<LI><a href="#[c0]">&gt;&gt;</a>&nbsp;&nbsp;&nbsp;usart_data_receive
<LI><a href="#[c1]">&gt;&gt;</a>&nbsp;&nbsp;&nbsp;esp8266_sub_getparms
</UL>
<BR>[Address Reference Count : 1]<UL><LI> startup_at32f403a_407.o(RESET)
</UL>
<P><STRONG><a name="[7]"></a>UsageFault_Handler</STRONG> (Thumb, 4 bytes, Stack size 0 bytes, at32f403a_407_int.o(i.UsageFault_Handler))
<BR>[Address Reference Count : 1]<UL><LI> startup_at32f403a_407.o(RESET)
</UL>
<P><STRONG><a name="[71]"></a>_sys_exit</STRONG> (Thumb, 4 bytes, Stack size 0 bytes, at32f403a_407_board.o(i._sys_exit))
<BR><BR>[Called By]<UL><LI><a href="#[70]">&gt;&gt;</a>&nbsp;&nbsp;&nbsp;__rt_exit_exit
</UL>

<P><STRONG><a name="[89]"></a>adc_base_config</STRONG> (Thumb, 44 bytes, Stack size 0 bytes, at32f403a_407_adc.o(i.adc_base_config))
<BR><BR>[Called By]<UL><LI><a href="#[7e]">&gt;&gt;</a>&nbsp;&nbsp;&nbsp;ADC_INIT
</UL>

<P><STRONG><a name="[88]"></a>adc_base_default_para_init</STRONG> (Thumb, 14 bytes, Stack size 0 bytes, at32f403a_407_adc.o(i.adc_base_default_para_init))
<BR><BR>[Called By]<UL><LI><a href="#[7e]">&gt;&gt;</a>&nbsp;&nbsp;&nbsp;ADC_INIT
</UL>

<P><STRONG><a name="[8e]"></a>adc_calibration_init</STRONG> (Thumb, 12 bytes, Stack size 0 bytes, at32f403a_407_adc.o(i.adc_calibration_init))
<BR><BR>[Called By]<UL><LI><a href="#[7e]">&gt;&gt;</a>&nbsp;&nbsp;&nbsp;ADC_INIT
</UL>

<P><STRONG><a name="[8f]"></a>adc_calibration_init_status_get</STRONG> (Thumb, 18 bytes, Stack size 0 bytes, at32f403a_407_adc.o(i.adc_calibration_init_status_get))
<BR><BR>[Called By]<UL><LI><a href="#[7e]">&gt;&gt;</a>&nbsp;&nbsp;&nbsp;ADC_INIT
</UL>

<P><STRONG><a name="[90]"></a>adc_calibration_start</STRONG> (Thumb, 12 bytes, Stack size 0 bytes, at32f403a_407_adc.o(i.adc_calibration_start))
<BR><BR>[Called By]<UL><LI><a href="#[7e]">&gt;&gt;</a>&nbsp;&nbsp;&nbsp;ADC_INIT
</UL>

<P><STRONG><a name="[91]"></a>adc_calibration_status_get</STRONG> (Thumb, 18 bytes, Stack size 0 bytes, at32f403a_407_adc.o(i.adc_calibration_status_get))
<BR><BR>[Called By]<UL><LI><a href="#[7e]">&gt;&gt;</a>&nbsp;&nbsp;&nbsp;ADC_INIT
</UL>

<P><STRONG><a name="[87]"></a>adc_combine_mode_select</STRONG> (Thumb, 14 bytes, Stack size 0 bytes, at32f403a_407_adc.o(i.adc_combine_mode_select))
<BR><BR>[Called By]<UL><LI><a href="#[7e]">&gt;&gt;</a>&nbsp;&nbsp;&nbsp;ADC_INIT
</UL>

<P><STRONG><a name="[8c]"></a>adc_dma_mode_enable</STRONG> (Thumb, 10 bytes, Stack size 0 bytes, at32f403a_407_adc.o(i.adc_dma_mode_enable))
<BR><BR>[Called By]<UL><LI><a href="#[7e]">&gt;&gt;</a>&nbsp;&nbsp;&nbsp;ADC_INIT
</UL>

<P><STRONG><a name="[8d]"></a>adc_enable</STRONG> (Thumb, 10 bytes, Stack size 0 bytes, at32f403a_407_adc.o(i.adc_enable))
<BR><BR>[Called By]<UL><LI><a href="#[7e]">&gt;&gt;</a>&nbsp;&nbsp;&nbsp;ADC_INIT
</UL>

<P><STRONG><a name="[8b]"></a>adc_ordinary_channel_set</STRONG> (Thumb, 168 bytes, Stack size 16 bytes, at32f403a_407_adc.o(i.adc_ordinary_channel_set))
<BR><BR>[Stack]<UL><LI>Max Depth = 16<LI>Call Chain = adc_ordinary_channel_set
</UL>
<BR>[Called By]<UL><LI><a href="#[7e]">&gt;&gt;</a>&nbsp;&nbsp;&nbsp;ADC_INIT
</UL>

<P><STRONG><a name="[8a]"></a>adc_ordinary_conversion_trigger_set</STRONG> (Thumb, 52 bytes, Stack size 0 bytes, at32f403a_407_adc.o(i.adc_ordinary_conversion_trigger_set))
<BR><BR>[Called By]<UL><LI><a href="#[7e]">&gt;&gt;</a>&nbsp;&nbsp;&nbsp;ADC_INIT
</UL>

<P><STRONG><a name="[b0]"></a>at32_key_init</STRONG> (Thumb, 44 bytes, Stack size 16 bytes, at32f403a_407_board.o(i.at32_key_init))
<BR><BR>[Stack]<UL><LI>Max Depth = 36<LI>Call Chain = at32_key_init &rArr; gpio_init
</UL>
<BR>[Calls]<UL><LI><a href="#[81]">&gt;&gt;</a>&nbsp;&nbsp;&nbsp;gpio_init
<LI><a href="#[80]">&gt;&gt;</a>&nbsp;&nbsp;&nbsp;gpio_default_para_init
<LI><a href="#[7f]">&gt;&gt;</a>&nbsp;&nbsp;&nbsp;crm_periph_clock_enable
</UL>
<BR>[Called By]<UL><LI><a href="#[ab]">&gt;&gt;</a>&nbsp;&nbsp;&nbsp;SetupHardware
</UL>

<P><STRONG><a name="[af]"></a>at32_led_init</STRONG> (Thumb, 66 bytes, Stack size 16 bytes, at32f403a_407_board.o(i.at32_led_init))
<BR><BR>[Stack]<UL><LI>Max Depth = 36<LI>Call Chain = at32_led_init &rArr; gpio_init
</UL>
<BR>[Calls]<UL><LI><a href="#[81]">&gt;&gt;</a>&nbsp;&nbsp;&nbsp;gpio_init
<LI><a href="#[80]">&gt;&gt;</a>&nbsp;&nbsp;&nbsp;gpio_default_para_init
<LI><a href="#[7f]">&gt;&gt;</a>&nbsp;&nbsp;&nbsp;crm_periph_clock_enable
</UL>
<BR>[Called By]<UL><LI><a href="#[ab]">&gt;&gt;</a>&nbsp;&nbsp;&nbsp;SetupHardware
</UL>

<P><STRONG><a name="[ec]"></a>at32_led_off</STRONG> (Thumb, 30 bytes, Stack size 0 bytes, at32f403a_407_board.o(i.at32_led_off))
<BR><BR>[Called By]<UL><LI><a href="#[5f]">&gt;&gt;</a>&nbsp;&nbsp;&nbsp;sStateRun_task_function
<LI><a href="#[5e]">&gt;&gt;</a>&nbsp;&nbsp;&nbsp;sStateFault_task_function
</UL>

<P><STRONG><a name="[eb]"></a>at32_led_on</STRONG> (Thumb, 30 bytes, Stack size 0 bytes, at32f403a_407_board.o(i.at32_led_on))
<BR><BR>[Called By]<UL><LI><a href="#[5f]">&gt;&gt;</a>&nbsp;&nbsp;&nbsp;sStateRun_task_function
<LI><a href="#[5e]">&gt;&gt;</a>&nbsp;&nbsp;&nbsp;sStateFault_task_function
</UL>

<P><STRONG><a name="[86]"></a>crm_adc_clock_div_set</STRONG> (Thumb, 28 bytes, Stack size 0 bytes, at32f403a_407_crm.o(i.crm_adc_clock_div_set))
<BR><BR>[Called By]<UL><LI><a href="#[7e]">&gt;&gt;</a>&nbsp;&nbsp;&nbsp;ADC_INIT
</UL>

<P><STRONG><a name="[fd]"></a>crm_ahb_div_set</STRONG> (Thumb, 14 bytes, Stack size 0 bytes, at32f403a_407_crm.o(i.crm_ahb_div_set))
<BR><BR>[Called By]<UL><LI><a href="#[ad]">&gt;&gt;</a>&nbsp;&nbsp;&nbsp;system_clock_config
</UL>

<P><STRONG><a name="[ff]"></a>crm_apb1_div_set</STRONG> (Thumb, 14 bytes, Stack size 0 bytes, at32f403a_407_crm.o(i.crm_apb1_div_set))
<BR><BR>[Called By]<UL><LI><a href="#[ad]">&gt;&gt;</a>&nbsp;&nbsp;&nbsp;system_clock_config
</UL>

<P><STRONG><a name="[fe]"></a>crm_apb2_div_set</STRONG> (Thumb, 14 bytes, Stack size 0 bytes, at32f403a_407_crm.o(i.crm_apb2_div_set))
<BR><BR>[Called By]<UL><LI><a href="#[ad]">&gt;&gt;</a>&nbsp;&nbsp;&nbsp;system_clock_config
</UL>

<P><STRONG><a name="[100]"></a>crm_auto_step_mode_enable</STRONG> (Thumb, 34 bytes, Stack size 0 bytes, at32f403a_407_crm.o(i.crm_auto_step_mode_enable))
<BR><BR>[Called By]<UL><LI><a href="#[ad]">&gt;&gt;</a>&nbsp;&nbsp;&nbsp;system_clock_config
</UL>

<P><STRONG><a name="[fa]"></a>crm_clock_source_enable</STRONG> (Thumb, 90 bytes, Stack size 0 bytes, at32f403a_407_crm.o(i.crm_clock_source_enable))
<BR><BR>[Called By]<UL><LI><a href="#[ad]">&gt;&gt;</a>&nbsp;&nbsp;&nbsp;system_clock_config
</UL>

<P><STRONG><a name="[b4]"></a>crm_clocks_freq_get</STRONG> (Thumb, 268 bytes, Stack size 24 bytes, at32f403a_407_crm.o(i.crm_clocks_freq_get))
<BR><BR>[Stack]<UL><LI>Max Depth = 24<LI>Call Chain = crm_clocks_freq_get
</UL>
<BR>[Calls]<UL><LI><a href="#[c3]">&gt;&gt;</a>&nbsp;&nbsp;&nbsp;crm_sysclk_switch_status_get
</UL>
<BR>[Called By]<UL><LI><a href="#[ae]">&gt;&gt;</a>&nbsp;&nbsp;&nbsp;dwt_delay_init
<LI><a href="#[b1]">&gt;&gt;</a>&nbsp;&nbsp;&nbsp;TMR1_Init
</UL>

<P><STRONG><a name="[c5]"></a>crm_flag_get</STRONG> (Thumb, 42 bytes, Stack size 8 bytes, at32f403a_407_crm.o(i.crm_flag_get))
<BR><BR>[Stack]<UL><LI>Max Depth = 8<LI>Call Chain = crm_flag_get
</UL>
<BR>[Called By]<UL><LI><a href="#[c4]">&gt;&gt;</a>&nbsp;&nbsp;&nbsp;crm_hext_stable_wait
<LI><a href="#[ad]">&gt;&gt;</a>&nbsp;&nbsp;&nbsp;system_clock_config
</UL>

<P><STRONG><a name="[fc]"></a>crm_hext_clock_div_set</STRONG> (Thumb, 14 bytes, Stack size 0 bytes, at32f403a_407_crm.o(i.crm_hext_clock_div_set))
<BR><BR>[Called By]<UL><LI><a href="#[ad]">&gt;&gt;</a>&nbsp;&nbsp;&nbsp;system_clock_config
</UL>

<P><STRONG><a name="[c4]"></a>crm_hext_stable_wait</STRONG> (Thumb, 46 bytes, Stack size 12 bytes, at32f403a_407_crm.o(i.crm_hext_stable_wait))
<BR><BR>[Stack]<UL><LI>Max Depth = 20<LI>Call Chain = crm_hext_stable_wait &rArr; crm_flag_get
</UL>
<BR>[Calls]<UL><LI><a href="#[c5]">&gt;&gt;</a>&nbsp;&nbsp;&nbsp;crm_flag_get
</UL>
<BR>[Called By]<UL><LI><a href="#[ad]">&gt;&gt;</a>&nbsp;&nbsp;&nbsp;system_clock_config
</UL>

<P><STRONG><a name="[7f]"></a>crm_periph_clock_enable</STRONG> (Thumb, 62 bytes, Stack size 8 bytes, at32f403a_407_crm.o(i.crm_periph_clock_enable))
<BR><BR>[Stack]<UL><LI>Max Depth = 8<LI>Call Chain = crm_periph_clock_enable
</UL>
<BR>[Called By]<UL><LI><a href="#[af]">&gt;&gt;</a>&nbsp;&nbsp;&nbsp;at32_led_init
<LI><a href="#[b0]">&gt;&gt;</a>&nbsp;&nbsp;&nbsp;at32_key_init
<LI><a href="#[b1]">&gt;&gt;</a>&nbsp;&nbsp;&nbsp;TMR1_Init
<LI><a href="#[7e]">&gt;&gt;</a>&nbsp;&nbsp;&nbsp;ADC_INIT
</UL>

<P><STRONG><a name="[fb]"></a>crm_pll_config</STRONG> (Thumb, 118 bytes, Stack size 8 bytes, at32f403a_407_crm.o(i.crm_pll_config))
<BR><BR>[Stack]<UL><LI>Max Depth = 8<LI>Call Chain = crm_pll_config
</UL>
<BR>[Called By]<UL><LI><a href="#[ad]">&gt;&gt;</a>&nbsp;&nbsp;&nbsp;system_clock_config
</UL>

<P><STRONG><a name="[f9]"></a>crm_reset</STRONG> (Thumb, 80 bytes, Stack size 0 bytes, at32f403a_407_crm.o(i.crm_reset))
<BR><BR>[Called By]<UL><LI><a href="#[ad]">&gt;&gt;</a>&nbsp;&nbsp;&nbsp;system_clock_config
</UL>

<P><STRONG><a name="[101]"></a>crm_sysclk_switch</STRONG> (Thumb, 54 bytes, Stack size 0 bytes, at32f403a_407_crm.o(i.crm_sysclk_switch))
<BR><BR>[Called By]<UL><LI><a href="#[ad]">&gt;&gt;</a>&nbsp;&nbsp;&nbsp;system_clock_config
</UL>

<P><STRONG><a name="[c3]"></a>crm_sysclk_switch_status_get</STRONG> (Thumb, 10 bytes, Stack size 0 bytes, at32f403a_407_crm.o(i.crm_sysclk_switch_status_get))
<BR><BR>[Called By]<UL><LI><a href="#[b4]">&gt;&gt;</a>&nbsp;&nbsp;&nbsp;crm_clocks_freq_get
<LI><a href="#[102]">&gt;&gt;</a>&nbsp;&nbsp;&nbsp;system_core_clock_update
<LI><a href="#[ad]">&gt;&gt;</a>&nbsp;&nbsp;&nbsp;system_clock_config
</UL>

<P><STRONG><a name="[85]"></a>dma_channel_enable</STRONG> (Thumb, 10 bytes, Stack size 0 bytes, at32f403a_407_dma.o(i.dma_channel_enable))
<BR><BR>[Called By]<UL><LI><a href="#[7e]">&gt;&gt;</a>&nbsp;&nbsp;&nbsp;ADC_INIT
<LI><a href="#[95]">&gt;&gt;</a>&nbsp;&nbsp;&nbsp;Esp8266_send_data
</UL>

<P><STRONG><a name="[98]"></a>dma_data_number_set</STRONG> (Thumb, 4 bytes, Stack size 0 bytes, at32f403a_407_dma.o(i.dma_data_number_set))
<BR><BR>[Called By]<UL><LI><a href="#[95]">&gt;&gt;</a>&nbsp;&nbsp;&nbsp;Esp8266_send_data
</UL>

<P><STRONG><a name="[83]"></a>dma_default_para_init</STRONG> (Thumb, 24 bytes, Stack size 0 bytes, at32f403a_407_dma.o(i.dma_default_para_init))
<BR><BR>[Called By]<UL><LI><a href="#[7e]">&gt;&gt;</a>&nbsp;&nbsp;&nbsp;ADC_INIT
</UL>

<P><STRONG><a name="[84]"></a>dma_init</STRONG> (Thumb, 92 bytes, Stack size 0 bytes, at32f403a_407_dma.o(i.dma_init))
<BR><BR>[Called By]<UL><LI><a href="#[7e]">&gt;&gt;</a>&nbsp;&nbsp;&nbsp;ADC_INIT
</UL>

<P><STRONG><a name="[82]"></a>dma_reset</STRONG> (Thumb, 102 bytes, Stack size 0 bytes, at32f403a_407_dma.o(i.dma_reset))
<BR><BR>[Called By]<UL><LI><a href="#[7e]">&gt;&gt;</a>&nbsp;&nbsp;&nbsp;ADC_INIT
</UL>

<P><STRONG><a name="[ae]"></a>dwt_delay_init</STRONG> (Thumb, 48 bytes, Stack size 24 bytes, at32f403a_407_board.o(i.dwt_delay_init))
<BR><BR>[Stack]<UL><LI>Max Depth = 48<LI>Call Chain = dwt_delay_init &rArr; crm_clocks_freq_get
</UL>
<BR>[Calls]<UL><LI><a href="#[b4]">&gt;&gt;</a>&nbsp;&nbsp;&nbsp;crm_clocks_freq_get
<LI><a href="#[b3]">&gt;&gt;</a>&nbsp;&nbsp;&nbsp;__aeabi_memclr4
</UL>
<BR>[Called By]<UL><LI><a href="#[ab]">&gt;&gt;</a>&nbsp;&nbsp;&nbsp;SetupHardware
</UL>

<P><STRONG><a name="[9b]"></a>dwt_delay_ms</STRONG> (Thumb, 80 bytes, Stack size 0 bytes, at32f403a_407_board.o(i.dwt_delay_ms))
<BR><BR>[Called By]<UL><LI><a href="#[99]">&gt;&gt;</a>&nbsp;&nbsp;&nbsp;Key_Scan
</UL>

<P><STRONG><a name="[c6]"></a>esp8266_pub_data</STRONG> (Thumb, 42 bytes, Stack size 16 bytes, esp8266.o(i.esp8266_pub_data))
<BR><BR>[Stack]<UL><LI>Max Depth = 232<LI>Call Chain = esp8266_pub_data &rArr; tiny_sprintf &rArr; print &rArr; printi &rArr; prints &rArr; printchar &rArr; putchar &rArr; fputc
</UL>
<BR>[Calls]<UL><LI><a href="#[c7]">&gt;&gt;</a>&nbsp;&nbsp;&nbsp;tiny_sprintf
<LI><a href="#[95]">&gt;&gt;</a>&nbsp;&nbsp;&nbsp;Esp8266_send_data
<LI><a href="#[c8]">&gt;&gt;</a>&nbsp;&nbsp;&nbsp;strlen
</UL>
<BR>[Called By]<UL><LI><a href="#[c1]">&gt;&gt;</a>&nbsp;&nbsp;&nbsp;esp8266_sub_getparms
</UL>

<P><STRONG><a name="[c1]"></a>esp8266_sub_getparms</STRONG> (Thumb, 410 bytes, Stack size 16 bytes, esp8266.o(i.esp8266_sub_getparms))
<BR><BR>[Stack]<UL><LI>Max Depth = 248<LI>Call Chain = esp8266_sub_getparms &rArr; esp8266_pub_data &rArr; tiny_sprintf &rArr; print &rArr; printi &rArr; prints &rArr; printchar &rArr; putchar &rArr; fputc
</UL>
<BR>[Calls]<UL><LI><a href="#[c7]">&gt;&gt;</a>&nbsp;&nbsp;&nbsp;tiny_sprintf
<LI><a href="#[c6]">&gt;&gt;</a>&nbsp;&nbsp;&nbsp;esp8266_pub_data
<LI><a href="#[cc]">&gt;&gt;</a>&nbsp;&nbsp;&nbsp;strTof_FirpTwo
<LI><a href="#[cb]">&gt;&gt;</a>&nbsp;&nbsp;&nbsp;strcmp
<LI><a href="#[c9]">&gt;&gt;</a>&nbsp;&nbsp;&nbsp;strncmp
<LI><a href="#[c8]">&gt;&gt;</a>&nbsp;&nbsp;&nbsp;strlen
<LI><a href="#[ca]">&gt;&gt;</a>&nbsp;&nbsp;&nbsp;strstr
<LI><a href="#[75]">&gt;&gt;</a>&nbsp;&nbsp;&nbsp;strtok
</UL>
<BR>[Called By]<UL><LI><a href="#[31]">&gt;&gt;</a>&nbsp;&nbsp;&nbsp;USART1_IRQHandler
</UL>

<P><STRONG><a name="[ce]"></a>f_abs</STRONG> (Thumb, 26 bytes, Stack size 0 bytes, ctlloop.o(i.f_abs))
<BR><BR>[Called By]<UL><LI><a href="#[94]">&gt;&gt;</a>&nbsp;&nbsp;&nbsp;increPid_cal
</UL>

<P><STRONG><a name="[74]"></a>fputc</STRONG> (Thumb, 46 bytes, Stack size 16 bytes, at32f403a_407_board.o(i.fputc))
<BR><BR>[Stack]<UL><LI>Max Depth = 16<LI>Call Chain = fputc
</UL>
<BR>[Calls]<UL><LI><a href="#[97]">&gt;&gt;</a>&nbsp;&nbsp;&nbsp;usart_flag_get
<LI><a href="#[cd]">&gt;&gt;</a>&nbsp;&nbsp;&nbsp;usart_data_transmit
</UL>
<BR>[Called By]<UL><LI><a href="#[73]">&gt;&gt;</a>&nbsp;&nbsp;&nbsp;putchar
</UL>

<P><STRONG><a name="[80]"></a>gpio_default_para_init</STRONG> (Thumb, 22 bytes, Stack size 0 bytes, at32f403a_407_gpio.o(i.gpio_default_para_init))
<BR><BR>[Called By]<UL><LI><a href="#[af]">&gt;&gt;</a>&nbsp;&nbsp;&nbsp;at32_led_init
<LI><a href="#[b0]">&gt;&gt;</a>&nbsp;&nbsp;&nbsp;at32_key_init
<LI><a href="#[7e]">&gt;&gt;</a>&nbsp;&nbsp;&nbsp;ADC_INIT
</UL>

<P><STRONG><a name="[81]"></a>gpio_init</STRONG> (Thumb, 168 bytes, Stack size 20 bytes, at32f403a_407_gpio.o(i.gpio_init))
<BR><BR>[Stack]<UL><LI>Max Depth = 20<LI>Call Chain = gpio_init
</UL>
<BR>[Called By]<UL><LI><a href="#[af]">&gt;&gt;</a>&nbsp;&nbsp;&nbsp;at32_led_init
<LI><a href="#[b0]">&gt;&gt;</a>&nbsp;&nbsp;&nbsp;at32_key_init
<LI><a href="#[b1]">&gt;&gt;</a>&nbsp;&nbsp;&nbsp;TMR1_Init
<LI><a href="#[7e]">&gt;&gt;</a>&nbsp;&nbsp;&nbsp;ADC_INIT
</UL>

<P><STRONG><a name="[9a]"></a>gpio_input_data_bit_read</STRONG> (Thumb, 18 bytes, Stack size 0 bytes, at32f403a_407_gpio.o(i.gpio_input_data_bit_read))
<BR><BR>[Called By]<UL><LI><a href="#[99]">&gt;&gt;</a>&nbsp;&nbsp;&nbsp;Key_Scan
</UL>

<P><STRONG><a name="[94]"></a>increPid_cal</STRONG> (Thumb, 186 bytes, Stack size 4 bytes, ctlloop.o(i.increPid_cal))
<BR><BR>[Stack]<UL><LI>Max Depth = 4<LI>Call Chain = increPid_cal
</UL>
<BR>[Calls]<UL><LI><a href="#[ce]">&gt;&gt;</a>&nbsp;&nbsp;&nbsp;f_abs
</UL>
<BR>[Called By]<UL><LI><a href="#[92]">&gt;&gt;</a>&nbsp;&nbsp;&nbsp;Buck_LoopControl
</UL>

<P><STRONG><a name="[f2]"></a>increPid_init</STRONG> (Thumb, 196 bytes, Stack size 0 bytes, ctlloop.o(i.increPid_init))
<BR><BR>[Called By]<UL><LI><a href="#[5d]">&gt;&gt;</a>&nbsp;&nbsp;&nbsp;sStateInit_task_function
</UL>

<P><STRONG><a name="[93]"></a>low_filter_calc</STRONG> (Thumb, 52 bytes, Stack size 0 bytes, filter.o(i.low_filter_calc))
<BR><BR>[Called By]<UL><LI><a href="#[92]">&gt;&gt;</a>&nbsp;&nbsp;&nbsp;Buck_LoopControl
<LI><a href="#[d1]">&gt;&gt;</a>&nbsp;&nbsp;&nbsp;mpptmode_PVctr
</UL>

<P><STRONG><a name="[f1]"></a>low_filter_init</STRONG> (Thumb, 126 bytes, Stack size 0 bytes, filter.o(i.low_filter_init))
<BR><BR>[Called By]<UL><LI><a href="#[5d]">&gt;&gt;</a>&nbsp;&nbsp;&nbsp;sStateInit_task_function
</UL>

<P><STRONG><a name="[6c]"></a>main</STRONG> (Thumb, 34 bytes, Stack size 16 bytes, main.o(i.main))
<BR><BR>[Stack]<UL><LI>Max Depth = 168<LI>Call Chain = main &rArr; vTaskStartScheduler &rArr; xTaskCreate &rArr; pvPortMalloc &rArr; xTaskResumeAll &rArr; xTaskIncrementTick
</UL>
<BR>[Calls]<UL><LI><a href="#[cf]">&gt;&gt;</a>&nbsp;&nbsp;&nbsp;xTaskCreate
<LI><a href="#[d0]">&gt;&gt;</a>&nbsp;&nbsp;&nbsp;vTaskStartScheduler
<LI><a href="#[ab]">&gt;&gt;</a>&nbsp;&nbsp;&nbsp;SetupHardware
</UL>
<BR>[Called By]<UL><LI><a href="#[6b]">&gt;&gt;</a>&nbsp;&nbsp;&nbsp;__rt_entry_main
</UL>

<P><STRONG><a name="[d1]"></a>mpptmode_PVctr</STRONG> (Thumb, 316 bytes, Stack size 8 bytes, mppt.o(i.mpptmode_PVctr))
<BR><BR>[Stack]<UL><LI>Max Depth = 8<LI>Call Chain = mpptmode_PVctr
</UL>
<BR>[Calls]<UL><LI><a href="#[93]">&gt;&gt;</a>&nbsp;&nbsp;&nbsp;low_filter_calc
</UL>
<BR>[Called By]<UL><LI><a href="#[5f]">&gt;&gt;</a>&nbsp;&nbsp;&nbsp;sStateRun_task_function
</UL>

<P><STRONG><a name="[bb]"></a>nvic_irq_enable</STRONG> (Thumb, 190 bytes, Stack size 32 bytes, at32f403a_407_misc.o(i.nvic_irq_enable))
<BR><BR>[Stack]<UL><LI>Max Depth = 32<LI>Call Chain = nvic_irq_enable
</UL>
<BR>[Called By]<UL><LI><a href="#[b1]">&gt;&gt;</a>&nbsp;&nbsp;&nbsp;TMR1_Init
</UL>

<P><STRONG><a name="[ac]"></a>nvic_priority_group_config</STRONG> (Thumb, 32 bytes, Stack size 0 bytes, at32f403a_407_misc.o(i.nvic_priority_group_config))
<BR><BR>[Called By]<UL><LI><a href="#[ab]">&gt;&gt;</a>&nbsp;&nbsp;&nbsp;SetupHardware
</UL>

<P><STRONG><a name="[e5]"></a>pvPortMalloc</STRONG> (Thumb, 338 bytes, Stack size 24 bytes, heap_4.o(i.pvPortMalloc))
<BR><BR>[Stack]<UL><LI>Max Depth = 64<LI>Call Chain = pvPortMalloc &rArr; xTaskResumeAll &rArr; xTaskIncrementTick
</UL>
<BR>[Calls]<UL><LI><a href="#[e9]">&gt;&gt;</a>&nbsp;&nbsp;&nbsp;xTaskResumeAll
<LI><a href="#[e6]">&gt;&gt;</a>&nbsp;&nbsp;&nbsp;vTaskSuspendAll
<LI><a href="#[e8]">&gt;&gt;</a>&nbsp;&nbsp;&nbsp;prvInsertBlockIntoFreeList
<LI><a href="#[e7]">&gt;&gt;</a>&nbsp;&nbsp;&nbsp;prvHeapInit
</UL>
<BR>[Called By]<UL><LI><a href="#[cf]">&gt;&gt;</a>&nbsp;&nbsp;&nbsp;xTaskCreate
</UL>

<P><STRONG><a name="[e3]"></a>pxPortInitialiseStack</STRONG> (Thumb, 38 bytes, Stack size 0 bytes, include_port.o(i.pxPortInitialiseStack))
<BR><BR>[Called By]<UL><LI><a href="#[e1]">&gt;&gt;</a>&nbsp;&nbsp;&nbsp;prvInitialiseNewTask
</UL>

<P><STRONG><a name="[5e]"></a>sStateFault_task_function</STRONG> (Thumb, 172 bytes, Stack size 8 bytes, main.o(i.sStateFault_task_function))
<BR><BR>[Stack]<UL><LI>Max Depth = 64<LI>Call Chain = sStateFault_task_function &rArr; vTaskDelay &rArr; xTaskResumeAll &rArr; xTaskIncrementTick
</UL>
<BR>[Calls]<UL><LI><a href="#[ee]">&gt;&gt;</a>&nbsp;&nbsp;&nbsp;xTaskGenericNotify
<LI><a href="#[ef]">&gt;&gt;</a>&nbsp;&nbsp;&nbsp;vTaskDelay
<LI><a href="#[ea]">&gt;&gt;</a>&nbsp;&nbsp;&nbsp;ulTaskGenericNotifyTake
<LI><a href="#[ba]">&gt;&gt;</a>&nbsp;&nbsp;&nbsp;tmr_interrupt_enable
<LI><a href="#[ed]">&gt;&gt;</a>&nbsp;&nbsp;&nbsp;tmr_channel_enable
<LI><a href="#[eb]">&gt;&gt;</a>&nbsp;&nbsp;&nbsp;at32_led_on
<LI><a href="#[ec]">&gt;&gt;</a>&nbsp;&nbsp;&nbsp;at32_led_off
<LI><a href="#[9c]">&gt;&gt;</a>&nbsp;&nbsp;&nbsp;LoopFaultBack
<LI><a href="#[99]">&gt;&gt;</a>&nbsp;&nbsp;&nbsp;Key_Scan
</UL>
<BR>[Address Reference Count : 1]<UL><LI> main.o(i.start_task_function)
</UL>
<P><STRONG><a name="[5d]"></a>sStateInit_task_function</STRONG> (Thumb, 270 bytes, Stack size 8 bytes, main.o(i.sStateInit_task_function))
<BR><BR>[Stack]<UL><LI>Max Depth = 64<LI>Call Chain = sStateInit_task_function &rArr; vTaskDelay &rArr; xTaskResumeAll &rArr; xTaskIncrementTick
</UL>
<BR>[Calls]<UL><LI><a href="#[ee]">&gt;&gt;</a>&nbsp;&nbsp;&nbsp;xTaskGenericNotify
<LI><a href="#[ef]">&gt;&gt;</a>&nbsp;&nbsp;&nbsp;vTaskDelay
<LI><a href="#[ea]">&gt;&gt;</a>&nbsp;&nbsp;&nbsp;ulTaskGenericNotifyTake
<LI><a href="#[ba]">&gt;&gt;</a>&nbsp;&nbsp;&nbsp;tmr_interrupt_enable
<LI><a href="#[ed]">&gt;&gt;</a>&nbsp;&nbsp;&nbsp;tmr_channel_enable
<LI><a href="#[f1]">&gt;&gt;</a>&nbsp;&nbsp;&nbsp;low_filter_init
<LI><a href="#[f2]">&gt;&gt;</a>&nbsp;&nbsp;&nbsp;increPid_init
<LI><a href="#[9e]">&gt;&gt;</a>&nbsp;&nbsp;&nbsp;LoopFaultCheck
<LI><a href="#[99]">&gt;&gt;</a>&nbsp;&nbsp;&nbsp;Key_Scan
<LI><a href="#[f0]">&gt;&gt;</a>&nbsp;&nbsp;&nbsp;ExcursionCheck
</UL>
<BR>[Address Reference Count : 1]<UL><LI> main.o(i.start_task_function)
</UL>
<P><STRONG><a name="[5f]"></a>sStateRun_task_function</STRONG> (Thumb, 280 bytes, Stack size 16 bytes, main.o(i.sStateRun_task_function))
<BR><BR>[Stack]<UL><LI>Max Depth = 400<LI>Call Chain = sStateRun_task_function &rArr; SEGGER_RTT_printf &rArr; SEGGER_RTT_vprintf &rArr; _PrintInt &rArr; _PrintUnsigned &rArr; _StoreChar &rArr; SEGGER_RTT_Write &rArr; SEGGER_RTT_WriteNoLock &rArr; _WriteBlocking
</UL>
<BR>[Calls]<UL><LI><a href="#[ee]">&gt;&gt;</a>&nbsp;&nbsp;&nbsp;xTaskGenericNotify
<LI><a href="#[ef]">&gt;&gt;</a>&nbsp;&nbsp;&nbsp;vTaskDelay
<LI><a href="#[ea]">&gt;&gt;</a>&nbsp;&nbsp;&nbsp;ulTaskGenericNotifyTake
<LI><a href="#[d1]">&gt;&gt;</a>&nbsp;&nbsp;&nbsp;mpptmode_PVctr
<LI><a href="#[eb]">&gt;&gt;</a>&nbsp;&nbsp;&nbsp;at32_led_on
<LI><a href="#[ec]">&gt;&gt;</a>&nbsp;&nbsp;&nbsp;at32_led_off
<LI><a href="#[a5]">&gt;&gt;</a>&nbsp;&nbsp;&nbsp;SEGGER_RTT_printf
<LI><a href="#[9e]">&gt;&gt;</a>&nbsp;&nbsp;&nbsp;LoopFaultCheck
[...]
</UL>

<P><STRONG><a name="[d0]"></a>vTaskStartScheduler</STRONG> (Thumb, 112 bytes, Stack size 16 bytes, tasks.o(i.vTaskStartScheduler))
<BR><BR>[Stack]<UL><LI>Max Depth = 152<LI>Call Chain = vTaskStartScheduler &rArr; xTaskCreate &rArr; pvPortMalloc &rArr; xTaskResumeAll &rArr; xTaskIncrementTick
</UL>
<BR>[Calls]<UL><LI><a href="#[104]">&gt;&gt;</a>&nbsp;&nbsp;&nbsp;xPortStartScheduler
<LI><a href="#[cf]">&gt;&gt;</a>&nbsp;&nbsp;&nbsp;xTaskCreate
</UL>
<BR>[Called By]<UL><LI><a href="#[6c]">&gt;&gt;</a>&nbsp;&nbsp;&nbsp;main
</UL>

<P><STRONG><a name="[e6]"></a>vTaskSuspendAll</STRONG> (Thumb, 12 bytes, Stack size 0 bytes, tasks.o(i.vTaskSuspendAll))
<BR><BR>[Called By]<UL><LI><a href="#[ef]">&gt;&gt;</a>&nbsp;&nbsp;&nbsp;vTaskDelay
<LI><a href="#[e0]">&gt;&gt;</a>&nbsp;&nbsp;&nbsp;vPortFree
<LI><a href="#[e5]">&gt;&gt;</a>&nbsp;&nbsp;&nbsp;pvPortMalloc
</UL>

<P><STRONG><a name="[72]"></a>vTaskSwitchContext</STRONG> (Thumb, 118 bytes, Stack size 0 bytes, tasks.o(i.vTaskSwitchContext))
<BR><BR>[Called By]<UL><LI><a href="#[a]">&gt;&gt;</a>&nbsp;&nbsp;&nbsp;PendSV_Handler
</UL>

<P><STRONG><a name="[104]"></a>xPortStartScheduler</STRONG> (Thumb, 330 bytes, Stack size 16 bytes, include_port.o(i.xPortStartScheduler))
<BR><BR>[Stack]<UL><LI>Max Depth = 16<LI>Call Chain = xPortStartScheduler
</UL>
<BR>[Calls]<UL><LI><a href="#[105]">&gt;&gt;</a>&nbsp;&nbsp;&nbsp;vPortSetupTimerInterrupt
<LI><a href="#[106]">&gt;&gt;</a>&nbsp;&nbsp;&nbsp;__asm___14_include_port_c_39a90d8d__prvEnableVFP
<LI><a href="#[107]">&gt;&gt;</a>&nbsp;&nbsp;&nbsp;__asm___14_include_port_c_39a90d8d__prvStartFirstTask
</UL>
<BR>[Called By]<UL><LI><a href="#[d0]">&gt;&gt;</a>&nbsp;&nbsp;&nbsp;vTaskStartScheduler
</UL>

<P><STRONG><a name="[cf]"></a>xTaskCreate</STRONG> (Thumb, 96 bytes, Stack size 72 bytes, tasks.o(i.xTaskCreate))
<BR><BR>[Stack]<UL><LI>Max Depth = 136<LI>Call Chain = xTaskCreate &rArr; pvPortMalloc &rArr; xTaskResumeAll &rArr; xTaskIncrementTick
</UL>
<BR>[Calls]<UL><LI><a href="#[e1]">&gt;&gt;</a>&nbsp;&nbsp;&nbsp;prvInitialiseNewTask
<LI><a href="#[da]">&gt;&gt;</a>&nbsp;&nbsp;&nbsp;prvAddNewTaskToReadyList
<LI><a href="#[e0]">&gt;&gt;</a>&nbsp;&nbsp;&nbsp;vPortFree
<LI><a href="#[e5]">&gt;&gt;</a>&nbsp;&nbsp;&nbsp;pvPortMalloc
</UL>
<BR>[Called By]<UL><LI><a href="#[d0]">&gt;&gt;</a>&nbsp;&nbsp;&nbsp;vTaskStartScheduler
<LI><a href="#[5b]">&gt;&gt;</a>&nbsp;&nbsp;&nbsp;start_task_function
<LI><a href="#[6c]">&gt;&gt;</a>&nbsp;&nbsp;&nbsp;main
</UL>

<P><STRONG><a name="[ee]"></a>xTaskGenericNotify</STRONG> (Thumb, 362 bytes, Stack size 40 bytes, tasks.o(i.xTaskGenericNotify))
<BR><BR>[Stack]<UL><LI>Max Depth = 40<LI>Call Chain = xTaskGenericNotify
</UL>
<BR>[Calls]<UL><LI><a href="#[dd]">&gt;&gt;</a>&nbsp;&nbsp;&nbsp;vPortExitCritical
<LI><a href="#[db]">&gt;&gt;</a>&nbsp;&nbsp;&nbsp;vPortEnterCritical
<LI><a href="#[d8]">&gt;&gt;</a>&nbsp;&nbsp;&nbsp;vListInsertEnd
<LI><a href="#[d7]">&gt;&gt;</a>&nbsp;&nbsp;&nbsp;uxListRemove
</UL>
<BR>[Called By]<UL><LI><a href="#[5f]">&gt;&gt;</a>&nbsp;&nbsp;&nbsp;sStateRun_task_function
<LI><a href="#[5d]">&gt;&gt;</a>&nbsp;&nbsp;&nbsp;sStateInit_task_function
<LI><a href="#[5e]">&gt;&gt;</a>&nbsp;&nbsp;&nbsp;sStateFault_task_function
</UL>

<P><STRONG><a name="[b2]"></a>xTaskIncrementTick</STRONG> (Thumb, 282 bytes, Stack size 24 bytes, tasks.o(i.xTaskIncrementTick))
<BR><BR>[Stack]<UL><LI>Max Depth = 24<LI>Call Chain = xTaskIncrementTick
</UL>
<BR>[Calls]<UL><LI><a href="#[103]">&gt;&gt;</a>&nbsp;&nbsp;&nbsp;prvResetNextTaskUnblockTime
<LI><a href="#[d8]">&gt;&gt;</a>&nbsp;&nbsp;&nbsp;vListInsertEnd
<LI><a href="#[d7]">&gt;&gt;</a>&nbsp;&nbsp;&nbsp;uxListRemove
</UL>
<BR>[Called By]<UL><LI><a href="#[b]">&gt;&gt;</a>&nbsp;&nbsp;&nbsp;SysTick_Handler
<LI><a href="#[e9]">&gt;&gt;</a>&nbsp;&nbsp;&nbsp;xTaskResumeAll
</UL>

<P><STRONG><a name="[e9]"></a>xTaskResumeAll</STRONG> (Thumb, 224 bytes, Stack size 16 bytes, tasks.o(i.xTaskResumeAll))
<BR><BR>[Stack]<UL><LI>Max Depth = 40<LI>Call Chain = xTaskResumeAll &rArr; xTaskIncrementTick
</UL>
<BR>[Calls]<UL><LI><a href="#[b2]">&gt;&gt;</a>&nbsp;&nbsp;&nbsp;xTaskIncrementTick
<LI><a href="#[dd]">&gt;&gt;</a>&nbsp;&nbsp;&nbsp;vPortExitCritical
<LI><a href="#[db]">&gt;&gt;</a>&nbsp;&nbsp;&nbsp;vPortEnterCritical
<LI><a href="#[103]">&gt;&gt;</a>&nbsp;&nbsp;&nbsp;prvResetNextTaskUnblockTime
<LI><a href="#[d8]">&gt;&gt;</a>&nbsp;&nbsp;&nbsp;vListInsertEnd
<LI><a href="#[d7]">&gt;&gt;</a>&nbsp;&nbsp;&nbsp;uxListRemove
</UL>
<BR>[Called By]<UL><LI><a href="#[ef]">&gt;&gt;</a>&nbsp;&nbsp;&nbsp;vTaskDelay
<LI><a href="#[e0]">&gt;&gt;</a>&nbsp;&nbsp;&nbsp;vPortFree
<LI><a href="#[e5]">&gt;&gt;</a>&nbsp;&nbsp;&nbsp;pvPortMalloc
</UL>

<P><STRONG><a name="[aa]"></a>__aeabi_d2f</STRONG> (Thumb, 0 bytes, Stack size 32 bytes, d2f.o(x$fpl$d2f))
<BR><BR>[Stack]<UL><LI>Max Depth = 32<LI>Call Chain = __aeabi_d2f
</UL>
<BR>[Called By]<UL><LI><a href="#[a6]">&gt;&gt;</a>&nbsp;&nbsp;&nbsp;SEGGER_RTT_vprintf
<LI><a href="#[cc]">&gt;&gt;</a>&nbsp;&nbsp;&nbsp;strTof_FirpTwo
</UL>

<P><STRONG><a name="[108]"></a>_d2f</STRONG> (Thumb, 98 bytes, Stack size 32 bytes, d2f.o(x$fpl$d2f), UNUSED)
<BR><BR>[Calls]<UL><LI><a href="#[109]">&gt;&gt;</a>&nbsp;&nbsp;&nbsp;__fpl_fretinf
<LI><a href="#[10a]">&gt;&gt;</a>&nbsp;&nbsp;&nbsp;__fpl_dnaninf
</UL>

<P><STRONG><a name="[f8]"></a>__aeabi_dadd</STRONG> (Thumb, 0 bytes, Stack size 16 bytes, daddsub_clz.o(x$fpl$dadd))
<BR><BR>[Stack]<UL><LI>Max Depth = 16<LI>Call Chain = __aeabi_dadd
</UL>
<BR>[Called By]<UL><LI><a href="#[cc]">&gt;&gt;</a>&nbsp;&nbsp;&nbsp;strTof_FirpTwo
</UL>

<P><STRONG><a name="[10b]"></a>_dadd</STRONG> (Thumb, 332 bytes, Stack size 16 bytes, daddsub_clz.o(x$fpl$dadd), UNUSED)
<BR><BR>[Calls]<UL><LI><a href="#[10d]">&gt;&gt;</a>&nbsp;&nbsp;&nbsp;__fpl_dretinf
<LI><a href="#[10a]">&gt;&gt;</a>&nbsp;&nbsp;&nbsp;__fpl_dnaninf
<LI><a href="#[10c]">&gt;&gt;</a>&nbsp;&nbsp;&nbsp;_dsub1
</UL>

<P><STRONG><a name="[f6]"></a>__aeabi_i2d</STRONG> (Thumb, 0 bytes, Stack size 0 bytes, dflt_clz.o(x$fpl$dflt))
<BR><BR>[Called By]<UL><LI><a href="#[cc]">&gt;&gt;</a>&nbsp;&nbsp;&nbsp;strTof_FirpTwo
</UL>

<P><STRONG><a name="[147]"></a>_dflt</STRONG> (Thumb, 46 bytes, Stack size 0 bytes, dflt_clz.o(x$fpl$dflt), UNUSED)

<P><STRONG><a name="[f7]"></a>__aeabi_dmul</STRONG> (Thumb, 0 bytes, Stack size 32 bytes, dmul.o(x$fpl$dmul))
<BR><BR>[Stack]<UL><LI>Max Depth = 32<LI>Call Chain = __aeabi_dmul
</UL>
<BR>[Called By]<UL><LI><a href="#[cc]">&gt;&gt;</a>&nbsp;&nbsp;&nbsp;strTof_FirpTwo
</UL>

<P><STRONG><a name="[10e]"></a>_dmul</STRONG> (Thumb, 332 bytes, Stack size 32 bytes, dmul.o(x$fpl$dmul), UNUSED)
<BR><BR>[Calls]<UL><LI><a href="#[10d]">&gt;&gt;</a>&nbsp;&nbsp;&nbsp;__fpl_dretinf
<LI><a href="#[10a]">&gt;&gt;</a>&nbsp;&nbsp;&nbsp;__fpl_dnaninf
</UL>

<P><STRONG><a name="[10a]"></a>__fpl_dnaninf</STRONG> (Thumb, 156 bytes, Stack size 16 bytes, dnaninf.o(x$fpl$dnaninf), UNUSED)
<BR><BR>[Called By]<UL><LI><a href="#[10e]">&gt;&gt;</a>&nbsp;&nbsp;&nbsp;_dmul
<LI><a href="#[10f]">&gt;&gt;</a>&nbsp;&nbsp;&nbsp;_dsub
<LI><a href="#[10b]">&gt;&gt;</a>&nbsp;&nbsp;&nbsp;_dadd
<LI><a href="#[108]">&gt;&gt;</a>&nbsp;&nbsp;&nbsp;_d2f
</UL>

<P><STRONG><a name="[10d]"></a>__fpl_dretinf</STRONG> (Thumb, 12 bytes, Stack size 0 bytes, dretinf.o(x$fpl$dretinf), UNUSED)
<BR><BR>[Called By]<UL><LI><a href="#[111]">&gt;&gt;</a>&nbsp;&nbsp;&nbsp;_f2d
<LI><a href="#[10e]">&gt;&gt;</a>&nbsp;&nbsp;&nbsp;_dmul
<LI><a href="#[10b]">&gt;&gt;</a>&nbsp;&nbsp;&nbsp;_dadd
</UL>

<P><STRONG><a name="[148]"></a>__aeabi_dsub</STRONG> (Thumb, 0 bytes, Stack size 32 bytes, daddsub_clz.o(x$fpl$dsub), UNUSED)

<P><STRONG><a name="[10f]"></a>_dsub</STRONG> (Thumb, 464 bytes, Stack size 32 bytes, daddsub_clz.o(x$fpl$dsub), UNUSED)
<BR><BR>[Calls]<UL><LI><a href="#[10a]">&gt;&gt;</a>&nbsp;&nbsp;&nbsp;__fpl_dnaninf
<LI><a href="#[110]">&gt;&gt;</a>&nbsp;&nbsp;&nbsp;_dadd1
</UL>

<P><STRONG><a name="[f4]"></a>__aeabi_f2d</STRONG> (Thumb, 0 bytes, Stack size 16 bytes, f2d.o(x$fpl$f2d))
<BR><BR>[Stack]<UL><LI>Max Depth = 16<LI>Call Chain = __aeabi_f2d
</UL>
<BR>[Called By]<UL><LI><a href="#[5f]">&gt;&gt;</a>&nbsp;&nbsp;&nbsp;sStateRun_task_function
</UL>

<P><STRONG><a name="[111]"></a>_f2d</STRONG> (Thumb, 86 bytes, Stack size 16 bytes, f2d.o(x$fpl$f2d), UNUSED)
<BR><BR>[Calls]<UL><LI><a href="#[112]">&gt;&gt;</a>&nbsp;&nbsp;&nbsp;__fpl_fnaninf
<LI><a href="#[10d]">&gt;&gt;</a>&nbsp;&nbsp;&nbsp;__fpl_dretinf
</UL>

<P><STRONG><a name="[112]"></a>__fpl_fnaninf</STRONG> (Thumb, 140 bytes, Stack size 8 bytes, fnaninf.o(x$fpl$fnaninf), UNUSED)
<BR><BR>[Called By]<UL><LI><a href="#[111]">&gt;&gt;</a>&nbsp;&nbsp;&nbsp;_f2d
</UL>

<P><STRONG><a name="[66]"></a>_fp_init</STRONG> (Thumb, 10 bytes, Stack size 0 bytes, fpinit.o(x$fpl$fpinit))
<BR><BR>[Called By]<UL><LI><a href="#[65]">&gt;&gt;</a>&nbsp;&nbsp;&nbsp;__rt_lib_init_fp_1
</UL>

<P><STRONG><a name="[149]"></a>__fplib_config_fpu_vfp</STRONG> (Thumb, 0 bytes, Stack size unknown bytes, fpinit.o(x$fpl$fpinit), UNUSED)

<P><STRONG><a name="[14a]"></a>__fplib_config_pureend_doubles</STRONG> (Thumb, 0 bytes, Stack size unknown bytes, fpinit.o(x$fpl$fpinit), UNUSED)

<P><STRONG><a name="[109]"></a>__fpl_fretinf</STRONG> (Thumb, 10 bytes, Stack size 0 bytes, fretinf.o(x$fpl$fretinf), UNUSED)
<BR><BR>[Called By]<UL><LI><a href="#[108]">&gt;&gt;</a>&nbsp;&nbsp;&nbsp;_d2f
</UL>
<P>
<H3>
Local Symbols
</H3>
<P><STRONG><a name="[5c]"></a>prvTaskExitError</STRONG> (Thumb, 60 bytes, Stack size 0 bytes, include_port.o(i.prvTaskExitError))
<BR>[Address Reference Count : 1]<UL><LI> include_port.o(i.pxPortInitialiseStack)
</UL>
<P><STRONG><a name="[a0]"></a>_DoInit</STRONG> (Thumb, 74 bytes, Stack size 8 bytes, segger_rtt.o(i._DoInit))
<BR><BR>[Stack]<UL><LI>Max Depth = 20<LI>Call Chain = _DoInit &rArr; strcpy
</UL>
<BR>[Calls]<UL><LI><a href="#[c2]">&gt;&gt;</a>&nbsp;&nbsp;&nbsp;strcpy
</UL>
<BR>[Called By]<UL><LI><a href="#[9f]">&gt;&gt;</a>&nbsp;&nbsp;&nbsp;SEGGER_RTT_Write
</UL>

<P><STRONG><a name="[a2]"></a>_GetAvailWriteSpace</STRONG> (Thumb, 28 bytes, Stack size 8 bytes, segger_rtt.o(i._GetAvailWriteSpace))
<BR><BR>[Stack]<UL><LI>Max Depth = 8<LI>Call Chain = _GetAvailWriteSpace
</UL>
<BR>[Called By]<UL><LI><a href="#[a1]">&gt;&gt;</a>&nbsp;&nbsp;&nbsp;SEGGER_RTT_WriteNoLock
</UL>

<P><STRONG><a name="[a4]"></a>_WriteBlocking</STRONG> (Thumb, 118 bytes, Stack size 40 bytes, segger_rtt.o(i._WriteBlocking))
<BR><BR>[Stack]<UL><LI>Max Depth = 40<LI>Call Chain = _WriteBlocking
</UL>
<BR>[Calls]<UL><LI><a href="#[96]">&gt;&gt;</a>&nbsp;&nbsp;&nbsp;__aeabi_memcpy
</UL>
<BR>[Called By]<UL><LI><a href="#[a1]">&gt;&gt;</a>&nbsp;&nbsp;&nbsp;SEGGER_RTT_WriteNoLock
</UL>

<P><STRONG><a name="[a3]"></a>_WriteNoCheck</STRONG> (Thumb, 88 bytes, Stack size 32 bytes, segger_rtt.o(i._WriteNoCheck))
<BR><BR>[Stack]<UL><LI>Max Depth = 32<LI>Call Chain = _WriteNoCheck
</UL>
<BR>[Calls]<UL><LI><a href="#[96]">&gt;&gt;</a>&nbsp;&nbsp;&nbsp;__aeabi_memcpy
</UL>
<BR>[Called By]<UL><LI><a href="#[a1]">&gt;&gt;</a>&nbsp;&nbsp;&nbsp;SEGGER_RTT_WriteNoLock
</UL>

<P><STRONG><a name="[a8]"></a>_PrintInt</STRONG> (Thumb, 236 bytes, Stack size 48 bytes, segger_rtt_printf.o(i._PrintInt))
<BR><BR>[Stack]<UL><LI>Max Depth = 208<LI>Call Chain = _PrintInt &rArr; _PrintUnsigned &rArr; _StoreChar &rArr; SEGGER_RTT_Write &rArr; SEGGER_RTT_WriteNoLock &rArr; _WriteBlocking
</UL>
<BR>[Calls]<UL><LI><a href="#[a7]">&gt;&gt;</a>&nbsp;&nbsp;&nbsp;_StoreChar
<LI><a href="#[a9]">&gt;&gt;</a>&nbsp;&nbsp;&nbsp;_PrintUnsigned
</UL>
<BR>[Called By]<UL><LI><a href="#[a6]">&gt;&gt;</a>&nbsp;&nbsp;&nbsp;SEGGER_RTT_vprintf
</UL>

<P><STRONG><a name="[a9]"></a>_PrintUnsigned</STRONG> (Thumb, 230 bytes, Stack size 48 bytes, segger_rtt_printf.o(i._PrintUnsigned))
<BR><BR>[Stack]<UL><LI>Max Depth = 160<LI>Call Chain = _PrintUnsigned &rArr; _StoreChar &rArr; SEGGER_RTT_Write &rArr; SEGGER_RTT_WriteNoLock &rArr; _WriteBlocking
</UL>
<BR>[Calls]<UL><LI><a href="#[a7]">&gt;&gt;</a>&nbsp;&nbsp;&nbsp;_StoreChar
</UL>
<BR>[Called By]<UL><LI><a href="#[a6]">&gt;&gt;</a>&nbsp;&nbsp;&nbsp;SEGGER_RTT_vprintf
<LI><a href="#[a8]">&gt;&gt;</a>&nbsp;&nbsp;&nbsp;_PrintInt
</UL>

<P><STRONG><a name="[a7]"></a>_StoreChar</STRONG> (Thumb, 68 bytes, Stack size 16 bytes, segger_rtt_printf.o(i._StoreChar))
<BR><BR>[Stack]<UL><LI>Max Depth = 112<LI>Call Chain = _StoreChar &rArr; SEGGER_RTT_Write &rArr; SEGGER_RTT_WriteNoLock &rArr; _WriteBlocking
</UL>
<BR>[Calls]<UL><LI><a href="#[9f]">&gt;&gt;</a>&nbsp;&nbsp;&nbsp;SEGGER_RTT_Write
</UL>
<BR>[Called By]<UL><LI><a href="#[a6]">&gt;&gt;</a>&nbsp;&nbsp;&nbsp;SEGGER_RTT_vprintf
<LI><a href="#[a9]">&gt;&gt;</a>&nbsp;&nbsp;&nbsp;_PrintUnsigned
<LI><a href="#[a8]">&gt;&gt;</a>&nbsp;&nbsp;&nbsp;_PrintInt
</UL>

<P><STRONG><a name="[d6]"></a>prvAddCurrentTaskToDelayedList</STRONG> (Thumb, 124 bytes, Stack size 24 bytes, tasks.o(i.prvAddCurrentTaskToDelayedList))
<BR><BR>[Stack]<UL><LI>Max Depth = 32<LI>Call Chain = prvAddCurrentTaskToDelayedList &rArr; vListInsert
</UL>
<BR>[Calls]<UL><LI><a href="#[d8]">&gt;&gt;</a>&nbsp;&nbsp;&nbsp;vListInsertEnd
<LI><a href="#[d9]">&gt;&gt;</a>&nbsp;&nbsp;&nbsp;vListInsert
<LI><a href="#[d7]">&gt;&gt;</a>&nbsp;&nbsp;&nbsp;uxListRemove
</UL>
<BR>[Called By]<UL><LI><a href="#[ef]">&gt;&gt;</a>&nbsp;&nbsp;&nbsp;vTaskDelay
<LI><a href="#[ea]">&gt;&gt;</a>&nbsp;&nbsp;&nbsp;ulTaskGenericNotifyTake
</UL>

<P><STRONG><a name="[da]"></a>prvAddNewTaskToReadyList</STRONG> (Thumb, 150 bytes, Stack size 8 bytes, tasks.o(i.prvAddNewTaskToReadyList))
<BR><BR>[Stack]<UL><LI>Max Depth = 16<LI>Call Chain = prvAddNewTaskToReadyList &rArr; prvInitialiseTaskLists
</UL>
<BR>[Calls]<UL><LI><a href="#[dd]">&gt;&gt;</a>&nbsp;&nbsp;&nbsp;vPortExitCritical
<LI><a href="#[db]">&gt;&gt;</a>&nbsp;&nbsp;&nbsp;vPortEnterCritical
<LI><a href="#[dc]">&gt;&gt;</a>&nbsp;&nbsp;&nbsp;prvInitialiseTaskLists
<LI><a href="#[d8]">&gt;&gt;</a>&nbsp;&nbsp;&nbsp;vListInsertEnd
</UL>
<BR>[Called By]<UL><LI><a href="#[cf]">&gt;&gt;</a>&nbsp;&nbsp;&nbsp;xTaskCreate
</UL>

<P><STRONG><a name="[de]"></a>prvCheckTasksWaitingTermination</STRONG> (Thumb, 60 bytes, Stack size 8 bytes, tasks.o(i.prvCheckTasksWaitingTermination))
<BR><BR>[Stack]<UL><LI>Max Depth = 72<LI>Call Chain = prvCheckTasksWaitingTermination &rArr; prvDeleteTCB &rArr; vPortFree &rArr; xTaskResumeAll &rArr; xTaskIncrementTick
</UL>
<BR>[Calls]<UL><LI><a href="#[dd]">&gt;&gt;</a>&nbsp;&nbsp;&nbsp;vPortExitCritical
<LI><a href="#[db]">&gt;&gt;</a>&nbsp;&nbsp;&nbsp;vPortEnterCritical
<LI><a href="#[df]">&gt;&gt;</a>&nbsp;&nbsp;&nbsp;prvDeleteTCB
<LI><a href="#[d7]">&gt;&gt;</a>&nbsp;&nbsp;&nbsp;uxListRemove
</UL>
<BR>[Called By]<UL><LI><a href="#[60]">&gt;&gt;</a>&nbsp;&nbsp;&nbsp;prvIdleTask
</UL>

<P><STRONG><a name="[df]"></a>prvDeleteTCB</STRONG> (Thumb, 18 bytes, Stack size 8 bytes, tasks.o(i.prvDeleteTCB))
<BR><BR>[Stack]<UL><LI>Max Depth = 64<LI>Call Chain = prvDeleteTCB &rArr; vPortFree &rArr; xTaskResumeAll &rArr; xTaskIncrementTick
</UL>
<BR>[Calls]<UL><LI><a href="#[e0]">&gt;&gt;</a>&nbsp;&nbsp;&nbsp;vPortFree
</UL>
<BR>[Called By]<UL><LI><a href="#[f5]">&gt;&gt;</a>&nbsp;&nbsp;&nbsp;vTaskDelete
<LI><a href="#[de]">&gt;&gt;</a>&nbsp;&nbsp;&nbsp;prvCheckTasksWaitingTermination
</UL>

<P><STRONG><a name="[60]"></a>prvIdleTask</STRONG> (Thumb, 32 bytes, Stack size 0 bytes, tasks.o(i.prvIdleTask))
<BR><BR>[Stack]<UL><LI>Max Depth = 72<LI>Call Chain = prvIdleTask &rArr; prvCheckTasksWaitingTermination &rArr; prvDeleteTCB &rArr; vPortFree &rArr; xTaskResumeAll &rArr; xTaskIncrementTick
</UL>
<BR>[Calls]<UL><LI><a href="#[de]">&gt;&gt;</a>&nbsp;&nbsp;&nbsp;prvCheckTasksWaitingTermination
</UL>
<BR>[Address Reference Count : 1]<UL><LI> tasks.o(i.vTaskStartScheduler)
</UL>
<P><STRONG><a name="[e1]"></a>prvInitialiseNewTask</STRONG> (Thumb, 174 bytes, Stack size 56 bytes, tasks.o(i.prvInitialiseNewTask))
<BR><BR>[Stack]<UL><LI>Max Depth = 56<LI>Call Chain = prvInitialiseNewTask
</UL>
<BR>[Calls]<UL><LI><a href="#[e3]">&gt;&gt;</a>&nbsp;&nbsp;&nbsp;pxPortInitialiseStack
<LI><a href="#[e2]">&gt;&gt;</a>&nbsp;&nbsp;&nbsp;vListInitialiseItem
</UL>
<BR>[Called By]<UL><LI><a href="#[cf]">&gt;&gt;</a>&nbsp;&nbsp;&nbsp;xTaskCreate
</UL>

<P><STRONG><a name="[dc]"></a>prvInitialiseTaskLists</STRONG> (Thumb, 70 bytes, Stack size 8 bytes, tasks.o(i.prvInitialiseTaskLists))
<BR><BR>[Stack]<UL><LI>Max Depth = 8<LI>Call Chain = prvInitialiseTaskLists
</UL>
<BR>[Calls]<UL><LI><a href="#[e4]">&gt;&gt;</a>&nbsp;&nbsp;&nbsp;vListInitialise
</UL>
<BR>[Called By]<UL><LI><a href="#[da]">&gt;&gt;</a>&nbsp;&nbsp;&nbsp;prvAddNewTaskToReadyList
</UL>

<P><STRONG><a name="[103]"></a>prvResetNextTaskUnblockTime</STRONG> (Thumb, 40 bytes, Stack size 0 bytes, tasks.o(i.prvResetNextTaskUnblockTime))
<BR><BR>[Called By]<UL><LI><a href="#[b2]">&gt;&gt;</a>&nbsp;&nbsp;&nbsp;xTaskIncrementTick
<LI><a href="#[f5]">&gt;&gt;</a>&nbsp;&nbsp;&nbsp;vTaskDelete
<LI><a href="#[e9]">&gt;&gt;</a>&nbsp;&nbsp;&nbsp;xTaskResumeAll
</UL>

<P><STRONG><a name="[e7]"></a>prvHeapInit</STRONG> (Thumb, 98 bytes, Stack size 12 bytes, heap_4.o(i.prvHeapInit))
<BR><BR>[Stack]<UL><LI>Max Depth = 12<LI>Call Chain = prvHeapInit
</UL>
<BR>[Called By]<UL><LI><a href="#[e5]">&gt;&gt;</a>&nbsp;&nbsp;&nbsp;pvPortMalloc
</UL>

<P><STRONG><a name="[e8]"></a>prvInsertBlockIntoFreeList</STRONG> (Thumb, 96 bytes, Stack size 8 bytes, heap_4.o(i.prvInsertBlockIntoFreeList))
<BR><BR>[Stack]<UL><LI>Max Depth = 8<LI>Call Chain = prvInsertBlockIntoFreeList
</UL>
<BR>[Called By]<UL><LI><a href="#[e0]">&gt;&gt;</a>&nbsp;&nbsp;&nbsp;vPortFree
<LI><a href="#[e5]">&gt;&gt;</a>&nbsp;&nbsp;&nbsp;pvPortMalloc
</UL>

<P><STRONG><a name="[d2]"></a>print</STRONG> (Thumb, 368 bytes, Stack size 56 bytes, printf-stdarg.o(i.print))
<BR><BR>[Stack]<UL><LI>Max Depth = 192<LI>Call Chain = print &rArr; printi &rArr; prints &rArr; printchar &rArr; putchar &rArr; fputc
</UL>
<BR>[Calls]<UL><LI><a href="#[d3]">&gt;&gt;</a>&nbsp;&nbsp;&nbsp;prints
<LI><a href="#[d4]">&gt;&gt;</a>&nbsp;&nbsp;&nbsp;printi
<LI><a href="#[d5]">&gt;&gt;</a>&nbsp;&nbsp;&nbsp;printchar
</UL>
<BR>[Called By]<UL><LI><a href="#[c7]">&gt;&gt;</a>&nbsp;&nbsp;&nbsp;tiny_sprintf
</UL>

<P><STRONG><a name="[d5]"></a>printchar</STRONG> (Thumb, 28 bytes, Stack size 16 bytes, printf-stdarg.o(i.printchar))
<BR><BR>[Stack]<UL><LI>Max Depth = 32<LI>Call Chain = printchar &rArr; putchar &rArr; fputc
</UL>
<BR>[Calls]<UL><LI><a href="#[73]">&gt;&gt;</a>&nbsp;&nbsp;&nbsp;putchar
</UL>
<BR>[Called By]<UL><LI><a href="#[d3]">&gt;&gt;</a>&nbsp;&nbsp;&nbsp;prints
<LI><a href="#[d4]">&gt;&gt;</a>&nbsp;&nbsp;&nbsp;printi
<LI><a href="#[d2]">&gt;&gt;</a>&nbsp;&nbsp;&nbsp;print
</UL>

<P><STRONG><a name="[d4]"></a>printi</STRONG> (Thumb, 186 bytes, Stack size 72 bytes, printf-stdarg.o(i.printi))
<BR><BR>[Stack]<UL><LI>Max Depth = 136<LI>Call Chain = printi &rArr; prints &rArr; printchar &rArr; putchar &rArr; fputc
</UL>
<BR>[Calls]<UL><LI><a href="#[d3]">&gt;&gt;</a>&nbsp;&nbsp;&nbsp;prints
<LI><a href="#[d5]">&gt;&gt;</a>&nbsp;&nbsp;&nbsp;printchar
</UL>
<BR>[Called By]<UL><LI><a href="#[d2]">&gt;&gt;</a>&nbsp;&nbsp;&nbsp;print
</UL>

<P><STRONG><a name="[d3]"></a>prints</STRONG> (Thumb, 128 bytes, Stack size 32 bytes, printf-stdarg.o(i.prints))
<BR><BR>[Stack]<UL><LI>Max Depth = 64<LI>Call Chain = prints &rArr; printchar &rArr; putchar &rArr; fputc
</UL>
<BR>[Calls]<UL><LI><a href="#[d5]">&gt;&gt;</a>&nbsp;&nbsp;&nbsp;printchar
</UL>
<BR>[Called By]<UL><LI><a href="#[d4]">&gt;&gt;</a>&nbsp;&nbsp;&nbsp;printi
<LI><a href="#[d2]">&gt;&gt;</a>&nbsp;&nbsp;&nbsp;print
</UL>

<P><STRONG><a name="[110]"></a>_dadd1</STRONG> (Thumb, 0 bytes, Stack size unknown bytes, daddsub_clz.o(x$fpl$dadd), UNUSED)
<BR><BR>[Called By]<UL><LI><a href="#[10f]">&gt;&gt;</a>&nbsp;&nbsp;&nbsp;_dsub
</UL>

<P><STRONG><a name="[10c]"></a>_dsub1</STRONG> (Thumb, 0 bytes, Stack size unknown bytes, daddsub_clz.o(x$fpl$dsub), UNUSED)
<BR><BR>[Called By]<UL><LI><a href="#[10b]">&gt;&gt;</a>&nbsp;&nbsp;&nbsp;_dadd
</UL>
<P>
<H3>
Undefined Global Symbols
</H3><HR></body></html>
